Archive member included to satisfy reference by file (symbol)

C:/ST/STM32CubeIDE_1.13.1/STM32CubeIDE/plugins/com.st.stm32cube.ide.mcu.externaltools.gnu-tools-for-stm32.12.3.rel1.win32_1.0.100.202403111256/tools/bin/../lib/gcc/arm-none-eabi/12.3.1/../../../../arm-none-eabi/lib/thumb/v7-m/nofp\libc_nano.a(libc_a-exit.o)
                              C:/ST/STM32CubeIDE_1.13.1/STM32CubeIDE/plugins/com.st.stm32cube.ide.mcu.externaltools.gnu-tools-for-stm32.12.3.rel1.win32_1.0.100.202403111256/tools/bin/../lib/gcc/arm-none-eabi/12.3.1/../../../../arm-none-eabi/lib/thumb/v7-m/nofp/crt0.o (exit)
C:/ST/STM32CubeIDE_1.13.1/STM32CubeIDE/plugins/com.st.stm32cube.ide.mcu.externaltools.gnu-tools-for-stm32.12.3.rel1.win32_1.0.100.202403111256/tools/bin/../lib/gcc/arm-none-eabi/12.3.1/../../../../arm-none-eabi/lib/thumb/v7-m/nofp\libc_nano.a(libc_a-findfp.o)
                              C:/ST/STM32CubeIDE_1.13.1/STM32CubeIDE/plugins/com.st.stm32cube.ide.mcu.externaltools.gnu-tools-for-stm32.12.3.rel1.win32_1.0.100.202403111256/tools/bin/../lib/gcc/arm-none-eabi/12.3.1/../../../../arm-none-eabi/lib/thumb/v7-m/nofp\libc_nano.a(libc_a-exit.o) (__stdio_exit_handler)
C:/ST/STM32CubeIDE_1.13.1/STM32CubeIDE/plugins/com.st.stm32cube.ide.mcu.externaltools.gnu-tools-for-stm32.12.3.rel1.win32_1.0.100.202403111256/tools/bin/../lib/gcc/arm-none-eabi/12.3.1/../../../../arm-none-eabi/lib/thumb/v7-m/nofp\libc_nano.a(libc_a-fwalk.o)
                              C:/ST/STM32CubeIDE_1.13.1/STM32CubeIDE/plugins/com.st.stm32cube.ide.mcu.externaltools.gnu-tools-for-stm32.12.3.rel1.win32_1.0.100.202403111256/tools/bin/../lib/gcc/arm-none-eabi/12.3.1/../../../../arm-none-eabi/lib/thumb/v7-m/nofp\libc_nano.a(libc_a-findfp.o) (_fwalk_sglue)
C:/ST/STM32CubeIDE_1.13.1/STM32CubeIDE/plugins/com.st.stm32cube.ide.mcu.externaltools.gnu-tools-for-stm32.12.3.rel1.win32_1.0.100.202403111256/tools/bin/../lib/gcc/arm-none-eabi/12.3.1/../../../../arm-none-eabi/lib/thumb/v7-m/nofp\libc_nano.a(libc_a-printf.o)
                              ./Src/APP/Src/SysInit.o (printf)
C:/ST/STM32CubeIDE_1.13.1/STM32CubeIDE/plugins/com.st.stm32cube.ide.mcu.externaltools.gnu-tools-for-stm32.12.3.rel1.win32_1.0.100.202403111256/tools/bin/../lib/gcc/arm-none-eabi/12.3.1/../../../../arm-none-eabi/lib/thumb/v7-m/nofp\libc_nano.a(libc_a-stdio.o)
                              C:/ST/STM32CubeIDE_1.13.1/STM32CubeIDE/plugins/com.st.stm32cube.ide.mcu.externaltools.gnu-tools-for-stm32.12.3.rel1.win32_1.0.100.202403111256/tools/bin/../lib/gcc/arm-none-eabi/12.3.1/../../../../arm-none-eabi/lib/thumb/v7-m/nofp\libc_nano.a(libc_a-findfp.o) (__sread)
C:/ST/STM32CubeIDE_1.13.1/STM32CubeIDE/plugins/com.st.stm32cube.ide.mcu.externaltools.gnu-tools-for-stm32.12.3.rel1.win32_1.0.100.202403111256/tools/bin/../lib/gcc/arm-none-eabi/12.3.1/../../../../arm-none-eabi/lib/thumb/v7-m/nofp\libc_nano.a(libc_a-memset.o)
                              C:/ST/STM32CubeIDE_1.13.1/STM32CubeIDE/plugins/com.st.stm32cube.ide.mcu.externaltools.gnu-tools-for-stm32.12.3.rel1.win32_1.0.100.202403111256/tools/bin/../lib/gcc/arm-none-eabi/12.3.1/../../../../arm-none-eabi/lib/thumb/v7-m/nofp/crt0.o (memset)
C:/ST/STM32CubeIDE_1.13.1/STM32CubeIDE/plugins/com.st.stm32cube.ide.mcu.externaltools.gnu-tools-for-stm32.12.3.rel1.win32_1.0.100.202403111256/tools/bin/../lib/gcc/arm-none-eabi/12.3.1/../../../../arm-none-eabi/lib/thumb/v7-m/nofp\libc_nano.a(libc_a-closer.o)
                              C:/ST/STM32CubeIDE_1.13.1/STM32CubeIDE/plugins/com.st.stm32cube.ide.mcu.externaltools.gnu-tools-for-stm32.12.3.rel1.win32_1.0.100.202403111256/tools/bin/../lib/gcc/arm-none-eabi/12.3.1/../../../../arm-none-eabi/lib/thumb/v7-m/nofp\libc_nano.a(libc_a-stdio.o) (_close_r)
C:/ST/STM32CubeIDE_1.13.1/STM32CubeIDE/plugins/com.st.stm32cube.ide.mcu.externaltools.gnu-tools-for-stm32.12.3.rel1.win32_1.0.100.202403111256/tools/bin/../lib/gcc/arm-none-eabi/12.3.1/../../../../arm-none-eabi/lib/thumb/v7-m/nofp\libc_nano.a(libc_a-reent.o)
                              C:/ST/STM32CubeIDE_1.13.1/STM32CubeIDE/plugins/com.st.stm32cube.ide.mcu.externaltools.gnu-tools-for-stm32.12.3.rel1.win32_1.0.100.202403111256/tools/bin/../lib/gcc/arm-none-eabi/12.3.1/../../../../arm-none-eabi/lib/thumb/v7-m/nofp\libc_nano.a(libc_a-closer.o) (errno)
C:/ST/STM32CubeIDE_1.13.1/STM32CubeIDE/plugins/com.st.stm32cube.ide.mcu.externaltools.gnu-tools-for-stm32.12.3.rel1.win32_1.0.100.202403111256/tools/bin/../lib/gcc/arm-none-eabi/12.3.1/../../../../arm-none-eabi/lib/thumb/v7-m/nofp\libc_nano.a(libc_a-impure.o)
                              C:/ST/STM32CubeIDE_1.13.1/STM32CubeIDE/plugins/com.st.stm32cube.ide.mcu.externaltools.gnu-tools-for-stm32.12.3.rel1.win32_1.0.100.202403111256/tools/bin/../lib/gcc/arm-none-eabi/12.3.1/../../../../arm-none-eabi/lib/thumb/v7-m/nofp\libc_nano.a(libc_a-printf.o) (_impure_ptr)
[...]
Memory Configuration

Name             Origin             Length             Attributes
RAM              0x20000000         0x00005000         xrw
FLASH            0x08000000         0x00010000         xr
*default*        0x00000000         0xffffffff

Linker script and memory map

LOAD C:/ST/STM32CubeIDE_1.13.1/STM32CubeIDE/plugins/com.st.stm32cube.ide.mcu.externaltools.gnu-tools-for-stm32.12.3.rel1.win32_1.0.100.202403111256/tools/bin/../lib/gcc/arm-none-eabi/12.3.1/thumb/v7-m/nofp/crti.o
LOAD C:/ST/STM32CubeIDE_1.13.1/STM32CubeIDE/plugins/com.st.stm32cube.ide.mcu.externaltools.gnu-tools-for-stm32.12.3.rel1.win32_1.0.100.202403111256/tools/bin/../lib/gcc/arm-none-eabi/12.3.1/thumb/v7-m/nofp/crtbegin.o
LOAD C:/ST/STM32CubeIDE_1.13.1/STM32CubeIDE/plugins/com.st.stm32cube.ide.mcu.externaltools.gnu-tools-for-stm32.12.3.rel1.win32_1.0.100.202403111256/tools/bin/../lib/gcc/arm-none-eabi/12.3.1/../../../../arm-none-eabi/lib/thumb/v7-m/nofp/crt0.o
LOAD ./Src/APP/Src/ACC.o
LOAD ./Src/APP/Src/AEB.o
LOAD ./Src/APP/Src/BlindSpot.o
LOAD ./Src/APP/Src/Initialize_file_M3.o
LOAD ./Src/APP/Src/LKAS.o
LOAD ./Src/APP/Src/SysInit.o
LOAD ./Src/Free_RTOS/croutine.o
LOAD ./Src/Free_RTOS/event_groups.o
LOAD ./Src/Free_RTOS/list.o
LOAD ./Src/Free_RTOS/queue.o
LOAD ./Src/Free_RTOS/stream_buffer.o
LOAD ./Src/Free_RTOS/tasks.o
LOAD ./Src/Free_RTOS/timers.o
LOAD ./Src/Free_RTOS/portable/GCC/ARM_CM3/port.o
LOAD ./Src/Free_RTOS/portable/MemMang/heap_4.o
LOAD ./Src/HAL/src/BUZZER.o
LOAD ./Src/HAL/src/Motor.o
LOAD ./Src/HAL/src/SERVO.o
LOAD ./Src/MCAL/src/misc.o
LOAD ./Src/MCAL/src/stm32f10x_adc.o
LOAD ./Src/MCAL/src/stm32f10x_bkp.o
LOAD ./Src/MCAL/src/stm32f10x_can.o
LOAD ./Src/MCAL/src/stm32f10x_cec.o
LOAD ./Src/MCAL/src/stm32f10x_crc.o
LOAD ./Src/MCAL/src/stm32f10x_dac.o
LOAD ./Src/MCAL/src/stm32f10x_dbgmcu.o
LOAD ./Src/MCAL/src/stm32f10x_dma.o
LOAD ./Src/MCAL/src/stm32f10x_exti.o
LOAD ./Src/MCAL/src/stm32f10x_flash.o
LOAD ./Src/MCAL/src/stm32f10x_fsmc.o
LOAD ./Src/MCAL/src/stm32f10x_gpio.o
LOAD ./Src/MCAL/src/stm32f10x_i2c.o
LOAD ./Src/MCAL/src/stm32f10x_iwdg.o
LOAD ./Src/MCAL/src/stm32f10x_pwr.o
LOAD ./Src/MCAL/src/stm32f10x_rcc.o
LOAD ./Src/MCAL/src/stm32f10x_rtc.o
LOAD ./Src/MCAL/src/stm32f10x_sdio.o
LOAD ./Src/MCAL/src/stm32f10x_spi.o
LOAD ./Src/MCAL/src/stm32f10x_tim.o
LOAD ./Src/MCAL/src/stm32f10x_usart.o
LOAD ./Src/MCAL/src/stm32f10x_wwdg.o
LOAD ./Src/core_cm3.o
LOAD ./Src/main.o
LOAD ./Src/stm32f10x_it.o
LOAD ./Src/syscalls.o
LOAD ./Src/sysmem.o
LOAD ./Src/system_stm32f10x.o
LOAD ./Startup/startup_stm32f103c8tx.o
START GROUP
LOAD C:/ST/STM32CubeIDE_1.13.1/STM32CubeIDE/plugins/com.st.stm32cube.ide.mcu.externaltools.gnu-tools-for-stm32.12.3.rel1.win32_1.0.100.202403111256/tools/bin/../lib/gcc/arm-none-eabi/12.3.1/../../../../arm-none-eabi/lib/thumb/v7-m/nofp\libc_nano.a
LOAD C:/ST/STM32CubeIDE_1.13.1/STM32CubeIDE/plugins/com.st.stm32cube.ide.mcu.externaltools.gnu-tools-for-stm32.12.3.rel1.win32_1.0.100.202403111256/tools/bin/../lib/gcc/arm-none-eabi/12.3.1/../../../../arm-none-eabi/lib/thumb/v7-m/nofp\libm.a
END GROUP
START GROUP
LOAD C:/ST/STM32CubeIDE_1.13.1/STM32CubeIDE/plugins/com.st.stm32cube.ide.mcu.externaltools.gnu-tools-for-stm32.12.3.rel1.win32_1.0.100.202403111256/tools/bin/../lib/gcc/arm-none-eabi/12.3.1/thumb/v7-m/nofp\libgcc.a
LOAD C:/ST/STM32CubeIDE_1.13.1/STM32CubeIDE/plugins/com.st.stm32cube.ide.mcu.externaltools.gnu-tools-for-stm32.12.3.rel1.win32_1.0.100.202403111256/tools/bin/../lib/gcc/arm-none-eabi/12.3.1/../../../../arm-none-eabi/lib/thumb/v7-m/nofp\libc_nano.a
END GROUP
START GROUP
LOAD C:/ST/STM32CubeIDE_1.13.1/STM32CubeIDE/plugins/com.st.stm32cube.ide.mcu.externaltools.gnu-tools-for-stm32.12.3.rel1.win32_1.0.100.202403111256/tools/bin/../lib/gcc/arm-none-eabi/12.3.1/thumb/v7-m/nofp\libgcc.a
LOAD C:/ST/STM32CubeIDE_1.13.1/STM32CubeIDE/plugins/com.st.stm32cube.ide.mcu.externaltools.gnu-tools-for-stm32.12.3.rel1.win32_1.0.100.202403111256/tools/bin/../lib/gcc/arm-none-eabi/12.3.1/../../../../arm-none-eabi/lib/thumb/v7-m/nofp\libc_nano.a
LOAD C:/ST/STM32CubeIDE_1.13.1/STM32CubeIDE/plugins/com.st.stm32cube.ide.mcu.externaltools.gnu-tools-for-stm32.12.3.rel1.win32_1.0.100.202403111256/tools/bin/../lib/gcc/arm-none-eabi/12.3.1/../../../../arm-none-eabi/lib/thumb/v7-m/nofp\libnosys.a
END GROUP
START GROUP
LOAD C:/ST/STM32CubeIDE_1.13.1/STM32CubeIDE/plugins/com.st.stm32cube.ide.mcu.externaltools.gnu-tools-for-stm32.12.3.rel1.win32_1.0.100.202403111256/tools/bin/../lib/gcc/arm-none-eabi/12.3.1/thumb/v7-m/nofp\libgcc.a
LOAD C:/ST/STM32CubeIDE_1.13.1/STM32CubeIDE/plugins/com.st.stm32cube.ide.mcu.externaltools.gnu-tools-for-stm32.12.3.rel1.win32_1.0.100.202403111256/tools/bin/../lib/gcc/arm-none-eabi/12.3.1/../../../../arm-none-eabi/lib/thumb/v7-m/nofp\libc_nano.a
LOAD C:/ST/STM32CubeIDE_1.13.1/STM32CubeIDE/plugins/com.st.stm32cube.ide.mcu.externaltools.gnu-tools-for-stm32.12.3.rel1.win32_1.0.100.202403111256/tools/bin/../lib/gcc/arm-none-eabi/12.3.1/../../../../arm-none-eabi/lib/thumb/v7-m/nofp\libnosys.a
END GROUP
LOAD C:/ST/STM32CubeIDE_1.13.1/STM32CubeIDE/plugins/com.st.stm32cube.ide.mcu.externaltools.gnu-tools-for-stm32.12.3.rel1.win32_1.0.100.202403111256/tools/bin/../lib/gcc/arm-none-eabi/12.3.1/thumb/v7-m/nofp/crtend.o
LOAD C:/ST/STM32CubeIDE_1.13.1/STM32CubeIDE/plugins/com.st.stm32cube.ide.mcu.externaltools.gnu-tools-for-stm32.12.3.rel1.win32_1.0.100.202403111256/tools/bin/../lib/gcc/arm-none-eabi/12.3.1/thumb/v7-m/nofp/crtn.o
                0x20005000                        _estack = (ORIGIN (RAM) + LENGTH (RAM))
                0x00000200                        _Min_Heap_Size = 0x200
                0x00000400                        _Min_Stack_Size = 0x400

.isr_vector     0x08000000      0x130
                0x08000000                        . = ALIGN (0x4)
 *(.isr_vector)
 .isr_vector    0x08000000      0x130 ./Startup/startup_stm32f103c8tx.o
                0x08000000                g_pfnVectors
                0x08000130                        . = ALIGN (0x4)

.text           0x08000130     0x6ae0
                0x08000130                        . = ALIGN (0x4)
 *(.text)
 .text          0x08000130       0x40 C:/ST/STM32CubeIDE_1.13.1/STM32CubeIDE/plugins/com.st.stm32cube.ide.mcu.externaltools.gnu-tools-for-stm32.12.3.rel1.win32_1.0.100.202403111256/tools/bin/../lib/gcc/arm-none-eabi/12.3.1/thumb/v7-m/nofp/crtbegin.o
 .text          0x08000170      0x378 C:/ST/STM32CubeIDE_1.13.1/STM32CubeIDE/plugins/com.st.stm32cube.ide.mcu.externaltools.gnu-tools-for-stm32.12.3.rel1.win32_1.0.100.202403111256/tools/bin/../lib/gcc/arm-none-eabi/12.3.1/thumb/v7-m/nofp\libgcc.a(_arm_addsubdf3.o)
                0x08000170                __aeabi_drsub
                0x08000178                __aeabi_dsub
                0x08000178                __subdf3
                0x0800017c                __aeabi_dadd
                0x0800017c                __adddf3
                0x080003f4                __floatunsidf
                0x080003f4                __aeabi_ui2d
                0x08000414                __floatsidf
                0x08000414                __aeabi_i2d
                0x08000438                __aeabi_f2d
                0x08000438                __extendsfdf2
                0x0800047c                __floatundidf
                0x0800047c                __aeabi_ul2d
                0x0800048c                __floatdidf
                0x0800048c                __aeabi_l2d
 .text          0x080004e8      0x424 C:/ST/STM32CubeIDE_1.13.1/STM32CubeIDE/plugins/com.st.stm32cube.ide.mcu.externaltools.gnu-tools-for-stm32.12.3.rel1.win32_1.0.100.202403111256/tools/bin/../lib/gcc/arm-none-eabi/12.3.1/thumb/v7-m/nofp\libgcc.a(_arm_muldivdf3.o)
                0x080004e8                __aeabi_dmul
                0x080004e8                __muldf3
                0x0800073c                __divdf3
                0x0800073c                __aeabi_ddiv
 .text          0x0800090c       0x40 C:/ST/STM32CubeIDE_1.13.1/STM32CubeIDE/plugins/com.st.stm32cube.ide.mcu.externaltools.gnu-tools-for-stm32.12.3.rel1.win32_1.0.100.202403111256/tools/bin/../lib/gcc/arm-none-eabi/12.3.1/thumb/v7-m/nofp\libgcc.a(_arm_fixunsdfsi.o)
                0x0800090c                __aeabi_d2uiz
                0x0800090c                __fixunsdfsi
 .text          0x0800094c      0x21c C:/ST/STM32CubeIDE_1.13.1/STM32CubeIDE/plugins/com.st.stm32cube.ide.mcu.externaltools.gnu-tools-for-stm32.12.3.rel1.win32_1.0.100.202403111256/tools/bin/../lib/gcc/arm-none-eabi/12.3.1/thumb/v7-m/nofp\libgcc.a(_arm_addsubsf3.o)
                0x0800094c                __aeabi_frsub
                0x08000954                __subsf3
                0x08000954                __aeabi_fsub
                0x08000958                __aeabi_fadd
                0x08000958                __addsf3
                0x08000ab8                __aeabi_ui2f
                0x08000ab8                __floatunsisf
                0x08000ac0                __aeabi_i2f
                0x08000ac0                __floatsisf
                0x08000adc                __aeabi_ul2f
                0x08000adc                __floatundisf
                0x08000aec                __aeabi_l2f
                0x08000aec                __floatdisf
 .text          0x08000b68      0x2a0 C:/ST/STM32CubeIDE_1.13.1/STM32CubeIDE/plugins/com.st.stm32cube.ide.mcu.externaltools.gnu-tools-for-stm32.12.3.rel1.win32_1.0.100.202403111256/tools/bin/../lib/gcc/arm-none-eabi/12.3.1/thumb/v7-m/nofp\libgcc.a(_arm_muldivsf3.o)
                0x08000b68                __mulsf3
                0x08000b68                __aeabi_fmul
                0x08000cd0                __aeabi_fdiv
                0x08000cd0                __divsf3
 .text          0x08000e08       0x40 C:/ST/STM32CubeIDE_1.13.1/STM32CubeIDE/plugins/com.st.stm32cube.ide.mcu.externaltools.gnu-tools-for-stm32.12.3.rel1.win32_1.0.100.202403111256/tools/bin/../lib/gcc/arm-none-eabi/12.3.1/thumb/v7-m/nofp\libgcc.a(_arm_fixunssfsi.o)
                0x08000e08                __fixunssfsi
                0x08000e08                __aeabi_f2uiz
 *(.text*)
 .text.vACC_Init
                0x08000e48       0x60 ./Src/APP/Src/ACC.o
                0x08000e48                vACC_Init
 .text.vACC_Task
                0x08000ea8      0x158 ./Src/APP/Src/ACC.o
                0x08000ea8                vACC_Task
 .text.vACC_Sign
                0x08001000       0x64 ./Src/APP/Src/ACC.o
                0x08001000                vACC_Sign
 .text.vAEB_Init
                0x08001064       0xc4 ./Src/APP/Src/AEB.o
                0x08001064                vAEB_Init
 .text.vAEB_Task
                0x08001128      0x16c ./Src/APP/Src/AEB.o
                0x08001128                vAEB_Task
 .text.vCar_Task
                0x08001294       0xc4 ./Src/APP/Src/AEB.o
                0x08001294                vCar_Task
 .text.vCalculations_Task
                0x08001358      0x17c ./Src/APP/Src/AEB.o
                0x08001358                vCalculations_Task
 .text.BS_ReturnTypeBS_Init
                0x080014d4       0x24 ./Src/APP/Src/BlindSpot.o
                0x080014d4                BS_ReturnTypeBS_Init
 .text.NBS_ReturnType_e_CreateBlindSpotTasks
                0x080014f8       0x8c ./Src/APP/Src/BlindSpot.o
 .text.NBS_ReturnType_e_CreateBlindSpotSemaphores
                0x08001584       0x8c ./Src/APP/Src/BlindSpot.o
 .text.vRightAreaHandler
                0x08001610       0xe8 ./Src/APP/Src/BlindSpot.o
                0x08001610                vRightAreaHandler
 .text.vLeftAreaHandler
                0x080016f8       0xe8 ./Src/APP/Src/BlindSpot.o
                0x080016f8                vLeftAreaHandler
 .text.TurnSignalWarningTwo
                0x080017e0       0xf8 ./Src/APP/Src/BlindSpot.o
                0x080017e0                TurnSignalWarningTwo
 .text.NVIC_EnableIRQ
                0x080018d8       0x30 ./Src/APP/Src/Initialize_file_M3.o
 .text.Bluetooth_Init
                0x08001908      0x128 ./Src/APP/Src/Initialize_file_M3.o
                0x08001908                Bluetooth_Init
 .text.SPIDev_Init
                0x08001a30      0x10c ./Src/APP/Src/Initialize_file_M3.o
                0x08001a30                SPIDev_Init
 .text.Car_Init
                0x08001b3c       0x74 ./Src/APP/Src/Initialize_file_M3.o
                0x08001b3c                Car_Init
 .text.Error_type_t_LKASInit
                0x08001bb0       0x1c ./Src/APP/Src/LKAS.o
                0x08001bb0                Error_type_t_LKASInit
 .text.NError_type_e_LKAS_CreateTasks
                0x08001bcc       0x74 ./Src/APP/Src/LKAS.o
 .text.vTaskLDW
                0x08001c40       0xa8 ./Src/APP/Src/LKAS.o
                0x08001c40                vTaskLDW
 .text.vTaskLKAS
                0x08001ce8       0xfc ./Src/APP/Src/LKAS.o
                0x08001ce8                vTaskLKAS
 .text.SysInit  0x08001de4       0x88 ./Src/APP/Src/SysInit.o
                0x08001de4                SysInit
 .text.vSysInit_CreateSemaphore
                0x08001e6c      0x114 ./Src/APP/Src/SysInit.o
 .text.vSysInit_CreateQueues
                0x08001f80       0x34 ./Src/APP/Src/SysInit.o
 .text.vSysInit_CreateTasks
                0x08001fb4       0x16 ./Src/APP/Src/SysInit.o
 *fill*         0x08001fca        0x2 
 .text.SysInit_CreateEventGroups
                0x08001fcc       0x30 ./Src/APP/Src/SysInit.o
 .text.vReadDataFromM4
                0x08001ffc       0x30 ./Src/APP/Src/SysInit.o
                0x08001ffc                vReadDataFromM4
 .text.USART3_IRQHandler
                0x0800202c      0x3e4 ./Src/APP/Src/SysInit.o
                0x0800202c                USART3_IRQHandler
 .text.xEventGroupCreate
                0x08002410       0x2e ./Src/Free_RTOS/event_groups.o
                0x08002410                xEventGroupCreate
 .text.xEventGroupClearBits
                0x0800243e       0x34 ./Src/Free_RTOS/event_groups.o
                0x0800243e                xEventGroupClearBits
 .text.xEventGroupSetBits
                0x08002472       0xda ./Src/Free_RTOS/event_groups.o
                0x08002472                xEventGroupSetBits
 .text.vListInitialise
                0x0800254c       0x3e ./Src/Free_RTOS/list.o
                0x0800254c                vListInitialise
 .text.vListInitialiseItem
                0x0800258a       0x18 ./Src/Free_RTOS/list.o
                0x0800258a                vListInitialiseItem
 .text.vListInsertEnd
                0x080025a2       0x46 ./Src/Free_RTOS/list.o
                0x080025a2                vListInsertEnd
 .text.vListInsert
                0x080025e8       0x70 ./Src/Free_RTOS/list.o
                0x080025e8                vListInsert
 .text.uxListRemove
                0x08002658       0x52 ./Src/Free_RTOS/list.o
                0x08002658                uxListRemove
 .text.xQueueGenericReset
                0x080026aa       0xcc ./Src/Free_RTOS/queue.o
                0x080026aa                xQueueGenericReset
 .text.xQueueGenericCreate
                0x08002776       0x7e ./Src/Free_RTOS/queue.o
                0x08002776                xQueueGenericCreate
 .text.prvInitialiseNewQueue
                0x080027f4       0x3e ./Src/Free_RTOS/queue.o
 *fill*         0x08002832        0x2 
 .text.xQueueGenericSend
                0x08002834      0x124 ./Src/Free_RTOS/queue.o
                0x08002834                xQueueGenericSend
 .text.xQueueSemaphoreTake
                0x08002958      0x124 ./Src/Free_RTOS/queue.o
                0x08002958                xQueueSemaphoreTake
 .text.prvCopyDataToQueue
                0x08002a7c       0xb8 ./Src/Free_RTOS/queue.o
 .text.prvUnlockQueue
                0x08002b34       0xa4 ./Src/Free_RTOS/queue.o
 .text.prvIsQueueEmpty
                0x08002bd8       0x2c ./Src/Free_RTOS/queue.o
 .text.prvIsQueueFull
                0x08002c04       0x30 ./Src/Free_RTOS/queue.o
 .text.xTaskCreate
                0x08002c34       0x82 ./Src/Free_RTOS/tasks.o
                0x08002c34                xTaskCreate
 .text.prvInitialiseNewTask
                0x08002cb6      0x100 ./Src/Free_RTOS/tasks.o
 *fill*         0x08002db6        0x2 
 .text.prvAddNewTaskToReadyList
                0x08002db8      0x108 ./Src/Free_RTOS/tasks.o
 .text.vTaskDelay
                0x08002ec0       0x48 ./Src/Free_RTOS/tasks.o
                0x08002ec0                vTaskDelay
 .text.vTaskSuspend
                0x08002f08      0x11c ./Src/Free_RTOS/tasks.o
                0x08002f08                vTaskSuspend
 .text.prvTaskIsTaskSuspended
                0x08003024       0x44 ./Src/Free_RTOS/tasks.o
 .text.vTaskResume
                0x08003068       0xd0 ./Src/Free_RTOS/tasks.o
                0x08003068                vTaskResume
 .text.xTaskResumeFromISR
                0x08003138      0x11c ./Src/Free_RTOS/tasks.o
                0x08003138                xTaskResumeFromISR
 .text.vTaskStartScheduler
                0x08003254       0x78 ./Src/Free_RTOS/tasks.o
                0x08003254                vTaskStartScheduler
 .text.vTaskSuspendAll
                0x080032cc       0x1c ./Src/Free_RTOS/tasks.o
                0x080032cc                vTaskSuspendAll
 .text.xTaskResumeAll
                0x080032e8      0x1bc ./Src/Free_RTOS/tasks.o
                0x080032e8                xTaskResumeAll
 .text.xTaskIncrementTick
                0x080034a4      0x1c8 ./Src/Free_RTOS/tasks.o
                0x080034a4                xTaskIncrementTick
 .text.vTaskSwitchContext
                0x0800366c       0x8c ./Src/Free_RTOS/tasks.o
                0x0800366c                vTaskSwitchContext
 .text.vTaskPlaceOnEventList
                0x080036f8       0x2c ./Src/Free_RTOS/tasks.o
                0x080036f8                vTaskPlaceOnEventList
 .text.xTaskRemoveFromEventList
                0x08003724      0x190 ./Src/Free_RTOS/tasks.o
                0x08003724                xTaskRemoveFromEventList
 .text.vTaskRemoveFromUnorderedEventList
                0x080038b4      0x140 ./Src/Free_RTOS/tasks.o
                0x080038b4                vTaskRemoveFromUnorderedEventList
 .text.vTaskInternalSetTimeOutState
                0x080039f4       0x2c ./Src/Free_RTOS/tasks.o
                0x080039f4                vTaskInternalSetTimeOutState
 .text.xTaskCheckForTimeOut
                0x08003a20       0x94 ./Src/Free_RTOS/tasks.o
                0x08003a20                xTaskCheckForTimeOut
 .text.vTaskMissedYield
                0x08003ab4       0x18 ./Src/Free_RTOS/tasks.o
                0x08003ab4                vTaskMissedYield
 .text.prvIdleTask
                0x08003acc       0x24 ./Src/Free_RTOS/tasks.o
 .text.prvInitialiseTaskLists
                0x08003af0       0x80 ./Src/Free_RTOS/tasks.o
 .text.prvCheckTasksWaitingTermination
                0x08003b70       0x5c ./Src/Free_RTOS/tasks.o
 .text.prvTaskCheckFreeStackSpace
                0x08003bcc       0x36 ./Src/Free_RTOS/tasks.o
 *fill*         0x08003c02        0x2 
 .text.uxTaskGetStackHighWaterMark
                0x08003c04       0x38 ./Src/Free_RTOS/tasks.o
                0x08003c04                uxTaskGetStackHighWaterMark
 .text.prvDeleteTCB
                0x08003c3c       0x20 ./Src/Free_RTOS/tasks.o
 .text.prvResetNextTaskUnblockTime
                0x08003c5c       0x34 ./Src/Free_RTOS/tasks.o
 .text.prvAddCurrentTaskToDelayedList
                0x08003c90      0x100 ./Src/Free_RTOS/tasks.o
 .text.pxPortInitialiseStack
                0x08003d90       0x58 ./Src/Free_RTOS/portable/GCC/ARM_CM3/port.o
                0x08003d90                pxPortInitialiseStack
 .text.prvTaskExitError
                0x08003de8       0x32 ./Src/Free_RTOS/portable/GCC/ARM_CM3/port.o
 *fill*         0x08003e1a        0x6 
 .text.SVC_Handler
                0x08003e20       0x28 ./Src/Free_RTOS/portable/GCC/ARM_CM3/port.o
                0x08003e20                SVC_Handler
 .text.prvPortStartFirstTask
                0x08003e48       0x24 ./Src/Free_RTOS/portable/GCC/ARM_CM3/port.o
 .text.xPortStartScheduler
                0x08003e6c       0x40 ./Src/Free_RTOS/portable/GCC/ARM_CM3/port.o
                0x08003e6c                xPortStartScheduler
 .text.vPortEnterCritical
                0x08003eac       0x34 ./Src/Free_RTOS/portable/GCC/ARM_CM3/port.o
                0x08003eac                vPortEnterCritical
 .text.vPortExitCritical
                0x08003ee0       0x34 ./Src/Free_RTOS/portable/GCC/ARM_CM3/port.o
                0x08003ee0                vPortExitCritical
 *fill*         0x08003f14        0xc 
 .text.PendSV_Handler
                0x08003f20       0x48 ./Src/Free_RTOS/portable/GCC/ARM_CM3/port.o
                0x08003f20                PendSV_Handler
 .text.SysTick_Handler
                0x08003f68       0x44 ./Src/Free_RTOS/portable/GCC/ARM_CM3/port.o
                0x08003f68                SysTick_Handler
 .text.vPortSetupTimerInterrupt
                0x08003fac       0x34 ./Src/Free_RTOS/portable/GCC/ARM_CM3/port.o
                0x08003fac                vPortSetupTimerInterrupt
 .text.pvPortMalloc
                0x08003fe0      0x15c ./Src/Free_RTOS/portable/MemMang/heap_4.o
                0x08003fe0                pvPortMalloc
 .text.vPortFree
                0x0800413c       0x80 ./Src/Free_RTOS/portable/MemMang/heap_4.o
                0x0800413c                vPortFree
 .text.prvHeapInit
                0x080041bc       0xc4 ./Src/Free_RTOS/portable/MemMang/heap_4.o
 .text.prvInsertBlockIntoFreeList
                0x08004280       0xb0 ./Src/Free_RTOS/portable/MemMang/heap_4.o
 .text.BUZZER_Init
                0x08004330       0x34 ./Src/HAL/src/BUZZER.o
                0x08004330                BUZZER_Init
 .text.BUZZER_on
                0x08004364       0x20 ./Src/HAL/src/BUZZER.o
                0x08004364                BUZZER_on
 .text.BUZZER_off
                0x08004384       0x20 ./Src/HAL/src/BUZZER.o
                0x08004384                BUZZER_off
 .text.Motor_Init
                0x080043a4      0x288 ./Src/HAL/src/Motor.o
                0x080043a4                Motor_Init
 *fill*         0x0800462c        0x4 
 .text.Motor_SetSpeed
                0x08004630       0xb8 ./Src/HAL/src/Motor.o
                0x08004630                Motor_SetSpeed
 .text.Motor_SetCarDir
                0x080046e8      0x240 ./Src/HAL/src/Motor.o
                0x080046e8                Motor_SetCarDir
 .text.SERVO_Init
                0x08004928      0x1f8 ./Src/HAL/src/SERVO.o
                0x08004928                SERVO_Init
 .text.SERVO_MoveTo
                0x08004b20       0xd8 ./Src/HAL/src/SERVO.o
                0x08004b20                SERVO_MoveTo
 .text.NVIC_Init
                0x08004bf8       0xc4 ./Src/MCAL/src/misc.o
                0x08004bf8                NVIC_Init
 .text.GPIO_Init
                0x08004cbc      0x178 ./Src/MCAL/src/stm32f10x_gpio.o
                0x08004cbc                GPIO_Init
 .text.GPIO_ReadOutputDataBit
                0x08004e34       0x32 ./Src/MCAL/src/stm32f10x_gpio.o
                0x08004e34                GPIO_ReadOutputDataBit
 .text.GPIO_SetBits
                0x08004e66       0x1c ./Src/MCAL/src/stm32f10x_gpio.o
                0x08004e66                GPIO_SetBits
 .text.GPIO_ResetBits
                0x08004e82       0x1c ./Src/MCAL/src/stm32f10x_gpio.o
                0x08004e82                GPIO_ResetBits
 .text.GPIO_WriteBit
                0x08004e9e       0x2e ./Src/MCAL/src/stm32f10x_gpio.o
                0x08004e9e                GPIO_WriteBit
 .text.RCC_GetClocksFreq
                0x08004ecc      0x16c ./Src/MCAL/src/stm32f10x_rcc.o
                0x08004ecc                RCC_GetClocksFreq
 .text.RCC_APB2PeriphClockCmd
                0x08005038       0x3c ./Src/MCAL/src/stm32f10x_rcc.o
                0x08005038                RCC_APB2PeriphClockCmd
 .text.RCC_APB1PeriphClockCmd
                0x08005074       0x3c ./Src/MCAL/src/stm32f10x_rcc.o
                0x08005074                RCC_APB1PeriphClockCmd
 .text.SPI_Init
                0x080050b0       0x8c ./Src/MCAL/src/stm32f10x_spi.o
                0x080050b0                SPI_Init
 .text.SPI_Cmd  0x0800513c       0x3e ./Src/MCAL/src/stm32f10x_spi.o
                0x0800513c                SPI_Cmd
 .text.SPI_I2S_ITConfig
                0x0800517a       0x60 ./Src/MCAL/src/stm32f10x_spi.o
                0x0800517a                SPI_I2S_ITConfig
 .text.SPI_I2S_SendData
                0x080051da       0x3e ./Src/MCAL/src/stm32f10x_spi.o
                0x080051da                SPI_I2S_SendData
 .text.SPI_I2S_ReceiveData
                0x08005218       0x18 ./Src/MCAL/src/stm32f10x_spi.o
                0x08005218                SPI_I2S_ReceiveData
 .text.SPI_SSOutputCmd
                0x08005230       0x3e ./Src/MCAL/src/stm32f10x_spi.o
                0x08005230                SPI_SSOutputCmd
 *fill*         0x0800526e        0x2 
 .text.TIM_OC1Init
                0x08005270      0x118 ./Src/MCAL/src/stm32f10x_tim.o
                0x08005270                TIM_OC1Init
 .text.TIM_OC2Init
                0x08005388      0x110 ./Src/MCAL/src/stm32f10x_tim.o
                0x08005388                TIM_OC2Init
 .text.TIM_OC3Init
                0x08005498      0x10c ./Src/MCAL/src/stm32f10x_tim.o
                0x08005498                TIM_OC3Init
 .text.TIM_OC4Init
                0x080055a4       0xd0 ./Src/MCAL/src/stm32f10x_tim.o
                0x080055a4                TIM_OC4Init
 .text.TIM_Cmd  0x08005674       0x3e ./Src/MCAL/src/stm32f10x_tim.o
                0x08005674                TIM_Cmd
 .text.TIM_InternalClockConfig
                0x080056b2       0x22 ./Src/MCAL/src/stm32f10x_tim.o
                0x080056b2                TIM_InternalClockConfig
 .text.TIM_PrescalerConfig
                0x080056d4       0x26 ./Src/MCAL/src/stm32f10x_tim.o
                0x080056d4                TIM_PrescalerConfig
 .text.TIM_CounterModeConfig
                0x080056fa       0x36 ./Src/MCAL/src/stm32f10x_tim.o
                0x080056fa                TIM_CounterModeConfig
 .text.TIM_CCxCmd
                0x08005730       0x54 ./Src/MCAL/src/stm32f10x_tim.o
                0x08005730                TIM_CCxCmd
 .text.TIM_SetAutoreload
                0x08005784       0x1c ./Src/MCAL/src/stm32f10x_tim.o
                0x08005784                TIM_SetAutoreload
 .text.TIM_SetCompare1
                0x080057a0       0x1c ./Src/MCAL/src/stm32f10x_tim.o
                0x080057a0                TIM_SetCompare1
 .text.TIM_SetCompare2
                0x080057bc       0x1c ./Src/MCAL/src/stm32f10x_tim.o
                0x080057bc                TIM_SetCompare2
 .text.TIM_SetCompare3
                0x080057d8       0x1c ./Src/MCAL/src/stm32f10x_tim.o
                0x080057d8                TIM_SetCompare3
 .text.TIM_SetCompare4
                0x080057f4       0x1e ./Src/MCAL/src/stm32f10x_tim.o
                0x080057f4                TIM_SetCompare4
 *fill*         0x08005812        0x2 
 .text.USART_Init
                0x08005814      0x174 ./Src/MCAL/src/stm32f10x_usart.o
                0x08005814                USART_Init
 .text.USART_StructInit
                0x08005988       0x38 ./Src/MCAL/src/stm32f10x_usart.o
                0x08005988                USART_StructInit
 .text.USART_Cmd
                0x080059c0       0x3e ./Src/MCAL/src/stm32f10x_usart.o
                0x080059c0                USART_Cmd
 .text.USART_ITConfig
                0x080059fe       0x8e ./Src/MCAL/src/stm32f10x_usart.o
                0x080059fe                USART_ITConfig
 .text.USART_ReceiveData
                0x08005a8c       0x34 ./Src/MCAL/src/stm32f10x_usart.o
                0x08005a8c                USART_ReceiveData
 .text.main     0x08005ac0       0x20 ./Src/main.o
                0x08005ac0                main
 .text.NMI_Handler
                0x08005ae0        0xc ./Src/stm32f10x_it.o
                0x08005ae0                NMI_Handler
 .text.HardFault_Handler
                0x08005aec        0x8 ./Src/stm32f10x_it.o
                0x08005aec                HardFault_Handler
 .text.MemManage_Handler
                0x08005af4        0x8 ./Src/stm32f10x_it.o
                0x08005af4                MemManage_Handler
 .text.BusFault_Handler
                0x08005afc        0x8 ./Src/stm32f10x_it.o
                0x08005afc                BusFault_Handler
 .text.UsageFault_Handler
                0x08005b04        0x8 ./Src/stm32f10x_it.o
                0x08005b04                UsageFault_Handler
 .text.DebugMon_Handler
                0x08005b0c        0xc ./Src/stm32f10x_it.o
                0x08005b0c                DebugMon_Handler
 .text._read    0x08005b18       0x3a ./Src/syscalls.o
                0x08005b18                _read
 .text._write   0x08005b52       0x38 ./Src/syscalls.o
                0x08005b52                _write
 .text._close   0x08005b8a       0x16 ./Src/syscalls.o
                0x08005b8a                _close
 .text._fstat   0x08005ba0       0x1e ./Src/syscalls.o
                0x08005ba0                _fstat
 .text._isatty  0x08005bbe       0x14 ./Src/syscalls.o
                0x08005bbe                _isatty
 .text._lseek   0x08005bd2       0x18 ./Src/syscalls.o
                0x08005bd2                _lseek
 *fill*         0x08005bea        0x2 
 .text._sbrk    0x08005bec       0x6c ./Src/sysmem.o
                0x08005bec                _sbrk
 .text.SystemInit
                0x08005c58       0x68 ./Src/system_stm32f10x.o
                0x08005c58                SystemInit
 .text.SetSysClock
                0x08005cc0        0xc ./Src/system_stm32f10x.o
 .text.Reset_Handler
                0x08005ccc       0x50 ./Startup/startup_stm32f103c8tx.o
                0x08005ccc                Reset_Handler
 .text.Default_Handler
                0x08005d1c        0x2 ./Startup/startup_stm32f103c8tx.o
                0x08005d1c                EXTI2_IRQHandler
                0x08005d1c                TIM8_TRG_COM_IRQHandler
                0x08005d1c                TIM8_CC_IRQHandler
                0x08005d1c                TIM1_CC_IRQHandler
                0x08005d1c                TIM6_IRQHandler
                0x08005d1c                PVD_IRQHandler
                0x08005d1c                SDIO_IRQHandler
                0x08005d1c                EXTI3_IRQHandler
                0x08005d1c                USB_HP_CAN_TX_IRQHandler
                0x08005d1c                EXTI0_IRQHandler
                0x08005d1c                I2C2_EV_IRQHandler
                0x08005d1c                ADC1_2_IRQHandler
                0x08005d1c                SPI1_IRQHandler
                0x08005d1c                CAN_SCE_IRQHandler
                0x08005d1c                TAMPER_IRQHandler
                0x08005d1c                TIM8_UP_IRQHandler
                0x08005d1c                DMA2_Channel2_IRQHandler
                0x08005d1c                DMA1_Channel4_IRQHandler
                0x08005d1c                RTC_IRQHandler
                0x08005d1c                DMA1_Channel7_IRQHandler
                0x08005d1c                UART5_IRQHandler
                0x08005d1c                ADC3_IRQHandler
                0x08005d1c                TIM4_IRQHandler
                0x08005d1c                CAN_RX1_IRQHandler
                0x08005d1c                DMA2_Channel1_IRQHandler
                0x08005d1c                I2C1_EV_IRQHandler
                0x08005d1c                DMA1_Channel6_IRQHandler
                0x08005d1c                UART4_IRQHandler
                0x08005d1c                TIM3_IRQHandler
                0x08005d1c                RCC_IRQHandler
                0x08005d1c                TIM1_TRG_COM_IRQHandler
                0x08005d1c                DMA1_Channel1_IRQHandler
                0x08005d1c                Default_Handler
                0x08005d1c                EXTI15_10_IRQHandler
                0x08005d1c                TIM7_IRQHandler
                0x08005d1c                TIM5_IRQHandler
                0x08005d1c                EXTI9_5_IRQHandler
                0x08005d1c                SPI2_IRQHandler
                0x08005d1c                USB_LP_CAN_RX0_IRQHandler
                0x08005d1c                DMA1_Channel5_IRQHandler
                0x08005d1c                EXTI4_IRQHandler
                0x08005d1c                DMA1_Channel3_IRQHandler
                0x08005d1c                FSMC_IRQHandler
                0x08005d1c                TIM1_UP_IRQHandler
                0x08005d1c                WWDG_IRQHandler
                0x08005d1c                TIM2_IRQHandler
                0x08005d1c                TIM1_BRK_IRQHandler
                0x08005d1c                EXTI1_IRQHandler
                0x08005d1c                RTCAlarm_IRQHandler
                0x08005d1c                DMA2_Channel4_5_IRQHandler
                0x08005d1c                USART2_IRQHandler
                0x08005d1c                I2C2_ER_IRQHandler
                0x08005d1c                DMA1_Channel2_IRQHandler
                0x08005d1c                TIM8_BRK_IRQHandler
                0x08005d1c                FLASH_IRQHandler
                0x08005d1c                USART1_IRQHandler
                0x08005d1c                SPI3_IRQHandler
                0x08005d1c                I2C1_ER_IRQHandler
                0x08005d1c                DMA2_Channel3_IRQHandler
 *fill*         0x08005d1e        0x2 
 .text.std      0x08005d20       0x6c C:/ST/STM32CubeIDE_1.13.1/STM32CubeIDE/plugins/com.st.stm32cube.ide.mcu.externaltools.gnu-tools-for-stm32.12.3.rel1.win32_1.0.100.202403111256/tools/bin/../lib/gcc/arm-none-eabi/12.3.1/../../../../arm-none-eabi/lib/thumb/v7-m/nofp\libc_nano.a(libc_a-findfp.o)
 .text.stdio_exit_handler
                0x08005d8c       0x18 C:/ST/STM32CubeIDE_1.13.1/STM32CubeIDE/plugins/com.st.stm32cube.ide.mcu.externaltools.gnu-tools-for-stm32.12.3.rel1.win32_1.0.100.202403111256/tools/bin/../lib/gcc/arm-none-eabi/12.3.1/../../../../arm-none-eabi/lib/thumb/v7-m/nofp\libc_nano.a(libc_a-findfp.o)
 .text.cleanup_stdio
                0x08005da4       0x40 C:/ST/STM32CubeIDE_1.13.1/STM32CubeIDE/plugins/com.st.stm32cube.ide.mcu.externaltools.gnu-tools-for-stm32.12.3.rel1.win32_1.0.100.202403111256/tools/bin/../lib/gcc/arm-none-eabi/12.3.1/../../../../arm-none-eabi/lib/thumb/v7-m/nofp\libc_nano.a(libc_a-findfp.o)
 .text.global_stdio_init.part.0
                0x08005de4       0x3c C:/ST/STM32CubeIDE_1.13.1/STM32CubeIDE/plugins/com.st.stm32cube.ide.mcu.externaltools.gnu-tools-for-stm32.12.3.rel1.win32_1.0.100.202403111256/tools/bin/../lib/gcc/arm-none-eabi/12.3.1/../../../../arm-none-eabi/lib/thumb/v7-m/nofp\libc_nano.a(libc_a-findfp.o)
 .text.__sfp_lock_acquire
                0x08005e20        0xc C:/ST/STM32CubeIDE_1.13.1/STM32CubeIDE/plugins/com.st.stm32cube.ide.mcu.externaltools.gnu-tools-for-stm32.12.3.rel1.win32_1.0.100.202403111256/tools/bin/../lib/gcc/arm-none-eabi/12.3.1/../../../../arm-none-eabi/lib/thumb/v7-m/nofp\libc_nano.a(libc_a-findfp.o)
                0x08005e20                __sfp_lock_acquire
 .text.__sfp_lock_release
                0x08005e2c        0xc C:/ST/STM32CubeIDE_1.13.1/STM32CubeIDE/plugins/com.st.stm32cube.ide.mcu.externaltools.gnu-tools-for-stm32.12.3.rel1.win32_1.0.100.202403111256/tools/bin/../lib/gcc/arm-none-eabi/12.3.1/../../../../arm-none-eabi/lib/thumb/v7-m/nofp\libc_nano.a(libc_a-findfp.o)
                0x08005e2c                __sfp_lock_release
 .text.__sinit  0x08005e38       0x30 C:/ST/STM32CubeIDE_1.13.1/STM32CubeIDE/plugins/com.st.stm32cube.ide.mcu.externaltools.gnu-tools-for-stm32.12.3.rel1.win32_1.0.100.202403111256/tools/bin/../lib/gcc/arm-none-eabi/12.3.1/../../../../arm-none-eabi/lib/thumb/v7-m/nofp\libc_nano.a(libc_a-findfp.o)
                0x08005e38                __sinit
 .text._fwalk_sglue
                0x08005e68       0x3c C:/ST/STM32CubeIDE_1.13.1/STM32CubeIDE/plugins/com.st.stm32cube.ide.mcu.externaltools.gnu-tools-for-stm32.12.3.rel1.win32_1.0.100.202403111256/tools/bin/../lib/gcc/arm-none-eabi/12.3.1/../../../../arm-none-eabi/lib/thumb/v7-m/nofp\libc_nano.a(libc_a-fwalk.o)
                0x08005e68                _fwalk_sglue
 .text.printf   0x08005ea4       0x24 C:/ST/STM32CubeIDE_1.13.1/STM32CubeIDE/plugins/com.st.stm32cube.ide.mcu.externaltools.gnu-tools-for-stm32.12.3.rel1.win32_1.0.100.202403111256/tools/bin/../lib/gcc/arm-none-eabi/12.3.1/../../../../arm-none-eabi/lib/thumb/v7-m/nofp\libc_nano.a(libc_a-printf.o)
                0x08005ea4                iprintf
                0x08005ea4                printf
 .text.__sread  0x08005ec8       0x22 C:/ST/STM32CubeIDE_1.13.1/STM32CubeIDE/plugins/com.st.stm32cube.ide.mcu.externaltools.gnu-tools-for-stm32.12.3.rel1.win32_1.0.100.202403111256/tools/bin/../lib/gcc/arm-none-eabi/12.3.1/../../../../arm-none-eabi/lib/thumb/v7-m/nofp\libc_nano.a(libc_a-stdio.o)
                0x08005ec8                __sread
 .text.__swrite
                0x08005eea       0x38 C:/ST/STM32CubeIDE_1.13.1/STM32CubeIDE/plugins/com.st.stm32cube.ide.mcu.externaltools.gnu-tools-for-stm32.12.3.rel1.win32_1.0.100.202403111256/tools/bin/../lib/gcc/arm-none-eabi/12.3.1/../../../../arm-none-eabi/lib/thumb/v7-m/nofp\libc_nano.a(libc_a-stdio.o)
                0x08005eea                __swrite
 .text.__sseek  0x08005f22       0x24 C:/ST/STM32CubeIDE_1.13.1/STM32CubeIDE/plugins/com.st.stm32cube.ide.mcu.externaltools.gnu-tools-for-stm32.12.3.rel1.win32_1.0.100.202403111256/tools/bin/../lib/gcc/arm-none-eabi/12.3.1/../../../../arm-none-eabi/lib/thumb/v7-m/nofp\libc_nano.a(libc_a-stdio.o)
                0x08005f22                __sseek
 .text.__sclose
                0x08005f46        0x8 C:/ST/STM32CubeIDE_1.13.1/STM32CubeIDE/plugins/com.st.stm32cube.ide.mcu.externaltools.gnu-tools-for-stm32.12.3.rel1.win32_1.0.100.202403111256/tools/bin/../lib/gcc/arm-none-eabi/12.3.1/../../../../arm-none-eabi/lib/thumb/v7-m/nofp\libc_nano.a(libc_a-stdio.o)
                0x08005f46                __sclose
 .text.memset   0x08005f4e       0x10 C:/ST/STM32CubeIDE_1.13.1/STM32CubeIDE/plugins/com.st.stm32cube.ide.mcu.externaltools.gnu-tools-for-stm32.12.3.rel1.win32_1.0.100.202403111256/tools/bin/../lib/gcc/arm-none-eabi/12.3.1/../../../../arm-none-eabi/lib/thumb/v7-m/nofp\libc_nano.a(libc_a-memset.o)
                0x08005f4e                memset
 *fill*         0x08005f5e        0x2 
 .text._close_r
                0x08005f60       0x20 C:/ST/STM32CubeIDE_1.13.1/STM32CubeIDE/plugins/com.st.stm32cube.ide.mcu.externaltools.gnu-tools-for-stm32.12.3.rel1.win32_1.0.100.202403111256/tools/bin/../lib/gcc/arm-none-eabi/12.3.1/../../../../arm-none-eabi/lib/thumb/v7-m/nofp\libc_nano.a(libc_a-closer.o)
                0x08005f60                _close_r
 .text._lseek_r
                0x08005f80       0x24 C:/ST/STM32CubeIDE_1.13.1/STM32CubeIDE/plugins/com.st.stm32cube.ide.mcu.externaltools.gnu-tools-for-stm32.12.3.rel1.win32_1.0.100.202403111256/tools/bin/../lib/gcc/arm-none-eabi/12.3.1/../../../../arm-none-eabi/lib/thumb/v7-m/nofp\libc_nano.a(libc_a-lseekr.o)
                0x08005f80                _lseek_r
 .text._read_r  0x08005fa4       0x24 C:/ST/STM32CubeIDE_1.13.1/STM32CubeIDE/plugins/com.st.stm32cube.ide.mcu.externaltools.gnu-tools-for-stm32.12.3.rel1.win32_1.0.100.202403111256/tools/bin/../lib/gcc/arm-none-eabi/12.3.1/../../../../arm-none-eabi/lib/thumb/v7-m/nofp\libc_nano.a(libc_a-readr.o)
                0x08005fa4                _read_r
 .text._write_r
                0x08005fc8       0x24 C:/ST/STM32CubeIDE_1.13.1/STM32CubeIDE/plugins/com.st.stm32cube.ide.mcu.externaltools.gnu-tools-for-stm32.12.3.rel1.win32_1.0.100.202403111256/tools/bin/../lib/gcc/arm-none-eabi/12.3.1/../../../../arm-none-eabi/lib/thumb/v7-m/nofp\libc_nano.a(libc_a-writer.o)
                0x08005fc8                _write_r
 .text.__errno  0x08005fec        0xc C:/ST/STM32CubeIDE_1.13.1/STM32CubeIDE/plugins/com.st.stm32cube.ide.mcu.externaltools.gnu-tools-for-stm32.12.3.rel1.win32_1.0.100.202403111256/tools/bin/../lib/gcc/arm-none-eabi/12.3.1/../../../../arm-none-eabi/lib/thumb/v7-m/nofp\libc_nano.a(libc_a-errno.o)
                0x08005fec                __errno
 .text.__libc_init_array
                0x08005ff8       0x48 C:/ST/STM32CubeIDE_1.13.1/STM32CubeIDE/plugins/com.st.stm32cube.ide.mcu.externaltools.gnu-tools-for-stm32.12.3.rel1.win32_1.0.100.202403111256/tools/bin/../lib/gcc/arm-none-eabi/12.3.1/../../../../arm-none-eabi/lib/thumb/v7-m/nofp\libc_nano.a(libc_a-init.o)
                0x08005ff8                __libc_init_array
 .text.__retarget_lock_init_recursive
                0x08006040        0x2 C:/ST/STM32CubeIDE_1.13.1/STM32CubeIDE/plugins/com.st.stm32cube.ide.mcu.externaltools.gnu-tools-for-stm32.12.3.rel1.win32_1.0.100.202403111256/tools/bin/../lib/gcc/arm-none-eabi/12.3.1/../../../../arm-none-eabi/lib/thumb/v7-m/nofp\libc_nano.a(libc_a-lock.o)
                0x08006040                __retarget_lock_init_recursive
 .text.__retarget_lock_acquire_recursive
                0x08006042        0x2 C:/ST/STM32CubeIDE_1.13.1/STM32CubeIDE/plugins/com.st.stm32cube.ide.mcu.externaltools.gnu-tools-for-stm32.12.3.rel1.win32_1.0.100.202403111256/tools/bin/../lib/gcc/arm-none-eabi/12.3.1/../../../../arm-none-eabi/lib/thumb/v7-m/nofp\libc_nano.a(libc_a-lock.o)
                0x08006042                __retarget_lock_acquire_recursive
 .text.__retarget_lock_release_recursive
                0x08006044        0x2 C:/ST/STM32CubeIDE_1.13.1/STM32CubeIDE/plugins/com.st.stm32cube.ide.mcu.externaltools.gnu-tools-for-stm32.12.3.rel1.win32_1.0.100.202403111256/tools/bin/../lib/gcc/arm-none-eabi/12.3.1/../../../../arm-none-eabi/lib/thumb/v7-m/nofp\libc_nano.a(libc_a-lock.o)
                0x08006044                __retarget_lock_release_recursive
 .text.memcpy   0x08006046       0x1c C:/ST/STM32CubeIDE_1.13.1/STM32CubeIDE/plugins/com.st.stm32cube.ide.mcu.externaltools.gnu-tools-for-stm32.12.3.rel1.win32_1.0.100.202403111256/tools/bin/../lib/gcc/arm-none-eabi/12.3.1/../../../../arm-none-eabi/lib/thumb/v7-m/nofp\libc_nano.a(libc_a-memcpy-stub.o)
                0x08006046                memcpy
 *fill*         0x08006062        0x2 
 .text._free_r  0x08006064       0x90 C:/ST/STM32CubeIDE_1.13.1/STM32CubeIDE/plugins/com.st.stm32cube.ide.mcu.externaltools.gnu-tools-for-stm32.12.3.rel1.win32_1.0.100.202403111256/tools/bin/../lib/gcc/arm-none-eabi/12.3.1/../../../../arm-none-eabi/lib/thumb/v7-m/nofp\libc_nano.a(libc_a-freer.o)
                0x08006064                _free_r
 .text.sbrk_aligned
                0x080060f4       0x44 C:/ST/STM32CubeIDE_1.13.1/STM32CubeIDE/plugins/com.st.stm32cube.ide.mcu.externaltools.gnu-tools-for-stm32.12.3.rel1.win32_1.0.100.202403111256/tools/bin/../lib/gcc/arm-none-eabi/12.3.1/../../../../arm-none-eabi/lib/thumb/v7-m/nofp\libc_nano.a(libc_a-mallocr.o)
 .text._malloc_r
                0x08006138      0x100 C:/ST/STM32CubeIDE_1.13.1/STM32CubeIDE/plugins/com.st.stm32cube.ide.mcu.externaltools.gnu-tools-for-stm32.12.3.rel1.win32_1.0.100.202403111256/tools/bin/../lib/gcc/arm-none-eabi/12.3.1/../../../../arm-none-eabi/lib/thumb/v7-m/nofp\libc_nano.a(libc_a-mallocr.o)
                0x08006138                _malloc_r
 .text.__malloc_lock
                0x08006238        0xc C:/ST/STM32CubeIDE_1.13.1/STM32CubeIDE/plugins/com.st.stm32cube.ide.mcu.externaltools.gnu-tools-for-stm32.12.3.rel1.win32_1.0.100.202403111256/tools/bin/../lib/gcc/arm-none-eabi/12.3.1/../../../../arm-none-eabi/lib/thumb/v7-m/nofp\libc_nano.a(libc_a-mlock.o)
                0x08006238                __malloc_lock
 .text.__malloc_unlock
                0x08006244        0xc C:/ST/STM32CubeIDE_1.13.1/STM32CubeIDE/plugins/com.st.stm32cube.ide.mcu.externaltools.gnu-tools-for-stm32.12.3.rel1.win32_1.0.100.202403111256/tools/bin/../lib/gcc/arm-none-eabi/12.3.1/../../../../arm-none-eabi/lib/thumb/v7-m/nofp\libc_nano.a(libc_a-mlock.o)
                0x08006244                __malloc_unlock
 .text.__sfputc_r
                0x08006250       0x2a C:/ST/STM32CubeIDE_1.13.1/STM32CubeIDE/plugins/com.st.stm32cube.ide.mcu.externaltools.gnu-tools-for-stm32.12.3.rel1.win32_1.0.100.202403111256/tools/bin/../lib/gcc/arm-none-eabi/12.3.1/../../../../arm-none-eabi/lib/thumb/v7-m/nofp\libc_nano.a(libc_a-nano-vfprintf.o)
 .text.__sfputs_r
                0x0800627a       0x24 C:/ST/STM32CubeIDE_1.13.1/STM32CubeIDE/plugins/com.st.stm32cube.ide.mcu.externaltools.gnu-tools-for-stm32.12.3.rel1.win32_1.0.100.202403111256/tools/bin/../lib/gcc/arm-none-eabi/12.3.1/../../../../arm-none-eabi/lib/thumb/v7-m/nofp\libc_nano.a(libc_a-nano-vfprintf.o)
                0x0800627a                __sfputs_r
 *fill*         0x0800629e        0x2 
 .text._vfprintf_r
                0x080062a0      0x230 C:/ST/STM32CubeIDE_1.13.1/STM32CubeIDE/plugins/com.st.stm32cube.ide.mcu.externaltools.gnu-tools-for-stm32.12.3.rel1.win32_1.0.100.202403111256/tools/bin/../lib/gcc/arm-none-eabi/12.3.1/../../../../arm-none-eabi/lib/thumb/v7-m/nofp\libc_nano.a(libc_a-nano-vfprintf.o)
                0x080062a0                _vfprintf_r
                0x080062a0                _vfiprintf_r
 .text._printf_common
                0x080064d0       0xe4 C:/ST/STM32CubeIDE_1.13.1/STM32CubeIDE/plugins/com.st.stm32cube.ide.mcu.externaltools.gnu-tools-for-stm32.12.3.rel1.win32_1.0.100.202403111256/tools/bin/../lib/gcc/arm-none-eabi/12.3.1/../../../../arm-none-eabi/lib/thumb/v7-m/nofp\libc_nano.a(libc_a-nano-vfprintf_i.o)
                0x080064d0                _printf_common
 .text._printf_i
                0x080065b4      0x240 C:/ST/STM32CubeIDE_1.13.1/STM32CubeIDE/plugins/com.st.stm32cube.ide.mcu.externaltools.gnu-tools-for-stm32.12.3.rel1.win32_1.0.100.202403111256/tools/bin/../lib/gcc/arm-none-eabi/12.3.1/../../../../arm-none-eabi/lib/thumb/v7-m/nofp\libc_nano.a(libc_a-nano-vfprintf_i.o)
                0x080065b4                _printf_i
 .text.__sflush_r
                0x080067f4      0x100 C:/ST/STM32CubeIDE_1.13.1/STM32CubeIDE/plugins/com.st.stm32cube.ide.mcu.externaltools.gnu-tools-for-stm32.12.3.rel1.win32_1.0.100.202403111256/tools/bin/../lib/gcc/arm-none-eabi/12.3.1/../../../../arm-none-eabi/lib/thumb/v7-m/nofp\libc_nano.a(libc_a-fflush.o)
                0x080067f4                __sflush_r
 .text._fflush_r
                0x080068f4       0x50 C:/ST/STM32CubeIDE_1.13.1/STM32CubeIDE/plugins/com.st.stm32cube.ide.mcu.externaltools.gnu-tools-for-stm32.12.3.rel1.win32_1.0.100.202403111256/tools/bin/../lib/gcc/arm-none-eabi/12.3.1/../../../../arm-none-eabi/lib/thumb/v7-m/nofp\libc_nano.a(libc_a-fflush.o)
                0x080068f4                _fflush_r
 .text.__swbuf_r
                0x08006944       0x7c C:/ST/STM32CubeIDE_1.13.1/STM32CubeIDE/plugins/com.st.stm32cube.ide.mcu.externaltools.gnu-tools-for-stm32.12.3.rel1.win32_1.0.100.202403111256/tools/bin/../lib/gcc/arm-none-eabi/12.3.1/../../../../arm-none-eabi/lib/thumb/v7-m/nofp\libc_nano.a(libc_a-wbuf.o)
                0x08006944                __swbuf_r
 .text.__swsetup_r
                0x080069c0       0xac C:/ST/STM32CubeIDE_1.13.1/STM32CubeIDE/plugins/com.st.stm32cube.ide.mcu.externaltools.gnu-tools-for-stm32.12.3.rel1.win32_1.0.100.202403111256/tools/bin/../lib/gcc/arm-none-eabi/12.3.1/../../../../arm-none-eabi/lib/thumb/v7-m/nofp\libc_nano.a(libc_a-wsetup.o)
                0x080069c0                __swsetup_r
 .text._sbrk_r  0x08006a6c       0x20 C:/ST/STM32CubeIDE_1.13.1/STM32CubeIDE/plugins/com.st.stm32cube.ide.mcu.externaltools.gnu-tools-for-stm32.12.3.rel1.win32_1.0.100.202403111256/tools/bin/../lib/gcc/arm-none-eabi/12.3.1/../../../../arm-none-eabi/lib/thumb/v7-m/nofp\libc_nano.a(libc_a-sbrkr.o)
                0x08006a6c                _sbrk_r
 .text.memchr   0x08006a8c       0x1c C:/ST/STM32CubeIDE_1.13.1/STM32CubeIDE/plugins/com.st.stm32cube.ide.mcu.externaltools.gnu-tools-for-stm32.12.3.rel1.win32_1.0.100.202403111256/tools/bin/../lib/gcc/arm-none-eabi/12.3.1/../../../../arm-none-eabi/lib/thumb/v7-m/nofp\libc_nano.a(libc_a-memchr-stub.o)
                0x08006a8c                memchr
 .text.__swhatbuf_r
                0x08006aa8       0x4a C:/ST/STM32CubeIDE_1.13.1/STM32CubeIDE/plugins/com.st.stm32cube.ide.mcu.externaltools.gnu-tools-for-stm32.12.3.rel1.win32_1.0.100.202403111256/tools/bin/../lib/gcc/arm-none-eabi/12.3.1/../../../../arm-none-eabi/lib/thumb/v7-m/nofp\libc_nano.a(libc_a-makebuf.o)
                0x08006aa8                __swhatbuf_r
 .text.__smakebuf_r
                0x08006af2       0x78 C:/ST/STM32CubeIDE_1.13.1/STM32CubeIDE/plugins/com.st.stm32cube.ide.mcu.externaltools.gnu-tools-for-stm32.12.3.rel1.win32_1.0.100.202403111256/tools/bin/../lib/gcc/arm-none-eabi/12.3.1/../../../../arm-none-eabi/lib/thumb/v7-m/nofp\libc_nano.a(libc_a-makebuf.o)
                0x08006af2                __smakebuf_r
 *fill*         0x08006b6a        0x2 
 .text._fstat_r
                0x08006b6c       0x24 C:/ST/STM32CubeIDE_1.13.1/STM32CubeIDE/plugins/com.st.stm32cube.ide.mcu.externaltools.gnu-tools-for-stm32.12.3.rel1.win32_1.0.100.202403111256/tools/bin/../lib/gcc/arm-none-eabi/12.3.1/../../../../arm-none-eabi/lib/thumb/v7-m/nofp\libc_nano.a(libc_a-fstatr.o)
                0x08006b6c                _fstat_r
 .text._isatty_r
                0x08006b90       0x20 C:/ST/STM32CubeIDE_1.13.1/STM32CubeIDE/plugins/com.st.stm32cube.ide.mcu.externaltools.gnu-tools-for-stm32.12.3.rel1.win32_1.0.100.202403111256/tools/bin/../lib/gcc/arm-none-eabi/12.3.1/../../../../arm-none-eabi/lib/thumb/v7-m/nofp\libc_nano.a(libc_a-isattyr.o)
                0x08006b90                _isatty_r
 .text.roundf   0x08006bb0       0x48 C:/ST/STM32CubeIDE_1.13.1/STM32CubeIDE/plugins/com.st.stm32cube.ide.mcu.externaltools.gnu-tools-for-stm32.12.3.rel1.win32_1.0.100.202403111256/tools/bin/../lib/gcc/arm-none-eabi/12.3.1/../../../../arm-none-eabi/lib/thumb/v7-m/nofp\libm.a(libm_a-sf_round.o)
                0x08006bb0                roundf
 *(.glue_7)
 .glue_7        0x08006bf8        0x0 linker stubs
 *(.glue_7t)
 .glue_7t       0x08006bf8        0x0 linker stubs
 *(.eh_frame)
 .eh_frame      0x08006bf8        0x0 C:/ST/STM32CubeIDE_1.13.1/STM32CubeIDE/plugins/com.st.stm32cube.ide.mcu.externaltools.gnu-tools-for-stm32.12.3.rel1.win32_1.0.100.202403111256/tools/bin/../lib/gcc/arm-none-eabi/12.3.1/thumb/v7-m/nofp/crtbegin.o
 *(.init)
 .init          0x08006bf8        0x4 C:/ST/STM32CubeIDE_1.13.1/STM32CubeIDE/plugins/com.st.stm32cube.ide.mcu.externaltools.gnu-tools-for-stm32.12.3.rel1.win32_1.0.100.202403111256/tools/bin/../lib/gcc/arm-none-eabi/12.3.1/thumb/v7-m/nofp/crti.o
                0x08006bf8                _init
 .init          0x08006bfc        0x8 C:/ST/STM32CubeIDE_1.13.1/STM32CubeIDE/plugins/com.st.stm32cube.ide.mcu.externaltools.gnu-tools-for-stm32.12.3.rel1.win32_1.0.100.202403111256/tools/bin/../lib/gcc/arm-none-eabi/12.3.1/thumb/v7-m/nofp/crtn.o
 *(.fini)
 .fini          0x08006c04        0x4 C:/ST/STM32CubeIDE_1.13.1/STM32CubeIDE/plugins/com.st.stm32cube.ide.mcu.externaltools.gnu-tools-for-stm32.12.3.rel1.win32_1.0.100.202403111256/tools/bin/../lib/gcc/arm-none-eabi/12.3.1/thumb/v7-m/nofp/crti.o
                0x08006c04                _fini
 .fini          0x08006c08        0x8 C:/ST/STM32CubeIDE_1.13.1/STM32CubeIDE/plugins/com.st.stm32cube.ide.mcu.externaltools.gnu-tools-for-stm32.12.3.rel1.win32_1.0.100.202403111256/tools/bin/../lib/gcc/arm-none-eabi/12.3.1/thumb/v7-m/nofp/crtn.o
                0x08006c10                        . = ALIGN (0x4)
                0x08006c10                        _etext = .

.vfp11_veneer   0x08006c10        0x0
 .vfp11_veneer  0x08006c10        0x0 linker stubs

.v4_bx          0x08006c10        0x0
 .v4_bx         0x08006c10        0x0 linker stubs

.iplt           0x08006c10        0x0
 .iplt          0x08006c10        0x0 C:/ST/STM32CubeIDE_1.13.1/STM32CubeIDE/plugins/com.st.stm32cube.ide.mcu.externaltools.gnu-tools-for-stm32.12.3.rel1.win32_1.0.100.202403111256/tools/bin/../lib/gcc/arm-none-eabi/12.3.1/thumb/v7-m/nofp/crtbegin.o

.rodata         0x08006c10       0xd0
                0x08006c10                        . = ALIGN (0x4)
 *(.rodata)
 .rodata        0x08006c10       0x11 ./Src/APP/Src/ACC.o
 *fill*         0x08006c21        0x3 
 .rodata        0x08006c24        0x4 ./Src/APP/Src/AEB.o
 .rodata        0x08006c28       0x3d ./Src/APP/Src/BlindSpot.o
 *fill*         0x08006c65        0x3 
 .rodata        0x08006c68       0x15 ./Src/APP/Src/LKAS.o
 *fill*         0x08006c7d        0x3 
 .rodata        0x08006c80       0x25 ./Src/APP/Src/SysInit.o
 *fill*         0x08006ca5        0x3 
 .rodata        0x08006ca8        0x5 ./Src/Free_RTOS/tasks.o
 *(.rodata*)
 .rodata._vfprintf_r.str1.1
                0x08006cad       0x11 C:/ST/STM32CubeIDE_1.13.1/STM32CubeIDE/plugins/com.st.stm32cube.ide.mcu.externaltools.gnu-tools-for-stm32.12.3.rel1.win32_1.0.100.202403111256/tools/bin/../lib/gcc/arm-none-eabi/12.3.1/../../../../arm-none-eabi/lib/thumb/v7-m/nofp\libc_nano.a(libc_a-nano-vfprintf.o)
 .rodata._printf_i.str1.1
                0x08006cbe       0x22 C:/ST/STM32CubeIDE_1.13.1/STM32CubeIDE/plugins/com.st.stm32cube.ide.mcu.externaltools.gnu-tools-for-stm32.12.3.rel1.win32_1.0.100.202403111256/tools/bin/../lib/gcc/arm-none-eabi/12.3.1/../../../../arm-none-eabi/lib/thumb/v7-m/nofp\libc_nano.a(libc_a-nano-vfprintf_i.o)
                0x08006ce0                        . = ALIGN (0x4)

.ARM.extab      0x08006ce0        0x0
                0x08006ce0                        . = ALIGN (0x4)
 *(.ARM.extab* .gnu.linkonce.armextab.*)
                0x08006ce0                        . = ALIGN (0x4)

.ARM            0x08006ce0        0x0
                0x08006ce0                        . = ALIGN (0x4)
                0x08006ce0                        __exidx_start = .
 *(.ARM.exidx*)
                0x08006ce0                        __exidx_end = .
                0x08006ce0                        . = ALIGN (0x4)

.preinit_array  0x08006ce0        0x0
                0x08006ce0                        . = ALIGN (0x4)
                0x08006ce0                        PROVIDE (__preinit_array_start = .)
 *(.preinit_array*)
                0x08006ce0                        PROVIDE (__preinit_array_end = .)
                0x08006ce0                        . = ALIGN (0x4)

.init_array     0x08006ce0        0x4
                0x08006ce0                        . = ALIGN (0x4)
                0x08006ce0                        PROVIDE (__init_array_start = .)
 *(SORT_BY_NAME(.init_array.*))
 *(.init_array*)
 .init_array    0x08006ce0        0x4 C:/ST/STM32CubeIDE_1.13.1/STM32CubeIDE/plugins/com.st.stm32cube.ide.mcu.externaltools.gnu-tools-for-stm32.12.3.rel1.win32_1.0.100.202403111256/tools/bin/../lib/gcc/arm-none-eabi/12.3.1/thumb/v7-m/nofp/crtbegin.o
                0x08006ce4                        PROVIDE (__init_array_end = .)
                0x08006ce4                        . = ALIGN (0x4)

.fini_array     0x08006ce4        0x4
                0x08006ce4                        . = ALIGN (0x4)
                [!provide]                        PROVIDE (__fini_array_start = .)
 *(SORT_BY_NAME(.fini_array.*))
 *(.fini_array*)
 .fini_array    0x08006ce4        0x4 C:/ST/STM32CubeIDE_1.13.1/STM32CubeIDE/plugins/com.st.stm32cube.ide.mcu.externaltools.gnu-tools-for-stm32.12.3.rel1.win32_1.0.100.202403111256/tools/bin/../lib/gcc/arm-none-eabi/12.3.1/thumb/v7-m/nofp/crtbegin.o
                [!provide]                        PROVIDE (__fini_array_end = .)
                0x08006ce8                        . = ALIGN (0x4)
                0x08006ce8                        _sidata = LOADADDR (.data)

.rel.dyn        0x08006ce8        0x0
 .rel.iplt      0x08006ce8        0x0 C:/ST/STM32CubeIDE_1.13.1/STM32CubeIDE/plugins/com.st.stm32cube.ide.mcu.externaltools.gnu-tools-for-stm32.12.3.rel1.win32_1.0.100.202403111256/tools/bin/../lib/gcc/arm-none-eabi/12.3.1/thumb/v7-m/nofp/crtbegin.o

.data           0x20000000      0x138 load address 0x08006ce8
                0x20000000                        . = ALIGN (0x4)
                0x20000000                        _sdata = .
 *(.data)
 *(.data*)
 .data.Rmotor   0x20000000       0x28 ./Src/APP/Src/Initialize_file_M3.o
                0x20000000                Rmotor
 .data.Lmotor   0x20000028       0x28 ./Src/APP/Src/Initialize_file_M3.o
                0x20000028                Lmotor
 .data.SEV      0x20000050       0x10 ./Src/APP/Src/Initialize_file_M3.o
                0x20000050                SEV
 .data.BT2      0x20000060        0xc ./Src/APP/Src/Initialize_file_M3.o
                0x20000060                BT2
 .data.BlackPill
                0x2000006c       0x24 ./Src/APP/Src/Initialize_file_M3.o
                0x2000006c                BlackPill
 .data.SPI_InitStructure
                0x20000090       0x12 ./Src/APP/Src/Initialize_file_M3.o
                0x20000090                SPI_InitStructure
 *fill*         0x200000a2        0x2 
 .data.GPIO_SPI_Struct
                0x200000a4        0x4 ./Src/APP/Src/Initialize_file_M3.o
                0x200000a4                GPIO_SPI_Struct
 .data.uxTopUsedPriority
                0x200000a8        0x4 ./Src/Free_RTOS/tasks.o
                0x200000a8                uxTopUsedPriority
 .data.uxCriticalNesting
                0x200000ac        0x4 ./Src/Free_RTOS/portable/GCC/ARM_CM3/port.o
 .data.TIM_OCInitStruct
                0x200000b0       0x10 ./Src/HAL/src/Motor.o
 .data.GPIO_InitStruct_pwm
                0x200000c0        0x4 ./Src/HAL/src/Motor.o
 .data.GPIO_InitStruct_in
                0x200000c4        0x4 ./Src/HAL/src/Motor.o
 .data.APBAHBPrescTable
                0x200000c8       0x10 ./Src/MCAL/src/stm32f10x_rcc.o
 .data.ADCPrescTable
                0x200000d8        0x4 ./Src/MCAL/src/stm32f10x_rcc.o
 .data.__sglue  0x200000dc        0xc C:/ST/STM32CubeIDE_1.13.1/STM32CubeIDE/plugins/com.st.stm32cube.ide.mcu.externaltools.gnu-tools-for-stm32.12.3.rel1.win32_1.0.100.202403111256/tools/bin/../lib/gcc/arm-none-eabi/12.3.1/../../../../arm-none-eabi/lib/thumb/v7-m/nofp\libc_nano.a(libc_a-findfp.o)
                0x200000dc                __sglue
 .data._impure_ptr
                0x200000e8        0x4 C:/ST/STM32CubeIDE_1.13.1/STM32CubeIDE/plugins/com.st.stm32cube.ide.mcu.externaltools.gnu-tools-for-stm32.12.3.rel1.win32_1.0.100.202403111256/tools/bin/../lib/gcc/arm-none-eabi/12.3.1/../../../../arm-none-eabi/lib/thumb/v7-m/nofp\libc_nano.a(libc_a-impure.o)
                0x200000e8                _impure_ptr
 .data._impure_data
                0x200000ec       0x4c C:/ST/STM32CubeIDE_1.13.1/STM32CubeIDE/plugins/com.st.stm32cube.ide.mcu.externaltools.gnu-tools-for-stm32.12.3.rel1.win32_1.0.100.202403111256/tools/bin/../lib/gcc/arm-none-eabi/12.3.1/../../../../arm-none-eabi/lib/thumb/v7-m/nofp\libc_nano.a(libc_a-impure.o)
                0x200000ec                _impure_data
 *(.RamFunc)
 *(.RamFunc*)
                0x20000138                        . = ALIGN (0x4)
                0x20000138                        _edata = .

.igot.plt       0x20000138        0x0 load address 0x08006e20
 .igot.plt      0x20000138        0x0 C:/ST/STM32CubeIDE_1.13.1/STM32CubeIDE/plugins/com.st.stm32cube.ide.mcu.externaltools.gnu-tools-for-stm32.12.3.rel1.win32_1.0.100.202403111256/tools/bin/../lib/gcc/arm-none-eabi/12.3.1/thumb/v7-m/nofp/crtbegin.o
                0x20000138                        . = ALIGN (0x4)

.bss            0x20000138     0x22f0 load address 0x08006e20
                0x20000138                        _sbss = .
                0x20000138                        __bss_start__ = _sbss
 *(.bss)
 .bss           0x20000138       0x1c C:/ST/STM32CubeIDE_1.13.1/STM32CubeIDE/plugins/com.st.stm32cube.ide.mcu.externaltools.gnu-tools-for-stm32.12.3.rel1.win32_1.0.100.202403111256/tools/bin/../lib/gcc/arm-none-eabi/12.3.1/thumb/v7-m/nofp/crtbegin.o
 *(.bss*)
 .bss.vACC_Task_Handler
                0x20000154        0x4 ./Src/APP/Src/ACC.o
                0x20000154                vACC_Task_Handler
 .bss.vSign_Task_Handler
                0x20000158        0x4 ./Src/APP/Src/ACC.o
                0x20000158                vSign_Task_Handler
 .bss.vAEB_Task_Handler
                0x2000015c        0x4 ./Src/APP/Src/AEB.o
                0x2000015c                vAEB_Task_Handler
 .bss.gENCs_Speed
                0x20000160        0x2 ./Src/APP/Src/AEB.o
                0x20000160                gENCs_Speed
 .bss.gFront_Distance
                0x20000162        0x2 ./Src/APP/Src/AEB.o
                0x20000162                gFront_Distance
 .bss.gBreaking_Distance
                0x20000164        0x2 ./Src/APP/Src/AEB.o
                0x20000164                gBreaking_Distance
 .bss.gWarning_Distance
                0x20000166        0x2 ./Src/APP/Src/AEB.o
                0x20000166                gWarning_Distance
 .bss.Front_Distance_Semaphore_Handler
                0x20000168        0x4 ./Src/APP/Src/AEB.o
                0x20000168                Front_Distance_Semaphore_Handler
 .bss.Current_Speed_Semaphore_Handler
                0x2000016c        0x4 ./Src/APP/Src/AEB.o
                0x2000016c                Current_Speed_Semaphore_Handler
 .bss.Motors_Semaphore_Handler
                0x20000170        0x4 ./Src/APP/Src/AEB.o
                0x20000170                Motors_Semaphore_Handler
 .bss.RightDisSemaphoreHandler
                0x20000174        0x4 ./Src/APP/Src/BlindSpot.o
                0x20000174                RightDisSemaphoreHandler
 .bss.LeftDisSemaphoreHandler
                0x20000178        0x4 ./Src/APP/Src/BlindSpot.o
                0x20000178                LeftDisSemaphoreHandler
 .bss.RightDis  0x2000017c        0x2 ./Src/APP/Src/BlindSpot.o
                0x2000017c                RightDis
 .bss.LeftDis   0x2000017e        0x2 ./Src/APP/Src/BlindSpot.o
                0x2000017e                LeftDis
 .bss.pxLKASCreated
                0x20000180        0x4 ./Src/APP/Src/LKAS.o
                0x20000180                pxLKASCreated
 .bss.gCurrent_Speed
                0x20000184        0x1 ./Src/APP/Src/SysInit.o
                0x20000184                gCurrent_Speed
 .bss.gCar_Direction
                0x20000185        0x1 ./Src/APP/Src/SysInit.o
                0x20000185                gCar_Direction
 .bss.gDesired_Speed
                0x20000186        0x2 ./Src/APP/Src/SysInit.o
                0x20000186                gDesired_Speed
 .bss.gReceived_Sign
                0x20000188        0x1 ./Src/APP/Src/SysInit.o
                0x20000188                gReceived_Sign
 *fill*         0x20000189        0x1 
 .bss.gCurrent_Angle
                0x2000018a        0x2 ./Src/APP/Src/SysInit.o
                0x2000018a                gCurrent_Angle
 .bss.binarySemaphoreHandler
                0x2000018c        0x4 ./Src/APP/Src/SysInit.o
                0x2000018c                binarySemaphoreHandler
 .bss.Offset_binarySemaphoreHandler
                0x20000190        0x4 ./Src/APP/Src/SysInit.o
                0x20000190                Offset_binarySemaphoreHandler
 .bss.Current_Angle_Semaphore_Handler
                0x20000194        0x4 ./Src/APP/Src/SysInit.o
                0x20000194                Current_Angle_Semaphore_Handler
 .bss.Desired_Speed_Semaphore_Handler
                0x20000198        0x4 ./Src/APP/Src/SysInit.o
                0x20000198                Desired_Speed_Semaphore_Handler
 .bss.Desired_Distance_Semaphore_Handler
                0x2000019c        0x4 ./Src/APP/Src/SysInit.o
                0x2000019c                Desired_Distance_Semaphore_Handler
 .bss.LCDQueue  0x200001a0        0x4 ./Src/APP/Src/SysInit.o
                0x200001a0                LCDQueue
 .bss.xCreatedEventGroup
                0x200001a4        0x4 ./Src/APP/Src/SysInit.o
                0x200001a4                xCreatedEventGroup
 .bss.UARTCenterOffset
                0x200001a8        0x1 ./Src/APP/Src/SysInit.o
                0x200001a8                UARTCenterOffset
 *fill*         0x200001a9        0x1 
 .bss.RasPI_ReceivedData
                0x200001aa        0x2 ./Src/APP/Src/SysInit.o
                0x200001aa                RasPI_ReceivedData
 .bss.ACC_State
                0x200001ac        0x1 ./Src/APP/Src/SysInit.o
                0x200001ac                ACC_State
 .bss.RightSignalFlag
                0x200001ad        0x1 ./Src/APP/Src/SysInit.o
                0x200001ad                RightSignalFlag
 .bss.LeftSignalFlag
                0x200001ae        0x1 ./Src/APP/Src/SysInit.o
                0x200001ae                LeftSignalFlag
 .bss.LKSignalFlag.0
                0x200001af        0x1 ./Src/APP/Src/SysInit.o
 .bss.pxCurrentTCB
                0x200001b0        0x4 ./Src/Free_RTOS/tasks.o
                0x200001b0                pxCurrentTCB
 .bss.pxReadyTasksLists
                0x200001b4       0x64 ./Src/Free_RTOS/tasks.o
 .bss.xDelayedTaskList1
                0x20000218       0x14 ./Src/Free_RTOS/tasks.o
 .bss.xDelayedTaskList2
                0x2000022c       0x14 ./Src/Free_RTOS/tasks.o
 .bss.pxDelayedTaskList
                0x20000240        0x4 ./Src/Free_RTOS/tasks.o
 .bss.pxOverflowDelayedTaskList
                0x20000244        0x4 ./Src/Free_RTOS/tasks.o
 .bss.xPendingReadyList
                0x20000248       0x14 ./Src/Free_RTOS/tasks.o
 .bss.xTasksWaitingTermination
                0x2000025c       0x14 ./Src/Free_RTOS/tasks.o
 .bss.uxDeletedTasksWaitingCleanUp
                0x20000270        0x4 ./Src/Free_RTOS/tasks.o
 .bss.xSuspendedTaskList
                0x20000274       0x14 ./Src/Free_RTOS/tasks.o
 .bss.uxCurrentNumberOfTasks
                0x20000288        0x4 ./Src/Free_RTOS/tasks.o
 .bss.xTickCount
                0x2000028c        0x4 ./Src/Free_RTOS/tasks.o
 .bss.uxTopReadyPriority
                0x20000290        0x4 ./Src/Free_RTOS/tasks.o
 .bss.xSchedulerRunning
                0x20000294        0x4 ./Src/Free_RTOS/tasks.o
 .bss.xPendedTicks
                0x20000298        0x4 ./Src/Free_RTOS/tasks.o
 .bss.xYieldPending
                0x2000029c        0x4 ./Src/Free_RTOS/tasks.o
 .bss.xNumOfOverflows
                0x200002a0        0x4 ./Src/Free_RTOS/tasks.o
 .bss.uxTaskNumber
                0x200002a4        0x4 ./Src/Free_RTOS/tasks.o
 .bss.xNextTaskUnblockTime
                0x200002a8        0x4 ./Src/Free_RTOS/tasks.o
 .bss.xIdleTaskHandle
                0x200002ac        0x4 ./Src/Free_RTOS/tasks.o
 .bss.uxSchedulerSuspended
                0x200002b0        0x4 ./Src/Free_RTOS/tasks.o
 .bss.ucHeap    0x200002b4     0x2000 ./Src/Free_RTOS/portable/MemMang/heap_4.o
 .bss.xStart    0x200022b4        0x8 ./Src/Free_RTOS/portable/MemMang/heap_4.o
 .bss.pxEnd     0x200022bc        0x4 ./Src/Free_RTOS/portable/MemMang/heap_4.o
 .bss.xFreeBytesRemaining
                0x200022c0        0x4 ./Src/Free_RTOS/portable/MemMang/heap_4.o
 .bss.xMinimumEverFreeBytesRemaining
                0x200022c4        0x4 ./Src/Free_RTOS/portable/MemMang/heap_4.o
 .bss.xNumberOfSuccessfulAllocations
                0x200022c8        0x4 ./Src/Free_RTOS/portable/MemMang/heap_4.o
 .bss.xNumberOfSuccessfulFrees
                0x200022cc        0x4 ./Src/Free_RTOS/portable/MemMang/heap_4.o
 .bss.xBlockAllocatedBit
                0x200022d0        0x4 ./Src/Free_RTOS/portable/MemMang/heap_4.o
 .bss.gs_SERVO_info
                0x200022d4        0x4 ./Src/HAL/src/SERVO.o
                0x200022d4                gs_SERVO_info
 .bss.__sbrk_heap_end
                0x200022d8        0x4 ./Src/sysmem.o
 .bss.__sf      0x200022dc      0x138 C:/ST/STM32CubeIDE_1.13.1/STM32CubeIDE/plugins/com.st.stm32cube.ide.mcu.externaltools.gnu-tools-for-stm32.12.3.rel1.win32_1.0.100.202403111256/tools/bin/../lib/gcc/arm-none-eabi/12.3.1/../../../../arm-none-eabi/lib/thumb/v7-m/nofp\libc_nano.a(libc_a-findfp.o)
                0x200022dc                __sf
 .bss.__stdio_exit_handler
                0x20002414        0x4 C:/ST/STM32CubeIDE_1.13.1/STM32CubeIDE/plugins/com.st.stm32cube.ide.mcu.externaltools.gnu-tools-for-stm32.12.3.rel1.win32_1.0.100.202403111256/tools/bin/../lib/gcc/arm-none-eabi/12.3.1/../../../../arm-none-eabi/lib/thumb/v7-m/nofp\libc_nano.a(libc_a-findfp.o)
                0x20002414                __stdio_exit_handler
 .bss.errno     0x20002418        0x4 C:/ST/STM32CubeIDE_1.13.1/STM32CubeIDE/plugins/com.st.stm32cube.ide.mcu.externaltools.gnu-tools-for-stm32.12.3.rel1.win32_1.0.100.202403111256/tools/bin/../lib/gcc/arm-none-eabi/12.3.1/../../../../arm-none-eabi/lib/thumb/v7-m/nofp\libc_nano.a(libc_a-reent.o)
                0x20002418                errno
 .bss.__lock___malloc_recursive_mutex
                0x2000241c        0x1 C:/ST/STM32CubeIDE_1.13.1/STM32CubeIDE/plugins/com.st.stm32cube.ide.mcu.externaltools.gnu-tools-for-stm32.12.3.rel1.win32_1.0.100.202403111256/tools/bin/../lib/gcc/arm-none-eabi/12.3.1/../../../../arm-none-eabi/lib/thumb/v7-m/nofp\libc_nano.a(libc_a-lock.o)
                0x2000241c                __lock___malloc_recursive_mutex
 .bss.__lock___sfp_recursive_mutex
                0x2000241d        0x1 C:/ST/STM32CubeIDE_1.13.1/STM32CubeIDE/plugins/com.st.stm32cube.ide.mcu.externaltools.gnu-tools-for-stm32.12.3.rel1.win32_1.0.100.202403111256/tools/bin/../lib/gcc/arm-none-eabi/12.3.1/../../../../arm-none-eabi/lib/thumb/v7-m/nofp\libc_nano.a(libc_a-lock.o)
                0x2000241d                __lock___sfp_recursive_mutex
 *fill*         0x2000241e        0x2 
 .bss.__malloc_sbrk_start
                0x20002420        0x4 C:/ST/STM32CubeIDE_1.13.1/STM32CubeIDE/plugins/com.st.stm32cube.ide.mcu.externaltools.gnu-tools-for-stm32.12.3.rel1.win32_1.0.100.202403111256/tools/bin/../lib/gcc/arm-none-eabi/12.3.1/../../../../arm-none-eabi/lib/thumb/v7-m/nofp\libc_nano.a(libc_a-mallocr.o)
                0x20002420                __malloc_sbrk_start
 .bss.__malloc_free_list
                0x20002424        0x4 C:/ST/STM32CubeIDE_1.13.1/STM32CubeIDE/plugins/com.st.stm32cube.ide.mcu.externaltools.gnu-tools-for-stm32.12.3.rel1.win32_1.0.100.202403111256/tools/bin/../lib/gcc/arm-none-eabi/12.3.1/../../../../arm-none-eabi/lib/thumb/v7-m/nofp\libc_nano.a(libc_a-mallocr.o)
                0x20002424                __malloc_free_list
 *(COMMON)
                0x20002428                        . = ALIGN (0x4)
                0x20002428                        _ebss = .
                0x20002428                        __bss_end__ = _ebss

._user_heap_stack
                0x20002428      0x600 load address 0x08006e20
                0x20002428                        . = ALIGN (0x8)
                [!provide]                        PROVIDE (end = .)
                0x20002428                        PROVIDE (_end = .)
                0x20002628                        . = (. + _Min_Heap_Size)
 *fill*         0x20002428      0x200 
                0x20002a28                        . = (. + _Min_Stack_Size)
 *fill*         0x20002628      0x400 
                0x20002a28                        . = ALIGN (0x8)

/DISCARD/
 libc.a(*)
 libm.a(*)
 libgcc.a(*)

.ARM.attributes
                0x00000000       0x29
 *(.ARM.attributes)
 .ARM.attributes
                0x00000000       0x1d C:/ST/STM32CubeIDE_1.13.1/STM32CubeIDE/plugins/com.st.stm32cube.ide.mcu.externaltools.gnu-tools-for-stm32.12.3.rel1.win32_1.0.100.202403111256/tools/bin/../lib/gcc/arm-none-eabi/12.3.1/thumb/v7-m/nofp/crti.o
 .ARM.attributes
                0x0000001d       0x2d C:/ST/STM32CubeIDE_1.13.1/STM32CubeIDE/plugins/com.st.stm32cube.ide.mcu.externaltools.gnu-tools-for-stm32.12.3.rel1.win32_1.0.100.202403111256/tools/bin/../lib/gcc/arm-none-eabi/12.3.1/thumb/v7-m/nofp/crtbegin.o
 .ARM.attributes
                0x0000004a       0x2d ./Src/APP/Src/ACC.o
 .ARM.attributes
                0x00000077       0x2d ./Src/APP/Src/AEB.o
 .ARM.attributes
                0x000000a4       0x2d ./Src/APP/Src/BlindSpot.o
 .ARM.attributes
                0x000000d1       0x2d ./Src/APP/Src/Initialize_file_M3.o
 .ARM.attributes
                0x000000fe       0x2d ./Src/APP/Src/LKAS.o
 .ARM.attributes
                0x0000012b       0x2d ./Src/APP/Src/SysInit.o
 .ARM.attributes
                0x00000158       0x2d ./Src/Free_RTOS/event_groups.o
 .ARM.attributes
                0x00000185       0x2d ./Src/Free_RTOS/list.o
 .ARM.attributes
                0x000001b2       0x2d ./Src/Free_RTOS/queue.o
 .ARM.attributes
                0x000001df       0x2d ./Src/Free_RTOS/tasks.o
 .ARM.attributes
                0x0000020c       0x2d ./Src/Free_RTOS/portable/GCC/ARM_CM3/port.o
 .ARM.attributes
                0x00000239       0x2d ./Src/Free_RTOS/portable/MemMang/heap_4.o
 .ARM.attributes
                0x00000266       0x2d ./Src/HAL/src/BUZZER.o
 .ARM.attributes
                0x00000293       0x2d ./Src/HAL/src/Motor.o
 .ARM.attributes
                0x000002c0       0x2d ./Src/HAL/src/SERVO.o
 .ARM.attributes
                0x000002ed       0x2d ./Src/MCAL/src/misc.o
 .ARM.attributes
                0x0000031a       0x2d ./Src/MCAL/src/stm32f10x_gpio.o
 .ARM.attributes
                0x00000347       0x2d ./Src/MCAL/src/stm32f10x_rcc.o
 .ARM.attributes
                0x00000374       0x2d ./Src/MCAL/src/stm32f10x_spi.o
 .ARM.attributes
                0x000003a1       0x2d ./Src/MCAL/src/stm32f10x_tim.o
 .ARM.attributes
                0x000003ce       0x2d ./Src/MCAL/src/stm32f10x_usart.o
 .ARM.attributes
                0x000003fb       0x2d ./Src/main.o
 .ARM.attributes
                0x00000428       0x2d ./Src/stm32f10x_it.o
 .ARM.attributes
                0x00000455       0x2d ./Src/syscalls.o
 .ARM.attributes
                0x00000482       0x2d ./Src/sysmem.o
 .ARM.attributes
                0x000004af       0x2d ./Src/system_stm32f10x.o
 .ARM.attributes
                0x000004dc       0x21 ./Startup/startup_stm32f103c8tx.o
 .ARM.attributes
                0x000004fd       0x2d C:/ST/STM32CubeIDE_1.13.1/STM32CubeIDE/plugins/com.st.stm32cube.ide.mcu.externaltools.gnu-tools-for-stm32.12.3.rel1.win32_1.0.100.202403111256/tools/bin/../lib/gcc/arm-none-eabi/12.3.1/../../../../arm-none-eabi/lib/thumb/v7-m/nofp\libc_nano.a(libc_a-findfp.o)
 .ARM.attributes
                0x0000052a       0x2d C:/ST/STM32CubeIDE_1.13.1/STM32CubeIDE/plugins/com.st.stm32cube.ide.mcu.externaltools.gnu-tools-for-stm32.12.3.rel1.win32_1.0.100.202403111256/tools/bin/../lib/gcc/arm-none-eabi/12.3.1/../../../../arm-none-eabi/lib/thumb/v7-m/nofp\libc_nano.a(libc_a-fwalk.o)
 .ARM.attributes
                0x00000557       0x2d C:/ST/STM32CubeIDE_1.13.1/STM32CubeIDE/plugins/com.st.stm32cube.ide.mcu.externaltools.gnu-tools-for-stm32.12.3.rel1.win32_1.0.100.202403111256/tools/bin/../lib/gcc/arm-none-eabi/12.3.1/../../../../arm-none-eabi/lib/thumb/v7-m/nofp\libc_nano.a(libc_a-printf.o)
 .ARM.attributes
                0x00000584       0x2d C:/ST/STM32CubeIDE_1.13.1/STM32CubeIDE/plugins/com.st.stm32cube.ide.mcu.externaltools.gnu-tools-for-stm32.12.3.rel1.win32_1.0.100.202403111256/tools/bin/../lib/gcc/arm-none-eabi/12.3.1/../../../../arm-none-eabi/lib/thumb/v7-m/nofp\libc_nano.a(libc_a-stdio.o)
 .ARM.attributes
                0x000005b1       0x2d C:/ST/STM32CubeIDE_1.13.1/STM32CubeIDE/plugins/com.st.stm32cube.ide.mcu.externaltools.gnu-tools-for-stm32.12.3.rel1.win32_1.0.100.202403111256/tools/bin/../lib/gcc/arm-none-eabi/12.3.1/../../../../arm-none-eabi/lib/thumb/v7-m/nofp\libc_nano.a(libc_a-memset.o)
 .ARM.attributes
                0x000005de       0x2d C:/ST/STM32CubeIDE_1.13.1/STM32CubeIDE/plugins/com.st.stm32cube.ide.mcu.externaltools.gnu-tools-for-stm32.12.3.rel1.win32_1.0.100.202403111256/tools/bin/../lib/gcc/arm-none-eabi/12.3.1/../../../../arm-none-eabi/lib/thumb/v7-m/nofp\libc_nano.a(libc_a-closer.o)
 .ARM.attributes
                0x0000060b       0x2d C:/ST/STM32CubeIDE_1.13.1/STM32CubeIDE/plugins/com.st.stm32cube.ide.mcu.externaltools.gnu-tools-for-stm32.12.3.rel1.win32_1.0.100.202403111256/tools/bin/../lib/gcc/arm-none-eabi/12.3.1/../../../../arm-none-eabi/lib/thumb/v7-m/nofp\libc_nano.a(libc_a-reent.o)
 .ARM.attributes
                0x00000638       0x2d C:/ST/STM32CubeIDE_1.13.1/STM32CubeIDE/plugins/com.st.stm32cube.ide.mcu.externaltools.gnu-tools-for-stm32.12.3.rel1.win32_1.0.100.202403111256/tools/bin/../lib/gcc/arm-none-eabi/12.3.1/../../../../arm-none-eabi/lib/thumb/v7-m/nofp\libc_nano.a(libc_a-impure.o)
 .ARM.attributes
                0x00000665       0x2d C:/ST/STM32CubeIDE_1.13.1/STM32CubeIDE/plugins/com.st.stm32cube.ide.mcu.externaltools.gnu-tools-for-stm32.12.3.rel1.win32_1.0.100.202403111256/tools/bin/../lib/gcc/arm-none-eabi/12.3.1/../../../../arm-none-eabi/lib/thumb/v7-m/nofp\libc_nano.a(libc_a-lseekr.o)
 .ARM.attributes
                0x00000692       0x2d C:/ST/STM32CubeIDE_1.13.1/STM32CubeIDE/plugins/com.st.stm32cube.ide.mcu.externaltools.gnu-tools-for-stm32.12.3.rel1.win32_1.0.100.202403111256/tools/bin/../lib/gcc/arm-none-eabi/12.3.1/../../../../arm-none-eabi/lib/thumb/v7-m/nofp\libc_nano.a(libc_a-readr.o)
 .ARM.attributes
                0x000006bf       0x2d C:/ST/STM32CubeIDE_1.13.1/STM32CubeIDE/plugins/com.st.stm32cube.ide.mcu.externaltools.gnu-tools-for-stm32.12.3.rel1.win32_1.0.100.202403111256/tools/bin/../lib/gcc/arm-none-eabi/12.3.1/../../../../arm-none-eabi/lib/thumb/v7-m/nofp\libc_nano.a(libc_a-writer.o)
 .ARM.attributes
                0x000006ec       0x2d C:/ST/STM32CubeIDE_1.13.1/STM32CubeIDE/plugins/com.st.stm32cube.ide.mcu.externaltools.gnu-tools-for-stm32.12.3.rel1.win32_1.0.100.202403111256/tools/bin/../lib/gcc/arm-none-eabi/12.3.1/../../../../arm-none-eabi/lib/thumb/v7-m/nofp\libc_nano.a(libc_a-errno.o)
 .ARM.attributes
                0x00000719       0x2d C:/ST/STM32CubeIDE_1.13.1/STM32CubeIDE/plugins/com.st.stm32cube.ide.mcu.externaltools.gnu-tools-for-stm32.12.3.rel1.win32_1.0.100.202403111256/tools/bin/../lib/gcc/arm-none-eabi/12.3.1/../../../../arm-none-eabi/lib/thumb/v7-m/nofp\libc_nano.a(libc_a-init.o)
 .ARM.attributes
                0x00000746       0x2d C:/ST/STM32CubeIDE_1.13.1/STM32CubeIDE/plugins/com.st.stm32cube.ide.mcu.externaltools.gnu-tools-for-stm32.12.3.rel1.win32_1.0.100.202403111256/tools/bin/../lib/gcc/arm-none-eabi/12.3.1/../../../../arm-none-eabi/lib/thumb/v7-m/nofp\libc_nano.a(libc_a-lock.o)
 .ARM.attributes
                0x00000773       0x2d C:/ST/STM32CubeIDE_1.13.1/STM32CubeIDE/plugins/com.st.stm32cube.ide.mcu.externaltools.gnu-tools-for-stm32.12.3.rel1.win32_1.0.100.202403111256/tools/bin/../lib/gcc/arm-none-eabi/12.3.1/../../../../arm-none-eabi/lib/thumb/v7-m/nofp\libc_nano.a(libc_a-memcpy-stub.o)
 .ARM.attributes
                0x000007a0       0x2d C:/ST/STM32CubeIDE_1.13.1/STM32CubeIDE/plugins/com.st.stm32cube.ide.mcu.externaltools.gnu-tools-for-stm32.12.3.rel1.win32_1.0.100.202403111256/tools/bin/../lib/gcc/arm-none-eabi/12.3.1/../../../../arm-none-eabi/lib/thumb/v7-m/nofp\libc_nano.a(libc_a-freer.o)
 .ARM.attributes
                0x000007cd       0x2d C:/ST/STM32CubeIDE_1.13.1/STM32CubeIDE/plugins/com.st.stm32cube.ide.mcu.externaltools.gnu-tools-for-stm32.12.3.rel1.win32_1.0.100.202403111256/tools/bin/../lib/gcc/arm-none-eabi/12.3.1/../../../../arm-none-eabi/lib/thumb/v7-m/nofp\libc_nano.a(libc_a-mallocr.o)
 .ARM.attributes
                0x000007fa       0x2d C:/ST/STM32CubeIDE_1.13.1/STM32CubeIDE/plugins/com.st.stm32cube.ide.mcu.externaltools.gnu-tools-for-stm32.12.3.rel1.win32_1.0.100.202403111256/tools/bin/../lib/gcc/arm-none-eabi/12.3.1/../../../../arm-none-eabi/lib/thumb/v7-m/nofp\libc_nano.a(libc_a-mlock.o)
 .ARM.attributes
                0x00000827       0x2d C:/ST/STM32CubeIDE_1.13.1/STM32CubeIDE/plugins/com.st.stm32cube.ide.mcu.externaltools.gnu-tools-for-stm32.12.3.rel1.win32_1.0.100.202403111256/tools/bin/../lib/gcc/arm-none-eabi/12.3.1/../../../../arm-none-eabi/lib/thumb/v7-m/nofp\libc_nano.a(libc_a-nano-vfprintf.o)
 .ARM.attributes
                0x00000854       0x2d C:/ST/STM32CubeIDE_1.13.1/STM32CubeIDE/plugins/com.st.stm32cube.ide.mcu.externaltools.gnu-tools-for-stm32.12.3.rel1.win32_1.0.100.202403111256/tools/bin/../lib/gcc/arm-none-eabi/12.3.1/../../../../arm-none-eabi/lib/thumb/v7-m/nofp\libc_nano.a(libc_a-nano-vfprintf_i.o)
 .ARM.attributes
                0x00000881       0x2d C:/ST/STM32CubeIDE_1.13.1/STM32CubeIDE/plugins/com.st.stm32cube.ide.mcu.externaltools.gnu-tools-for-stm32.12.3.rel1.win32_1.0.100.202403111256/tools/bin/../lib/gcc/arm-none-eabi/12.3.1/../../../../arm-none-eabi/lib/thumb/v7-m/nofp\libc_nano.a(libc_a-fflush.o)
 .ARM.attributes
                0x000008ae       0x2d C:/ST/STM32CubeIDE_1.13.1/STM32CubeIDE/plugins/com.st.stm32cube.ide.mcu.externaltools.gnu-tools-for-stm32.12.3.rel1.win32_1.0.100.202403111256/tools/bin/../lib/gcc/arm-none-eabi/12.3.1/../../../../arm-none-eabi/lib/thumb/v7-m/nofp\libc_nano.a(libc_a-wbuf.o)
 .ARM.attributes
                0x000008db       0x2d C:/ST/STM32CubeIDE_1.13.1/STM32CubeIDE/plugins/com.st.stm32cube.ide.mcu.externaltools.gnu-tools-for-stm32.12.3.rel1.win32_1.0.100.202403111256/tools/bin/../lib/gcc/arm-none-eabi/12.3.1/../../../../arm-none-eabi/lib/thumb/v7-m/nofp\libc_nano.a(libc_a-wsetup.o)
 .ARM.attributes
                0x00000908       0x2d C:/ST/STM32CubeIDE_1.13.1/STM32CubeIDE/plugins/com.st.stm32cube.ide.mcu.externaltools.gnu-tools-for-stm32.12.3.rel1.win32_1.0.100.202403111256/tools/bin/../lib/gcc/arm-none-eabi/12.3.1/../../../../arm-none-eabi/lib/thumb/v7-m/nofp\libc_nano.a(libc_a-sbrkr.o)
 .ARM.attributes
                0x00000935       0x2d C:/ST/STM32CubeIDE_1.13.1/STM32CubeIDE/plugins/com.st.stm32cube.ide.mcu.externaltools.gnu-tools-for-stm32.12.3.rel1.win32_1.0.100.202403111256/tools/bin/../lib/gcc/arm-none-eabi/12.3.1/../../../../arm-none-eabi/lib/thumb/v7-m/nofp\libc_nano.a(libc_a-memchr-stub.o)
 .ARM.attributes
                0x00000962       0x2d C:/ST/STM32CubeIDE_1.13.1/STM32CubeIDE/plugins/com.st.stm32cube.ide.mcu.externaltools.gnu-tools-for-stm32.12.3.rel1.win32_1.0.100.202403111256/tools/bin/../lib/gcc/arm-none-eabi/12.3.1/../../../../arm-none-eabi/lib/thumb/v7-m/nofp\libc_nano.a(libc_a-makebuf.o)
 .ARM.attributes
                0x0000098f       0x2d C:/ST/STM32CubeIDE_1.13.1/STM32CubeIDE/plugins/com.st.stm32cube.ide.mcu.externaltools.gnu-tools-for-stm32.12.3.rel1.win32_1.0.100.202403111256/tools/bin/../lib/gcc/arm-none-eabi/12.3.1/../../../../arm-none-eabi/lib/thumb/v7-m/nofp\libc_nano.a(libc_a-fstatr.o)
 .ARM.attributes
                0x000009bc       0x2d C:/ST/STM32CubeIDE_1.13.1/STM32CubeIDE/plugins/com.st.stm32cube.ide.mcu.externaltools.gnu-tools-for-stm32.12.3.rel1.win32_1.0.100.202403111256/tools/bin/../lib/gcc/arm-none-eabi/12.3.1/../../../../arm-none-eabi/lib/thumb/v7-m/nofp\libc_nano.a(libc_a-isattyr.o)
 .ARM.attributes
                0x000009e9       0x2d C:/ST/STM32CubeIDE_1.13.1/STM32CubeIDE/plugins/com.st.stm32cube.ide.mcu.externaltools.gnu-tools-for-stm32.12.3.rel1.win32_1.0.100.202403111256/tools/bin/../lib/gcc/arm-none-eabi/12.3.1/../../../../arm-none-eabi/lib/thumb/v7-m/nofp\libm.a(libm_a-sf_round.o)
 .ARM.attributes
                0x00000a16       0x1d C:/ST/STM32CubeIDE_1.13.1/STM32CubeIDE/plugins/com.st.stm32cube.ide.mcu.externaltools.gnu-tools-for-stm32.12.3.rel1.win32_1.0.100.202403111256/tools/bin/../lib/gcc/arm-none-eabi/12.3.1/thumb/v7-m/nofp\libgcc.a(_arm_addsubdf3.o)
 .ARM.attributes
                0x00000a33       0x1d C:/ST/STM32CubeIDE_1.13.1/STM32CubeIDE/plugins/com.st.stm32cube.ide.mcu.externaltools.gnu-tools-for-stm32.12.3.rel1.win32_1.0.100.202403111256/tools/bin/../lib/gcc/arm-none-eabi/12.3.1/thumb/v7-m/nofp\libgcc.a(_arm_muldivdf3.o)
 .ARM.attributes
                0x00000a50       0x1d C:/ST/STM32CubeIDE_1.13.1/STM32CubeIDE/plugins/com.st.stm32cube.ide.mcu.externaltools.gnu-tools-for-stm32.12.3.rel1.win32_1.0.100.202403111256/tools/bin/../lib/gcc/arm-none-eabi/12.3.1/thumb/v7-m/nofp\libgcc.a(_arm_fixunsdfsi.o)
 .ARM.attributes
                0x00000a6d       0x1d C:/ST/STM32CubeIDE_1.13.1/STM32CubeIDE/plugins/com.st.stm32cube.ide.mcu.externaltools.gnu-tools-for-stm32.12.3.rel1.win32_1.0.100.202403111256/tools/bin/../lib/gcc/arm-none-eabi/12.3.1/thumb/v7-m/nofp\libgcc.a(_arm_addsubsf3.o)
 .ARM.attributes
                0x00000a8a       0x1d C:/ST/STM32CubeIDE_1.13.1/STM32CubeIDE/plugins/com.st.stm32cube.ide.mcu.externaltools.gnu-tools-for-stm32.12.3.rel1.win32_1.0.100.202403111256/tools/bin/../lib/gcc/arm-none-eabi/12.3.1/thumb/v7-m/nofp\libgcc.a(_arm_muldivsf3.o)
 .ARM.attributes
                0x00000aa7       0x1d C:/ST/STM32CubeIDE_1.13.1/STM32CubeIDE/plugins/com.st.stm32cube.ide.mcu.externaltools.gnu-tools-for-stm32.12.3.rel1.win32_1.0.100.202403111256/tools/bin/../lib/gcc/arm-none-eabi/12.3.1/thumb/v7-m/nofp\libgcc.a(_arm_fixunssfsi.o)
 .ARM.attributes
                0x00000ac4       0x1d C:/ST/STM32CubeIDE_1.13.1/STM32CubeIDE/plugins/com.st.stm32cube.ide.mcu.externaltools.gnu-tools-for-stm32.12.3.rel1.win32_1.0.100.202403111256/tools/bin/../lib/gcc/arm-none-eabi/12.3.1/thumb/v7-m/nofp/crtn.o
OUTPUT(GP_M3.elf elf32-littlearm)
LOAD linker stubs
LOAD C:/ST/STM32CubeIDE_1.13.1/STM32CubeIDE/plugins/com.st.stm32cube.ide.mcu.externaltools.gnu-tools-for-stm32.12.3.rel1.win32_1.0.100.202403111256/tools/bin/../lib/gcc/arm-none-eabi/12.3.1/../../../../arm-none-eabi/lib/thumb/v7-m/nofp\libc.a
LOAD C:/ST/STM32CubeIDE_1.13.1/STM32CubeIDE/plugins/com.st.stm32cube.ide.mcu.externaltools.gnu-tools-for-stm32.12.3.rel1.win32_1.0.100.202403111256/tools/bin/../lib/gcc/arm-none-eabi/12.3.1/../../../../arm-none-eabi/lib/thumb/v7-m/nofp\libm.a
LOAD C:/ST/STM32CubeIDE_1.13.1/STM32CubeIDE/plugins/com.st.stm32cube.ide.mcu.externaltools.gnu-tools-for-stm32.12.3.rel1.win32_1.0.100.202403111256/tools/bin/../lib/gcc/arm-none-eabi/12.3.1/thumb/v7-m/nofp\libgcc.a

.debug_info     0x00000000     0xcfb0
 .debug_info    0x00000000      0x346 ./Src/APP/Src/ACC.o
 .debug_info    0x00000346      0x7e4 ./Src/APP/Src/AEB.o
 .debug_info    0x00000b2a      0x610 ./Src/APP/Src/BlindSpot.o
 .debug_info    0x0000113a      0xe43 ./Src/APP/Src/Initialize_file_M3.o
 .debug_info    0x00001f7d      0x745 ./Src/APP/Src/LKAS.o
 .debug_info    0x000026c2      0xaec ./Src/APP/Src/SysInit.o
 .debug_info    0x000031ae      0x76f ./Src/Free_RTOS/event_groups.o
 .debug_info    0x0000391d      0x2af ./Src/Free_RTOS/list.o
 .debug_info    0x00003bcc      0xec9 ./Src/Free_RTOS/queue.o
 .debug_info    0x00004a95     0x1974 ./Src/Free_RTOS/tasks.o
 .debug_info    0x00006409      0x2e7 ./Src/Free_RTOS/portable/GCC/ARM_CM3/port.o
 .debug_info    0x000066f0      0x433 ./Src/Free_RTOS/portable/MemMang/heap_4.o
 .debug_info    0x00006b23      0x2fa ./Src/HAL/src/BUZZER.o
 .debug_info    0x00006e1d      0x8ed ./Src/HAL/src/Motor.o
 .debug_info    0x0000770a      0x7ab ./Src/HAL/src/SERVO.o
 .debug_info    0x00007eb5      0x4d8 ./Src/MCAL/src/misc.o
 .debug_info    0x0000838d      0x6da ./Src/MCAL/src/stm32f10x_gpio.o
 .debug_info    0x00008a67      0x858 ./Src/MCAL/src/stm32f10x_rcc.o
 .debug_info    0x000092bf      0x908 ./Src/MCAL/src/stm32f10x_spi.o
 .debug_info    0x00009bc7     0x1c0a ./Src/MCAL/src/stm32f10x_tim.o
 .debug_info    0x0000b7d1      0x9f1 ./Src/MCAL/src/stm32f10x_usart.o
 .debug_info    0x0000c1c2      0x18b ./Src/main.o
 .debug_info    0x0000c34d       0xd1 ./Src/stm32f10x_it.o
 .debug_info    0x0000c41e      0x6a3 ./Src/syscalls.o
 .debug_info    0x0000cac1      0x168 ./Src/sysmem.o
 .debug_info    0x0000cc29      0x357 ./Src/system_stm32f10x.o
 .debug_info    0x0000cf80       0x30 ./Startup/startup_stm32f103c8tx.o

.debug_abbrev   0x00000000     0x2e7d
 .debug_abbrev  0x00000000      0x16b ./Src/APP/Src/ACC.o
 .debug_abbrev  0x0000016b      0x1e2 ./Src/APP/Src/AEB.o
 .debug_abbrev  0x0000034d      0x1fc ./Src/APP/Src/BlindSpot.o
 .debug_abbrev  0x00000549      0x25b ./Src/APP/Src/Initialize_file_M3.o
 .debug_abbrev  0x000007a4      0x203 ./Src/APP/Src/LKAS.o
 .debug_abbrev  0x000009a7      0x2c7 ./Src/APP/Src/SysInit.o
 .debug_abbrev  0x00000c6e      0x262 ./Src/Free_RTOS/event_groups.o
 .debug_abbrev  0x00000ed0       0xf5 ./Src/Free_RTOS/list.o
 .debug_abbrev  0x00000fc5      0x2a2 ./Src/Free_RTOS/queue.o
 .debug_abbrev  0x00001267      0x349 ./Src/Free_RTOS/tasks.o
 .debug_abbrev  0x000015b0      0x20c ./Src/Free_RTOS/portable/GCC/ARM_CM3/port.o
 .debug_abbrev  0x000017bc      0x1b9 ./Src/Free_RTOS/portable/MemMang/heap_4.o
 .debug_abbrev  0x00001975      0x15b ./Src/HAL/src/BUZZER.o
 .debug_abbrev  0x00001ad0      0x196 ./Src/HAL/src/Motor.o
 .debug_abbrev  0x00001c66      0x1a1 ./Src/HAL/src/SERVO.o
 .debug_abbrev  0x00001e07      0x18e ./Src/MCAL/src/misc.o
 .debug_abbrev  0x00001f95      0x217 ./Src/MCAL/src/stm32f10x_gpio.o
 .debug_abbrev  0x000021ac      0x1e3 ./Src/MCAL/src/stm32f10x_rcc.o
 .debug_abbrev  0x0000238f      0x1dc ./Src/MCAL/src/stm32f10x_spi.o
 .debug_abbrev  0x0000256b      0x1fa ./Src/MCAL/src/stm32f10x_tim.o
 .debug_abbrev  0x00002765      0x1bf ./Src/MCAL/src/stm32f10x_usart.o
 .debug_abbrev  0x00002924       0xde ./Src/main.o
 .debug_abbrev  0x00002a02       0x47 ./Src/stm32f10x_it.o
 .debug_abbrev  0x00002a49      0x1b6 ./Src/syscalls.o
 .debug_abbrev  0x00002bff       0xbc ./Src/sysmem.o
 .debug_abbrev  0x00002cbb      0x19e ./Src/system_stm32f10x.o
 .debug_abbrev  0x00002e59       0x24 ./Startup/startup_stm32f103c8tx.o

.debug_aranges  0x00000000      0xe40
 .debug_aranges
                0x00000000       0x30 ./Src/APP/Src/ACC.o
 .debug_aranges
                0x00000030       0x38 ./Src/APP/Src/AEB.o
 .debug_aranges
                0x00000068       0x50 ./Src/APP/Src/BlindSpot.o
 .debug_aranges
                0x000000b8       0x38 ./Src/APP/Src/Initialize_file_M3.o
 .debug_aranges
                0x000000f0       0x38 ./Src/APP/Src/LKAS.o
 .debug_aranges
                0x00000128       0x50 ./Src/APP/Src/SysInit.o
 .debug_aranges
                0x00000178       0x68 ./Src/Free_RTOS/event_groups.o
 .debug_aranges
                0x000001e0       0x40 ./Src/Free_RTOS/list.o
 .debug_aranges
                0x00000220       0xc8 ./Src/Free_RTOS/queue.o
 .debug_aranges
                0x000002e8      0x198 ./Src/Free_RTOS/tasks.o
 .debug_aranges
                0x00000480       0x70 ./Src/Free_RTOS/portable/GCC/ARM_CM3/port.o
 .debug_aranges
                0x000004f0       0x58 ./Src/Free_RTOS/portable/MemMang/heap_4.o
 .debug_aranges
                0x00000548       0x30 ./Src/HAL/src/BUZZER.o
 .debug_aranges
                0x00000578       0x40 ./Src/HAL/src/Motor.o
 .debug_aranges
                0x000005b8       0x40 ./Src/HAL/src/SERVO.o
 .debug_aranges
                0x000005f8       0x40 ./Src/MCAL/src/misc.o
 .debug_aranges
                0x00000638       0xa8 ./Src/MCAL/src/stm32f10x_gpio.o
 .debug_aranges
                0x000006e0      0x118 ./Src/MCAL/src/stm32f10x_rcc.o
 .debug_aranges
                0x000007f8       0xd0 ./Src/MCAL/src/stm32f10x_spi.o
 .debug_aranges
                0x000008c8      0x2f0 ./Src/MCAL/src/stm32f10x_tim.o
 .debug_aranges
                0x00000bb8      0x100 ./Src/MCAL/src/stm32f10x_usart.o
 .debug_aranges
                0x00000cb8       0x20 ./Src/main.o
 .debug_aranges
                0x00000cd8       0x48 ./Src/stm32f10x_it.o
 .debug_aranges
                0x00000d20       0xa8 ./Src/syscalls.o
 .debug_aranges
                0x00000dc8       0x20 ./Src/sysmem.o
 .debug_aranges
                0x00000de8       0x30 ./Src/system_stm32f10x.o
 .debug_aranges
                0x00000e18       0x28 ./Startup/startup_stm32f103c8tx.o

.debug_rnglists
                0x00000000      0xa85
 .debug_rnglists
                0x00000000       0x20 ./Src/APP/Src/ACC.o
 .debug_rnglists
                0x00000020       0x29 ./Src/APP/Src/AEB.o
 .debug_rnglists
                0x00000049       0x3c ./Src/APP/Src/BlindSpot.o
 .debug_rnglists
                0x00000085       0x27 ./Src/APP/Src/Initialize_file_M3.o
 .debug_rnglists
                0x000000ac       0x27 ./Src/APP/Src/LKAS.o
 .debug_rnglists
                0x000000d3       0x3a ./Src/APP/Src/SysInit.o
 .debug_rnglists
                0x0000010d       0x4c ./Src/Free_RTOS/event_groups.o
 .debug_rnglists
                0x00000159       0x2b ./Src/Free_RTOS/list.o
 .debug_rnglists
                0x00000184       0x9b ./Src/Free_RTOS/queue.o
 .debug_rnglists
                0x0000021f      0x143 ./Src/Free_RTOS/tasks.o
 .debug_rnglists
                0x00000362       0x4f ./Src/Free_RTOS/portable/GCC/ARM_CM3/port.o
 .debug_rnglists
                0x000003b1       0x42 ./Src/Free_RTOS/portable/MemMang/heap_4.o
 .debug_rnglists
                0x000003f3       0x1f ./Src/HAL/src/BUZZER.o
 .debug_rnglists
                0x00000412       0x30 ./Src/HAL/src/Motor.o
 .debug_rnglists
                0x00000442       0x2e ./Src/HAL/src/SERVO.o
 .debug_rnglists
                0x00000470       0x2c ./Src/MCAL/src/misc.o
 .debug_rnglists
                0x0000049c       0x7d ./Src/MCAL/src/stm32f10x_gpio.o
 .debug_rnglists
                0x00000519       0xce ./Src/MCAL/src/stm32f10x_rcc.o
 .debug_rnglists
                0x000005e7       0x99 ./Src/MCAL/src/stm32f10x_spi.o
 .debug_rnglists
                0x00000680      0x23d ./Src/MCAL/src/stm32f10x_tim.o
 .debug_rnglists
                0x000008bd       0xbf ./Src/MCAL/src/stm32f10x_usart.o
 .debug_rnglists
                0x0000097c       0x13 ./Src/main.o
 .debug_rnglists
                0x0000098f       0x31 ./Src/stm32f10x_it.o
 .debug_rnglists
                0x000009c0       0x79 ./Src/syscalls.o
 .debug_rnglists
                0x00000a39       0x13 ./Src/sysmem.o
 .debug_rnglists
                0x00000a4c       0x20 ./Src/system_stm32f10x.o
 .debug_rnglists
                0x00000a6c       0x19 ./Startup/startup_stm32f103c8tx.o

.debug_macro    0x00000000    0x14024
 .debug_macro   0x00000000      0x27e ./Src/APP/Src/ACC.o
 .debug_macro   0x0000027e      0xaae ./Src/APP/Src/ACC.o
 .debug_macro   0x00000d2c      0x189 ./Src/APP/Src/ACC.o
 .debug_macro   0x00000eb5       0x22 ./Src/APP/Src/ACC.o
 .debug_macro   0x00000ed7       0x8e ./Src/APP/Src/ACC.o
 .debug_macro   0x00000f65       0x51 ./Src/APP/Src/ACC.o
 .debug_macro   0x00000fb6      0x103 ./Src/APP/Src/ACC.o
 .debug_macro   0x000010b9       0x6a ./Src/APP/Src/ACC.o
 .debug_macro   0x00001123      0x1df ./Src/APP/Src/ACC.o
 .debug_macro   0x00001302       0xb2 ./Src/APP/Src/ACC.o
 .debug_macro   0x000013b4      0x15a ./Src/APP/Src/ACC.o
 .debug_macro   0x0000150e       0xe3 ./Src/APP/Src/ACC.o
 .debug_macro   0x000015f1       0x28 ./Src/APP/Src/ACC.o
 .debug_macro   0x00001619       0x1f ./Src/APP/Src/ACC.o