Archive member included to satisfy reference by file (symbol)

C:/ST/STM32CubeIDE_1.13.1/STM32CubeIDE/plugins/com.st.stm32cube.ide.mcu.externaltools.gnu-tools-for-stm32.12.3.rel1.win32_1.0.100.202403111256/tools/bin/../lib/gcc/arm-none-eabi/12.3.1/../../../../arm-none-eabi/lib/thumb/v7e-m+fp/hard\libc_nano.a(libc_a-exit.o)
                              C:/ST/STM32CubeIDE_1.13.1/STM32CubeIDE/plugins/com.st.stm32cube.ide.mcu.externaltools.gnu-tools-for-stm32.12.3.rel1.win32_1.0.100.202403111256/tools/bin/../lib/gcc/arm-none-eabi/12.3.1/../../../../arm-none-eabi/lib/thumb/v7e-m+fp/hard/crt0.o (exit)
C:/ST/STM32CubeIDE_1.13.1/STM32CubeIDE/plugins/com.st.stm32cube.ide.mcu.externaltools.gnu-tools-for-stm32.12.3.rel1.win32_1.0.100.202403111256/tools/bin/../lib/gcc/arm-none-eabi/12.3.1/../../../../arm-none-eabi/lib/thumb/v7e-m+fp/hard\libc_nano.a(libc_a-findfp.o)
                              C:/ST/STM32CubeIDE_1.13.1/STM32CubeIDE/plugins/com.st.stm32cube.ide.mcu.externaltools.gnu-tools-for-stm32.12.3.rel1.win32_1.0.100.202403111256/tools/bin/../lib/gcc/arm-none-eabi/12.3.1/../../../../arm-none-eabi/lib/thumb/v7e-m+fp/hard\libc_nano.a(libc_a-exit.o) (__stdio_exit_handler)
C:/ST/STM32CubeIDE_1.13.1/STM32CubeIDE/plugins/com.st.stm32cube.ide.mcu.externaltools.gnu-tools-for-stm32.12.3.rel1.win32_1.0.100.202403111256/tools/bin/../lib/gcc/arm-none-eabi/12.3.1/../../../../arm-none-eabi/lib/thumb/v7e-m+fp/hard\libc_nano.a(libc_a-fwalk.o)
                              C:/ST/STM32CubeIDE_1.13.1/STM32CubeIDE/plugins/com.st.stm32cube.ide.mcu.externaltools.gnu-tools-for-stm32.12.3.rel1.win32_1.0.100.202403111256/tools/bin/../lib/gcc/arm-none-eabi/12.3.1/../../../../arm-none-eabi/lib/thumb/v7e-m+fp/hard\libc_nano.a(libc_a-findfp.o) (_fwalk_sglue)
C:/ST/STM32CubeIDE_1.13.1/STM32CubeIDE/plugins/com.st.stm32cube.ide.mcu.externaltools.gnu-tools-for-stm32.12.3.rel1.win32_1.0.100.202403111256/tools/bin/../lib/gcc/arm-none-eabi/12.3.1/../../../../arm-none-eabi/lib/thumb/v7e-m+fp/hard\libc_nano.a(libc_a-stdio.o)
                              C:/ST/STM32CubeIDE_1.13.1/STM32CubeIDE/plugins/com.st.stm32cube.ide.mcu.externaltools.gnu-tools-for-stm32.12.3.rel1.win32_1.0.100.202403111256/tools/bin/../lib/gcc/arm-none-eabi/12.3.1/../../../../arm-none-eabi/lib/thumb/v7e-m+fp/hard\libc_nano.a(libc_a-findfp.o) (__sread)
C:/ST/STM32CubeIDE_1.13.1/STM32CubeIDE/plugins/com.st.stm32cube.ide.mcu.externaltools.gnu-tools-for-stm32.12.3.rel1.win32_1.0.100.202403111256/tools/bin/../lib/gcc/arm-none-eabi/12.3.1/../../../../arm-none-eabi/lib/thumb/v7e-m+fp/hard\libc_nano.a(libc_a-memset.o)
                              C:/ST/STM32CubeIDE_1.13.1/STM32CubeIDE/plugins/com.st.stm32cube.ide.mcu.externaltools.gnu-tools-for-stm32.12.3.rel1.win32_1.0.100.202403111256/tools/bin/../lib/gcc/arm-none-eabi/12.3.1/../../../../arm-none-eabi/lib/thumb/v7e-m+fp/hard/crt0.o (memset)
C:/ST/STM32CubeIDE_1.13.1/STM32CubeIDE/plugins/com.st.stm32cube.ide.mcu.externaltools.gnu-tools-for-stm32.12.3.rel1.win32_1.0.100.202403111256/tools/bin/../lib/gcc/arm-none-eabi/12.3.1/../../../../arm-none-eabi/lib/thumb/v7e-m+fp/hard\libc_nano.a(libc_a-closer.o)
                              C:/ST/STM32CubeIDE_1.13.1/STM32CubeIDE/plugins/com.st.stm32cube.ide.mcu.externaltools.gnu-tools-for-stm32.12.3.rel1.win32_1.0.100.202403111256/tools/bin/../lib/gcc/arm-none-eabi/12.3.1/../../../../arm-none-eabi/lib/thumb/v7e-m+fp/hard\libc_nano.a(libc_a-stdio.o) (_close_r)
C:/ST/STM32CubeIDE_1.13.1/STM32CubeIDE/plugins/com.st.stm32cube.ide.mcu.externaltools.gnu-tools-for-stm32.12.3.rel1.win32_1.0.100.202403111256/tools/bin/../lib/gcc/arm-none-eabi/12.3.1/../../../../arm-none-eabi/lib/thumb/v7e-m+fp/hard\libc_nano.a(libc_a-reent.o)
                              C:/ST/STM32CubeIDE_1.13.1/STM32CubeIDE/plugins/com.st.stm32cube.ide.mcu.externaltools.gnu-tools-for-stm32.12.3.rel1.win32_1.0.100.202403111256/tools/bin/../lib/gcc/arm-none-eabi/12.3.1/../../../../arm-none-eabi/lib/thumb/v7e-m+fp/hard\libc_nano.a(libc_a-closer.o) (errno)
C:/ST/STM32CubeIDE_1.13.1/STM32CubeIDE/plugins/com.st.stm32cube.ide.mcu.externaltools.gnu-tools-for-stm32.12.3.rel1.win32_1.0.100.202403111256/tools/bin/../lib/gcc/arm-none-eabi/12.3.1/../../../../arm-none-eabi/lib/thumb/v7e-m+fp/hard\libc_nano.a(libc_a-impure.o)
                              C:/ST/STM32CubeIDE_1.13.1/STM32CubeIDE/plugins/com.st.stm32cube.ide.mcu.externaltools.gnu-tools-for-stm32.12.3.rel1.win32_1.0.100.202403111256/tools/bin/../lib/gcc/arm-none-eabi/12.3.1/../../../../arm-none-eabi/lib/thumb/v7e-m+fp/hard\libc_nano.a(libc_a-reent.o) (_impure_ptr)
C:/ST/STM32CubeIDE_1.13.1/STM32CubeIDE/plugins/com.st.stm32cube.ide.mcu.externaltools.gnu-tools-for-stm32.12.3.rel1.win32_1.0.100.202403111256/tools/bin/../lib/gcc/arm-none-eabi/12.3.1/../../../../arm-none-eabi/lib/thumb/v7e-m+fp/hard\libc_nano.a(libc_a-lseekr.o)
[...]
Memory Configuration

Name             Origin             Length             Attributes
RAM              0x20000000         0x00010000         xrw
FLASH            0x08000000         0x00040000         xr
*default*        0x00000000         0xffffffff

Linker script and memory map

LOAD C:/ST/STM32CubeIDE_1.13.1/STM32CubeIDE/plugins/com.st.stm32cube.ide.mcu.externaltools.gnu-tools-for-stm32.12.3.rel1.win32_1.0.100.202403111256/tools/bin/../lib/gcc/arm-none-eabi/12.3.1/thumb/v7e-m+fp/hard/crti.o
LOAD C:/ST/STM32CubeIDE_1.13.1/STM32CubeIDE/plugins/com.st.stm32cube.ide.mcu.externaltools.gnu-tools-for-stm32.12.3.rel1.win32_1.0.100.202403111256/tools/bin/../lib/gcc/arm-none-eabi/12.3.1/thumb/v7e-m+fp/hard/crtbegin.o
LOAD C:/ST/STM32CubeIDE_1.13.1/STM32CubeIDE/plugins/com.st.stm32cube.ide.mcu.externaltools.gnu-tools-for-stm32.12.3.rel1.win32_1.0.100.202403111256/tools/bin/../lib/gcc/arm-none-eabi/12.3.1/../../../../arm-none-eabi/lib/thumb/v7e-m+fp/hard/crt0.o
LOAD ./Src/APP/src/Initialize_file_M4.o
LOAD ./Src/APP/src/app.o
LOAD ./Src/HAL/src/Encoder.o
LOAD ./Src/HAL/src/ULTRASONIC.o
LOAD ./Src/MCAL/src/misc.o
LOAD ./Src/MCAL/src/stm32f4xx_adc.o
LOAD ./Src/MCAL/src/stm32f4xx_can.o
LOAD ./Src/MCAL/src/stm32f4xx_cec.o
LOAD ./Src/MCAL/src/stm32f4xx_crc.o
LOAD ./Src/MCAL/src/stm32f4xx_cryp.o
LOAD ./Src/MCAL/src/stm32f4xx_cryp_aes.o
LOAD ./Src/MCAL/src/stm32f4xx_cryp_des.o
LOAD ./Src/MCAL/src/stm32f4xx_cryp_tdes.o
LOAD ./Src/MCAL/src/stm32f4xx_dac.o
LOAD ./Src/MCAL/src/stm32f4xx_dbgmcu.o
LOAD ./Src/MCAL/src/stm32f4xx_dcmi.o
LOAD ./Src/MCAL/src/stm32f4xx_dfsdm.o
LOAD ./Src/MCAL/src/stm32f4xx_dma.o
LOAD ./Src/MCAL/src/stm32f4xx_dma2d.o
LOAD ./Src/MCAL/src/stm32f4xx_dsi.o
LOAD ./Src/MCAL/src/stm32f4xx_exti.o
LOAD ./Src/MCAL/src/stm32f4xx_flash.o
LOAD ./Src/MCAL/src/stm32f4xx_flash_ramfunc.o
LOAD ./Src/MCAL/src/stm32f4xx_fmpi2c.o
LOAD ./Src/MCAL/src/stm32f4xx_gpio.o
LOAD ./Src/MCAL/src/stm32f4xx_hash.o
LOAD ./Src/MCAL/src/stm32f4xx_hash_md5.o
LOAD ./Src/MCAL/src/stm32f4xx_hash_sha1.o
LOAD ./Src/MCAL/src/stm32f4xx_i2c.o
LOAD ./Src/MCAL/src/stm32f4xx_iwdg.o
LOAD ./Src/MCAL/src/stm32f4xx_lptim.o
LOAD ./Src/MCAL/src/stm32f4xx_ltdc.o
LOAD ./Src/MCAL/src/stm32f4xx_pwr.o
LOAD ./Src/MCAL/src/stm32f4xx_qspi.o
LOAD ./Src/MCAL/src/stm32f4xx_rcc.o
LOAD ./Src/MCAL/src/stm32f4xx_rng.o
LOAD ./Src/MCAL/src/stm32f4xx_rtc.o
LOAD ./Src/MCAL/src/stm32f4xx_sai.o
LOAD ./Src/MCAL/src/stm32f4xx_sdio.o
LOAD ./Src/MCAL/src/stm32f4xx_spdifrx.o
LOAD ./Src/MCAL/src/stm32f4xx_spi.o
LOAD ./Src/MCAL/src/stm32f4xx_syscfg.o
LOAD ./Src/MCAL/src/stm32f4xx_tim.o
LOAD ./Src/MCAL/src/stm32f4xx_usart.o
LOAD ./Src/MCAL/src/stm32f4xx_wwdg.o
LOAD ./Src/freeRTOS/croutine.o
LOAD ./Src/freeRTOS/event_groups.o
LOAD ./Src/freeRTOS/list.o
LOAD ./Src/freeRTOS/queue.o
LOAD ./Src/freeRTOS/stream_buffer.o
LOAD ./Src/freeRTOS/tasks.o
LOAD ./Src/freeRTOS/timers.o
LOAD ./Src/freeRTOS/portable/GCC/ARM_CM4F/port.o
LOAD ./Src/freeRTOS/portable/MemMang/heap_4.o
LOAD ./Src/main.o
LOAD ./Src/stm32f4xx_it.o
LOAD ./Src/system_stm32f4xx.o
LOAD ./Startup/startup_stm32f401ccux.o
START GROUP
LOAD C:/ST/STM32CubeIDE_1.13.1/STM32CubeIDE/plugins/com.st.stm32cube.ide.mcu.externaltools.gnu-tools-for-stm32.12.3.rel1.win32_1.0.100.202403111256/tools/bin/../lib/gcc/arm-none-eabi/12.3.1/../../../../arm-none-eabi/lib/thumb/v7e-m+fp/hard\libc_nano.a
LOAD C:/ST/STM32CubeIDE_1.13.1/STM32CubeIDE/plugins/com.st.stm32cube.ide.mcu.externaltools.gnu-tools-for-stm32.12.3.rel1.win32_1.0.100.202403111256/tools/bin/../lib/gcc/arm-none-eabi/12.3.1/../../../../arm-none-eabi/lib/thumb/v7e-m+fp/hard\libm.a
END GROUP
START GROUP
LOAD C:/ST/STM32CubeIDE_1.13.1/STM32CubeIDE/plugins/com.st.stm32cube.ide.mcu.externaltools.gnu-tools-for-stm32.12.3.rel1.win32_1.0.100.202403111256/tools/bin/../lib/gcc/arm-none-eabi/12.3.1/thumb/v7e-m+fp/hard\libgcc.a
LOAD C:/ST/STM32CubeIDE_1.13.1/STM32CubeIDE/plugins/com.st.stm32cube.ide.mcu.externaltools.gnu-tools-for-stm32.12.3.rel1.win32_1.0.100.202403111256/tools/bin/../lib/gcc/arm-none-eabi/12.3.1/../../../../arm-none-eabi/lib/thumb/v7e-m+fp/hard\libc_nano.a
END GROUP
START GROUP
LOAD C:/ST/STM32CubeIDE_1.13.1/STM32CubeIDE/plugins/com.st.stm32cube.ide.mcu.externaltools.gnu-tools-for-stm32.12.3.rel1.win32_1.0.100.202403111256/tools/bin/../lib/gcc/arm-none-eabi/12.3.1/thumb/v7e-m+fp/hard\libgcc.a
LOAD C:/ST/STM32CubeIDE_1.13.1/STM32CubeIDE/plugins/com.st.stm32cube.ide.mcu.externaltools.gnu-tools-for-stm32.12.3.rel1.win32_1.0.100.202403111256/tools/bin/../lib/gcc/arm-none-eabi/12.3.1/../../../../arm-none-eabi/lib/thumb/v7e-m+fp/hard\libc_nano.a
LOAD C:/ST/STM32CubeIDE_1.13.1/STM32CubeIDE/plugins/com.st.stm32cube.ide.mcu.externaltools.gnu-tools-for-stm32.12.3.rel1.win32_1.0.100.202403111256/tools/bin/../lib/gcc/arm-none-eabi/12.3.1/../../../../arm-none-eabi/lib/thumb/v7e-m+fp/hard\libnosys.a
END GROUP
START GROUP
LOAD C:/ST/STM32CubeIDE_1.13.1/STM32CubeIDE/plugins/com.st.stm32cube.ide.mcu.externaltools.gnu-tools-for-stm32.12.3.rel1.win32_1.0.100.202403111256/tools/bin/../lib/gcc/arm-none-eabi/12.3.1/thumb/v7e-m+fp/hard\libgcc.a
LOAD C:/ST/STM32CubeIDE_1.13.1/STM32CubeIDE/plugins/com.st.stm32cube.ide.mcu.externaltools.gnu-tools-for-stm32.12.3.rel1.win32_1.0.100.202403111256/tools/bin/../lib/gcc/arm-none-eabi/12.3.1/../../../../arm-none-eabi/lib/thumb/v7e-m+fp/hard\libc_nano.a
LOAD C:/ST/STM32CubeIDE_1.13.1/STM32CubeIDE/plugins/com.st.stm32cube.ide.mcu.externaltools.gnu-tools-for-stm32.12.3.rel1.win32_1.0.100.202403111256/tools/bin/../lib/gcc/arm-none-eabi/12.3.1/../../../../arm-none-eabi/lib/thumb/v7e-m+fp/hard\libnosys.a
END GROUP
LOAD C:/ST/STM32CubeIDE_1.13.1/STM32CubeIDE/plugins/com.st.stm32cube.ide.mcu.externaltools.gnu-tools-for-stm32.12.3.rel1.win32_1.0.100.202403111256/tools/bin/../lib/gcc/arm-none-eabi/12.3.1/thumb/v7e-m+fp/hard/crtend.o
LOAD C:/ST/STM32CubeIDE_1.13.1/STM32CubeIDE/plugins/com.st.stm32cube.ide.mcu.externaltools.gnu-tools-for-stm32.12.3.rel1.win32_1.0.100.202403111256/tools/bin/../lib/gcc/arm-none-eabi/12.3.1/thumb/v7e-m+fp/hard/crtn.o
                0x20010000                        _estack = (ORIGIN (RAM) + LENGTH (RAM))
                0x00000200                        _Min_Heap_Size = 0x200
                0x00000400                        _Min_Stack_Size = 0x400

.isr_vector     0x08000000      0x194
                0x08000000                        . = ALIGN (0x4)
 *(.isr_vector)
 .isr_vector    0x08000000      0x194 ./Startup/startup_stm32f401ccux.o
                0x08000000                g_pfnVectors
                0x08000194                        . = ALIGN (0x4)

.text           0x080001a0     0x41cc
                0x080001a0                        . = ALIGN (0x4)
 *(.text)
 .text          0x080001a0       0x40 C:/ST/STM32CubeIDE_1.13.1/STM32CubeIDE/plugins/com.st.stm32cube.ide.mcu.externaltools.gnu-tools-for-stm32.12.3.rel1.win32_1.0.100.202403111256/tools/bin/../lib/gcc/arm-none-eabi/12.3.1/thumb/v7e-m+fp/hard/crtbegin.o
 .text          0x080001e0      0x378 C:/ST/STM32CubeIDE_1.13.1/STM32CubeIDE/plugins/com.st.stm32cube.ide.mcu.externaltools.gnu-tools-for-stm32.12.3.rel1.win32_1.0.100.202403111256/tools/bin/../lib/gcc/arm-none-eabi/12.3.1/thumb/v7e-m+fp/hard\libgcc.a(_arm_addsubdf3.o)
                0x080001e0                __aeabi_drsub
                0x080001e8                __aeabi_dsub
                0x080001e8                __subdf3
                0x080001ec                __aeabi_dadd
                0x080001ec                __adddf3
                0x08000464                __floatunsidf
                0x08000464                __aeabi_ui2d
                0x08000484                __floatsidf
                0x08000484                __aeabi_i2d
                0x080004a8                __aeabi_f2d
                0x080004a8                __extendsfdf2
                0x080004ec                __floatundidf
                0x080004ec                __aeabi_ul2d
                0x080004fc                __floatdidf
                0x080004fc                __aeabi_l2d
 .text          0x08000558      0x424 C:/ST/STM32CubeIDE_1.13.1/STM32CubeIDE/plugins/com.st.stm32cube.ide.mcu.externaltools.gnu-tools-for-stm32.12.3.rel1.win32_1.0.100.202403111256/tools/bin/../lib/gcc/arm-none-eabi/12.3.1/thumb/v7e-m+fp/hard\libgcc.a(_arm_muldivdf3.o)
                0x08000558                __aeabi_dmul
                0x08000558                __muldf3
                0x080007ac                __divdf3
                0x080007ac                __aeabi_ddiv
 .text          0x0800097c       0x40 C:/ST/STM32CubeIDE_1.13.1/STM32CubeIDE/plugins/com.st.stm32cube.ide.mcu.externaltools.gnu-tools-for-stm32.12.3.rel1.win32_1.0.100.202403111256/tools/bin/../lib/gcc/arm-none-eabi/12.3.1/thumb/v7e-m+fp/hard\libgcc.a(_arm_fixunsdfsi.o)
                0x0800097c                __aeabi_d2uiz
                0x0800097c                __fixunsdfsi
 .text          0x080009bc       0xa0 C:/ST/STM32CubeIDE_1.13.1/STM32CubeIDE/plugins/com.st.stm32cube.ide.mcu.externaltools.gnu-tools-for-stm32.12.3.rel1.win32_1.0.100.202403111256/tools/bin/../lib/gcc/arm-none-eabi/12.3.1/thumb/v7e-m+fp/hard\libgcc.a(_arm_truncdfsf2.o)
                0x080009bc                __truncdfsf2
                0x080009bc                __aeabi_d2f
 *(.text*)
 .text.SPI_Dev_Init
                0x08000a5c      0x5b0 ./Src/APP/src/Initialize_file_M4.o
                0x08000a5c                SPI_Dev_Init
 .text.Car_Init
                0x0800100c       0x48 ./Src/APP/src/Initialize_file_M4.o
                0x0800100c                Car_Init
 .text.vSysInit
                0x08001054       0x20 ./Src/APP/src/app.o
                0x08001054                vSysInit
 .text.vAppTaskCreate
                0x08001074       0x64 ./Src/APP/src/app.o
 .text.vTaskGetDistance
                0x080010d8      0x138 ./Src/APP/src/app.o
                0x080010d8                vTaskGetDistance
 .text.vTaskGetSpeed
                0x08001210       0x78 ./Src/APP/src/app.o
                0x08001210                vTaskGetSpeed
 .text.SPI1_IRQHandler
                0x08001288       0xa0 ./Src/APP/src/app.o
                0x08001288                SPI1_IRQHandler
 .text.ENC_Init
                0x08001328      0x23c ./Src/HAL/src/Encoder.o
                0x08001328                ENC_Init
 *fill*         0x08001564        0x4 
 .text.ENC_GetMotorSpeed
                0x08001568       0xcc ./Src/HAL/src/Encoder.o
                0x08001568                ENC_GetMotorSpeed
 .text.ULTRASONIC_vInit
                0x08001634      0x288 ./Src/HAL/src/ULTRASONIC.o
                0x08001634                ULTRASONIC_vInit
 .text.ULTRASONIC_vTrig
                0x080018bc       0x36 ./Src/HAL/src/ULTRASONIC.o
                0x080018bc                ULTRASONIC_vTrig
 *fill*         0x080018f2        0x6 
 .text.ULTRASONIC_u8GetDistance
                0x080018f8      0x47c ./Src/HAL/src/ULTRASONIC.o
                0x080018f8                ULTRASONIC_u8GetDistance
 .text.Ultrasonic_delay
                0x08001d74       0x60 ./Src/HAL/src/ULTRASONIC.o
                0x08001d74                Ultrasonic_delay
 .text.TIM2_IRQHandler
                0x08001dd4      0x17c ./Src/HAL/src/ULTRASONIC.o
                0x08001dd4                TIM2_IRQHandler
 .text.TIM3_IRQHandler
                0x08001f50      0x160 ./Src/HAL/src/ULTRASONIC.o
                0x08001f50                TIM3_IRQHandler
 .text.TIM4_IRQHandler
                0x080020b0      0x160 ./Src/HAL/src/ULTRASONIC.o
                0x080020b0                TIM4_IRQHandler
 .text.TIM5_IRQHandler
                0x08002210      0x160 ./Src/HAL/src/ULTRASONIC.o
                0x08002210                TIM5_IRQHandler
 .text.NVIC_Init
                0x08002370       0xc4 ./Src/MCAL/src/misc.o
                0x08002370                NVIC_Init
 .text.GPIO_Init
                0x08002434      0x11e ./Src/MCAL/src/stm32f4xx_gpio.o
                0x08002434                GPIO_Init
 .text.GPIO_SetBits
                0x08002552       0x1e ./Src/MCAL/src/stm32f4xx_gpio.o
                0x08002552                GPIO_SetBits
 .text.GPIO_ResetBits
                0x08002570       0x20 ./Src/MCAL/src/stm32f4xx_gpio.o
                0x08002570                GPIO_ResetBits
 .text.GPIO_PinAFConfig
                0x08002590       0x92 ./Src/MCAL/src/stm32f4xx_gpio.o
                0x08002590                GPIO_PinAFConfig
 *fill*         0x08002622        0x2 
 .text.RCC_DeInit
                0x08002624       0x64 ./Src/MCAL/src/stm32f4xx_rcc.o
                0x08002624                RCC_DeInit
 .text.RCC_AHB1PeriphClockCmd
                0x08002688       0x40 ./Src/MCAL/src/stm32f4xx_rcc.o
                0x08002688                RCC_AHB1PeriphClockCmd
 .text.RCC_APB1PeriphClockCmd
                0x080026c8       0x40 ./Src/MCAL/src/stm32f4xx_rcc.o
                0x080026c8                RCC_APB1PeriphClockCmd
 .text.RCC_APB2PeriphClockCmd
                0x08002708       0x40 ./Src/MCAL/src/stm32f4xx_rcc.o
                0x08002708                RCC_APB2PeriphClockCmd
 .text.SPI_Init
                0x08002748       0x88 ./Src/MCAL/src/stm32f4xx_spi.o
                0x08002748                SPI_Init
 .text.SPI_Cmd  0x080027d0       0x40 ./Src/MCAL/src/stm32f4xx_spi.o
                0x080027d0                SPI_Cmd
 .text.SPI_I2S_ReceiveData
                0x08002810       0x1a ./Src/MCAL/src/stm32f4xx_spi.o
                0x08002810                SPI_I2S_ReceiveData
 .text.SPI_I2S_SendData
                0x0800282a       0x40 ./Src/MCAL/src/stm32f4xx_spi.o
                0x0800282a                SPI_I2S_SendData
 .text.SPI_I2S_ITConfig
                0x0800286a       0x62 ./Src/MCAL/src/stm32f4xx_spi.o
                0x0800286a                SPI_I2S_ITConfig
 .text.TIM_TimeBaseInit
                0x080028cc       0xd8 ./Src/MCAL/src/stm32f4xx_tim.o
                0x080028cc                TIM_TimeBaseInit
 .text.TIM_TimeBaseStructInit
                0x080029a4       0x34 ./Src/MCAL/src/stm32f4xx_tim.o
                0x080029a4                TIM_TimeBaseStructInit
 .text.TIM_PrescalerConfig
                0x080029d8       0x28 ./Src/MCAL/src/stm32f4xx_tim.o
                0x080029d8                TIM_PrescalerConfig
 .text.TIM_SetCounter
                0x08002a00       0x1c ./Src/MCAL/src/stm32f4xx_tim.o
                0x08002a00                TIM_SetCounter
 .text.TIM_SetAutoreload
                0x08002a1c       0x1c ./Src/MCAL/src/stm32f4xx_tim.o
                0x08002a1c                TIM_SetAutoreload
 .text.TIM_GetCounter
                0x08002a38       0x18 ./Src/MCAL/src/stm32f4xx_tim.o
                0x08002a38                TIM_GetCounter
 .text.TIM_Cmd  0x08002a50       0x40 ./Src/MCAL/src/stm32f4xx_tim.o
                0x08002a50                TIM_Cmd
 .text.TIM_ICInit
                0x08002a90       0xa8 ./Src/MCAL/src/stm32f4xx_tim.o
                0x08002a90                TIM_ICInit
 .text.TIM_GetCapture1
                0x08002b38       0x18 ./Src/MCAL/src/stm32f4xx_tim.o
                0x08002b38                TIM_GetCapture1
 .text.TIM_GetCapture2
                0x08002b50       0x18 ./Src/MCAL/src/stm32f4xx_tim.o
                0x08002b50                TIM_GetCapture2
 .text.TIM_GetCapture3
                0x08002b68       0x18 ./Src/MCAL/src/stm32f4xx_tim.o
                0x08002b68                TIM_GetCapture3
 .text.TIM_GetCapture4
                0x08002b80       0x18 ./Src/MCAL/src/stm32f4xx_tim.o
                0x08002b80                TIM_GetCapture4
 .text.TIM_SetIC1Prescaler
                0x08002b98       0x38 ./Src/MCAL/src/stm32f4xx_tim.o
                0x08002b98                TIM_SetIC1Prescaler
 .text.TIM_SetIC2Prescaler
                0x08002bd0       0x3c ./Src/MCAL/src/stm32f4xx_tim.o
                0x08002bd0                TIM_SetIC2Prescaler
 .text.TIM_SetIC3Prescaler
                0x08002c0c       0x38 ./Src/MCAL/src/stm32f4xx_tim.o
                0x08002c0c                TIM_SetIC3Prescaler
 .text.TIM_SetIC4Prescaler
                0x08002c44       0x3c ./Src/MCAL/src/stm32f4xx_tim.o
                0x08002c44                TIM_SetIC4Prescaler
 .text.TIM_ITConfig
                0x08002c80       0x48 ./Src/MCAL/src/stm32f4xx_tim.o
                0x08002c80                TIM_ITConfig
 .text.TIM_GetITStatus
                0x08002cc8       0x54 ./Src/MCAL/src/stm32f4xx_tim.o
                0x08002cc8                TIM_GetITStatus
 .text.TIM_ClearITPendingBit
                0x08002d1c       0x22 ./Src/MCAL/src/stm32f4xx_tim.o
                0x08002d1c                TIM_ClearITPendingBit
 .text.TIM_TIxExternalClockConfig
                0x08002d3e       0x5c ./Src/MCAL/src/stm32f4xx_tim.o
                0x08002d3e                TIM_TIxExternalClockConfig
 .text.TIM_SelectInputTrigger
                0x08002d9a       0x38 ./Src/MCAL/src/stm32f4xx_tim.o
                0x08002d9a                TIM_SelectInputTrigger
 .text.TI1_Config
                0x08002dd2       0x86 ./Src/MCAL/src/stm32f4xx_tim.o
 .text.TI2_Config
                0x08002e58       0x9a ./Src/MCAL/src/stm32f4xx_tim.o
 .text.TI3_Config
                0x08002ef2       0x90 ./Src/MCAL/src/stm32f4xx_tim.o
 .text.TI4_Config
                0x08002f82       0x9e ./Src/MCAL/src/stm32f4xx_tim.o
 .text.vListInitialise
                0x08003020       0x40 ./Src/freeRTOS/list.o
                0x08003020                vListInitialise
 .text.vListInitialiseItem
                0x08003060       0x1a ./Src/freeRTOS/list.o
                0x08003060                vListInitialiseItem
 .text.vListInsert
                0x0800307a       0x72 ./Src/freeRTOS/list.o
                0x0800307a                vListInsert
 .text.uxListRemove
                0x080030ec       0x54 ./Src/freeRTOS/list.o
                0x080030ec                uxListRemove
 .text.xTaskCreate
                0x08003140       0x8c ./Src/freeRTOS/tasks.o
                0x08003140                xTaskCreate
 .text.prvInitialiseNewTask
                0x080031cc       0xca ./Src/freeRTOS/tasks.o
 *fill*         0x08003296        0x2 
 .text.prvAddNewTaskToReadyList
                0x08003298      0x108 ./Src/freeRTOS/tasks.o
 .text.vTaskDelay
                0x080033a0       0x48 ./Src/freeRTOS/tasks.o
                0x080033a0                vTaskDelay
 .text.vTaskStartScheduler
                0x080033e8       0x78 ./Src/freeRTOS/tasks.o
                0x080033e8                vTaskStartScheduler
 .text.vTaskSuspendAll
                0x08003460       0x1c ./Src/freeRTOS/tasks.o
                0x08003460                vTaskSuspendAll
 .text.xTaskResumeAll
                0x0800347c      0x1bc ./Src/freeRTOS/tasks.o
                0x0800347c                xTaskResumeAll
 .text.xTaskIncrementTick
                0x08003638      0x1c8 ./Src/freeRTOS/tasks.o
                0x08003638                xTaskIncrementTick
 .text.vTaskSwitchContext
                0x08003800       0x8c ./Src/freeRTOS/tasks.o
                0x08003800                vTaskSwitchContext
 .text.prvIdleTask
                0x0800388c       0x24 ./Src/freeRTOS/tasks.o
 .text.prvInitialiseTaskLists
                0x080038b0       0x80 ./Src/freeRTOS/tasks.o
 .text.prvCheckTasksWaitingTermination
                0x08003930       0x5c ./Src/freeRTOS/tasks.o
 .text.prvDeleteTCB
                0x0800398c       0x20 ./Src/freeRTOS/tasks.o
 .text.prvResetNextTaskUnblockTime
                0x080039ac       0x38 ./Src/freeRTOS/tasks.o
 .text.prvAddCurrentTaskToDelayedList
                0x080039e4      0x100 ./Src/freeRTOS/tasks.o
 .text.pxPortInitialiseStack
                0x08003ae4       0x68 ./Src/freeRTOS/portable/GCC/ARM_CM4F/port.o
                0x08003ae4                pxPortInitialiseStack
 .text.prvTaskExitError
                0x08003b4c       0x34 ./Src/freeRTOS/portable/GCC/ARM_CM4F/port.o
 .text.SVC_Handler
                0x08003b80       0x28 ./Src/freeRTOS/portable/GCC/ARM_CM4F/port.o
                0x08003b80                SVC_Handler
 .text.prvPortStartFirstTask
                0x08003ba8       0x2c ./Src/freeRTOS/portable/GCC/ARM_CM4F/port.o
 .text.xPortStartScheduler
                0x08003bd4       0x54 ./Src/freeRTOS/portable/GCC/ARM_CM4F/port.o
                0x08003bd4                xPortStartScheduler
 .text.vPortEnterCritical
                0x08003c28       0x34 ./Src/freeRTOS/portable/GCC/ARM_CM4F/port.o
                0x08003c28                vPortEnterCritical
 .text.vPortExitCritical
                0x08003c5c       0x34 ./Src/freeRTOS/portable/GCC/ARM_CM4F/port.o
                0x08003c5c                vPortExitCritical
 .text.PendSV_Handler
                0x08003c90       0x68 ./Src/freeRTOS/portable/GCC/ARM_CM4F/port.o
                0x08003c90                PendSV_Handler
 .text.SysTick_Handler
                0x08003cf8       0x44 ./Src/freeRTOS/portable/GCC/ARM_CM4F/port.o
                0x08003cf8                SysTick_Handler
 .text.vPortSetupTimerInterrupt
                0x08003d3c       0x34 ./Src/freeRTOS/portable/GCC/ARM_CM4F/port.o
                0x08003d3c                vPortSetupTimerInterrupt
 .text.vPortEnableVFP
                0x08003d70       0x18 ./Src/freeRTOS/portable/GCC/ARM_CM4F/port.o
 .text.pvPortMalloc
                0x08003d88      0x134 ./Src/freeRTOS/portable/MemMang/heap_4.o
                0x08003d88                pvPortMalloc
 .text.vPortFree
                0x08003ebc       0x7c ./Src/freeRTOS/portable/MemMang/heap_4.o
                0x08003ebc                vPortFree
 .text.prvHeapInit
                0x08003f38       0xb8 ./Src/freeRTOS/portable/MemMang/heap_4.o
 .text.prvInsertBlockIntoFreeList
                0x08003ff0       0xb4 ./Src/freeRTOS/portable/MemMang/heap_4.o
 .text.main     0x080040a4       0x10 ./Src/main.o
                0x080040a4                main
 .text.NMI_Handler
                0x080040b4        0xe ./Src/stm32f4xx_it.o
                0x080040b4                NMI_Handler
 .text.prvGetRegistersFromStack
                0x080040c2       0x46 ./Src/stm32f4xx_it.o
                0x080040c2                prvGetRegistersFromStack
 .text.HardFault_Handler
                0x08004108       0x1a ./Src/stm32f4xx_it.o
                0x08004108                HardFault_Handler
 .text.MemManage_Handler
                0x08004122        0x8 ./Src/stm32f4xx_it.o
                0x08004122                MemManage_Handler
 .text.BusFault_Handler
                0x0800412a        0x8 ./Src/stm32f4xx_it.o
                0x0800412a                BusFault_Handler
 .text.UsageFault_Handler
                0x08004132        0x8 ./Src/stm32f4xx_it.o
                0x08004132                UsageFault_Handler
 .text.DebugMon_Handler
                0x0800413a        0xe ./Src/stm32f4xx_it.o
                0x0800413a                DebugMon_Handler
 .text.SystemInit
                0x08004148       0x6c ./Src/system_stm32f4xx.o
                0x08004148                SystemInit
 .text.SetSysClock
                0x080041b4       0xf4 ./Src/system_stm32f4xx.o
 .text.Reset_Handler
                0x080042a8       0x50 ./Startup/startup_stm32f401ccux.o
                0x080042a8                Reset_Handler
 .text.Default_Handler
                0x080042f8        0x2 ./Startup/startup_stm32f401ccux.o
                0x080042f8                EXTI2_IRQHandler
                0x080042f8                SPI4_IRQHandler
                0x080042f8                TIM1_CC_IRQHandler
                0x080042f8                DMA2_Stream5_IRQHandler
                0x080042f8                DMA1_Stream5_IRQHandler
                0x080042f8                SDIO_IRQHandler
                0x080042f8                TAMP_STAMP_IRQHandler
                0x080042f8                EXTI3_IRQHandler
                0x080042f8                TIM1_UP_TIM10_IRQHandler
                0x080042f8                I2C3_ER_IRQHandler
                0x080042f8                EXTI18_OTG_FS_WKUP_IRQHandler
                0x080042f8                EXTI0_IRQHandler
                0x080042f8                I2C2_EV_IRQHandler
                0x080042f8                DMA1_Stream2_IRQHandler
                0x080042f8                DMA2_Stream2_IRQHandler
                0x080042f8                TIM1_BRK_TIM9_IRQHandler
                0x080042f8                DMA2_Stream3_IRQHandler
                0x080042f8                USART6_IRQHandler
                0x080042f8                DMA2_Stream0_IRQHandler
                0x080042f8                I2C1_EV_IRQHandler
                0x080042f8                DMA1_Stream6_IRQHandler
                0x080042f8                DMA1_Stream1_IRQHandler
                0x080042f8                RCC_IRQHandler
                0x080042f8                Default_Handler
                0x080042f8                EXTI15_10_IRQHandler
                0x080042f8                ADC_IRQHandler
                0x080042f8                DMA1_Stream7_IRQHandler
                0x080042f8                DMA2_Stream7_IRQHandler
                0x080042f8                I2C3_EV_IRQHandler
                0x080042f8                EXTI9_5_IRQHandler
                0x080042f8                SPI2_IRQHandler
                0x080042f8                DMA1_Stream0_IRQHandler
                0x080042f8                EXTI4_IRQHandler
                0x080042f8                EXTI22_RTC_WKUP_IRQHandler
                0x080042f8                EXTI16_PVD_IRQHandler
                0x080042f8                TIM1_TRG_COM_TIM11_IRQHandler
                0x080042f8                EXTI1_IRQHandler
                0x080042f8                EXTI17_RTC_Alarm_IRQHandler
                0x080042f8                USART2_IRQHandler
                0x080042f8                I2C2_ER_IRQHandler
                0x080042f8                DMA2_Stream1_IRQHandler
                0x080042f8                FLASH_IRQHandler
                0x080042f8                DMA2_Stream4_IRQHandler
                0x080042f8                USART1_IRQHandler
                0x080042f8                OTG_FS_IRQHandler
                0x080042f8                SPI3_IRQHandler
                0x080042f8                DMA1_Stream4_IRQHandler
                0x080042f8                I2C1_ER_IRQHandler
                0x080042f8                DMA2_Stream6_IRQHandler
                0x080042f8                DMA1_Stream3_IRQHandler
 .text.memset   0x080042fa       0x10 C:/ST/STM32CubeIDE_1.13.1/STM32CubeIDE/plugins/com.st.stm32cube.ide.mcu.externaltools.gnu-tools-for-stm32.12.3.rel1.win32_1.0.100.202403111256/tools/bin/../lib/gcc/arm-none-eabi/12.3.1/../../../../arm-none-eabi/lib/thumb/v7e-m+fp/hard\libc_nano.a(libc_a-memset.o)
                0x080042fa                memset
 *fill*         0x0800430a        0x2 
 .text.__libc_init_array
                0x0800430c       0x48 C:/ST/STM32CubeIDE_1.13.1/STM32CubeIDE/plugins/com.st.stm32cube.ide.mcu.externaltools.gnu-tools-for-stm32.12.3.rel1.win32_1.0.100.202403111256/tools/bin/../lib/gcc/arm-none-eabi/12.3.1/../../../../arm-none-eabi/lib/thumb/v7e-m+fp/hard\libc_nano.a(libc_a-init.o)
                0x0800430c                __libc_init_array
 *(.glue_7)
 .glue_7        0x08004354        0x0 linker stubs
 *(.glue_7t)
 .glue_7t       0x08004354        0x0 linker stubs
 *(.eh_frame)
 .eh_frame      0x08004354        0x0 C:/ST/STM32CubeIDE_1.13.1/STM32CubeIDE/plugins/com.st.stm32cube.ide.mcu.externaltools.gnu-tools-for-stm32.12.3.rel1.win32_1.0.100.202403111256/tools/bin/../lib/gcc/arm-none-eabi/12.3.1/thumb/v7e-m+fp/hard/crtbegin.o
 *(.init)
 .init          0x08004354        0x4 C:/ST/STM32CubeIDE_1.13.1/STM32CubeIDE/plugins/com.st.stm32cube.ide.mcu.externaltools.gnu-tools-for-stm32.12.3.rel1.win32_1.0.100.202403111256/tools/bin/../lib/gcc/arm-none-eabi/12.3.1/thumb/v7e-m+fp/hard/crti.o
                0x08004354                _init
 .init          0x08004358        0x8 C:/ST/STM32CubeIDE_1.13.1/STM32CubeIDE/plugins/com.st.stm32cube.ide.mcu.externaltools.gnu-tools-for-stm32.12.3.rel1.win32_1.0.100.202403111256/tools/bin/../lib/gcc/arm-none-eabi/12.3.1/thumb/v7e-m+fp/hard/crtn.o
 *(.fini)
 .fini          0x08004360        0x4 C:/ST/STM32CubeIDE_1.13.1/STM32CubeIDE/plugins/com.st.stm32cube.ide.mcu.externaltools.gnu-tools-for-stm32.12.3.rel1.win32_1.0.100.202403111256/tools/bin/../lib/gcc/arm-none-eabi/12.3.1/thumb/v7e-m+fp/hard/crti.o
                0x08004360                _fini
 .fini          0x08004364        0x8 C:/ST/STM32CubeIDE_1.13.1/STM32CubeIDE/plugins/com.st.stm32cube.ide.mcu.externaltools.gnu-tools-for-stm32.12.3.rel1.win32_1.0.100.202403111256/tools/bin/../lib/gcc/arm-none-eabi/12.3.1/thumb/v7e-m+fp/hard/crtn.o
                0x0800436c                        . = ALIGN (0x4)
                0x0800436c                        _etext = .

.vfp11_veneer   0x0800436c        0x0
 .vfp11_veneer  0x0800436c        0x0 linker stubs

.v4_bx          0x0800436c        0x0
 .v4_bx         0x0800436c        0x0 linker stubs

.iplt           0x0800436c        0x0
 .iplt          0x0800436c        0x0 C:/ST/STM32CubeIDE_1.13.1/STM32CubeIDE/plugins/com.st.stm32cube.ide.mcu.externaltools.gnu-tools-for-stm32.12.3.rel1.win32_1.0.100.202403111256/tools/bin/../lib/gcc/arm-none-eabi/12.3.1/thumb/v7e-m+fp/hard/crtbegin.o

.rodata         0x0800436c       0x2c
                0x0800436c                        . = ALIGN (0x4)
 *(.rodata)
 .rodata        0x0800436c       0x22 ./Src/APP/src/app.o
 *fill*         0x0800438e        0x2 
 .rodata        0x08004390        0x5 ./Src/freeRTOS/tasks.o
 *(.rodata*)
                0x08004398                        . = ALIGN (0x4)
 *fill*         0x08004395        0x3 

.ARM.extab      0x08004398        0x0
                0x08004398                        . = ALIGN (0x4)
 *(.ARM.extab* .gnu.linkonce.armextab.*)
                0x08004398                        . = ALIGN (0x4)

.ARM            0x08004398        0x0
                0x08004398                        . = ALIGN (0x4)
                0x08004398                        __exidx_start = .
 *(.ARM.exidx*)
                0x08004398                        __exidx_end = .
                0x08004398                        . = ALIGN (0x4)

.preinit_array  0x08004398        0x0
                0x08004398                        . = ALIGN (0x4)
                0x08004398                        PROVIDE (__preinit_array_start = .)
 *(.preinit_array*)
                0x08004398                        PROVIDE (__preinit_array_end = .)
                0x08004398                        . = ALIGN (0x4)

.init_array     0x08004398        0x4
                0x08004398                        . = ALIGN (0x4)
                0x08004398                        PROVIDE (__init_array_start = .)
 *(SORT_BY_NAME(.init_array.*))
 *(.init_array*)
 .init_array    0x08004398        0x4 C:/ST/STM32CubeIDE_1.13.1/STM32CubeIDE/plugins/com.st.stm32cube.ide.mcu.externaltools.gnu-tools-for-stm32.12.3.rel1.win32_1.0.100.202403111256/tools/bin/../lib/gcc/arm-none-eabi/12.3.1/thumb/v7e-m+fp/hard/crtbegin.o
                0x0800439c                        PROVIDE (__init_array_end = .)
                0x0800439c                        . = ALIGN (0x4)

.fini_array     0x0800439c        0x4
                0x0800439c                        . = ALIGN (0x4)
                [!provide]                        PROVIDE (__fini_array_start = .)
 *(SORT_BY_NAME(.fini_array.*))
 *(.fini_array*)
 .fini_array    0x0800439c        0x4 C:/ST/STM32CubeIDE_1.13.1/STM32CubeIDE/plugins/com.st.stm32cube.ide.mcu.externaltools.gnu-tools-for-stm32.12.3.rel1.win32_1.0.100.202403111256/tools/bin/../lib/gcc/arm-none-eabi/12.3.1/thumb/v7e-m+fp/hard/crtbegin.o
                [!provide]                        PROVIDE (__fini_array_end = .)
                0x080043a0                        . = ALIGN (0x4)
                0x080043a0                        _sidata = LOADADDR (.data)

.rel.dyn        0x080043a0        0x0
 .rel.iplt      0x080043a0        0x0 C:/ST/STM32CubeIDE_1.13.1/STM32CubeIDE/plugins/com.st.stm32cube.ide.mcu.externaltools.gnu-tools-for-stm32.12.3.rel1.win32_1.0.100.202403111256/tools/bin/../lib/gcc/arm-none-eabi/12.3.1/thumb/v7e-m+fp/hard/crtbegin.o

.data           0x20000000       0xc4 load address 0x080043a0
                0x20000000                        . = ALIGN (0x4)
                0x20000000                        _sdata = .
 *(.data)
 *(.data*)
 .data.Left_ENC
                0x20000000       0x18 ./Src/APP/src/Initialize_file_M4.o
                0x20000000                Left_ENC
 .data.Right_ENC
                0x20000018       0x18 ./Src/APP/src/Initialize_file_M4.o
                0x20000018                Right_ENC
 .data.Left_US  0x20000030       0x14 ./Src/APP/src/Initialize_file_M4.o
                0x20000030                Left_US
 .data.Right_US
                0x20000044       0x14 ./Src/APP/src/Initialize_file_M4.o
                0x20000044                Right_US
 .data.Front_US
                0x20000058       0x14 ./Src/APP/src/Initialize_file_M4.o
                0x20000058                Front_US
 .data.BP1      0x2000006c       0x24 ./Src/APP/src/Initialize_file_M4.o
                0x2000006c                BP1
 .data.SPI_InitStructure
                0x20000090       0x12 ./Src/APP/src/Initialize_file_M4.o
                0x20000090                SPI_InitStructure
 *fill*         0x200000a2        0x2 
 .data.GPIO_SPI_Struct
                0x200000a4        0x8 ./Src/APP/src/Initialize_file_M4.o
                0x200000a4                GPIO_SPI_Struct
 .data.GPIO_InitStruct_ChA
                0x200000ac        0x8 ./Src/HAL/src/Encoder.o
 .data.GPIO_InitStruct_ChB
                0x200000b4        0x8 ./Src/HAL/src/Encoder.o
 .data.uxTopUsedPriority
                0x200000bc        0x4 ./Src/freeRTOS/tasks.o
                0x200000bc                uxTopUsedPriority
 .data.uxCriticalNesting
                0x200000c0        0x4 ./Src/freeRTOS/portable/GCC/ARM_CM4F/port.o
 *(.RamFunc)
 *(.RamFunc*)
                0x200000c4                        . = ALIGN (0x4)
                0x200000c4                        _edata = .

.igot.plt       0x200000c4        0x0 load address 0x08004464
 .igot.plt      0x200000c4        0x0 C:/ST/STM32CubeIDE_1.13.1/STM32CubeIDE/plugins/com.st.stm32cube.ide.mcu.externaltools.gnu-tools-for-stm32.12.3.rel1.win32_1.0.100.202403111256/tools/bin/../lib/gcc/arm-none-eabi/12.3.1/thumb/v7e-m+fp/hard/crtbegin.o
                0x200000c4                        . = ALIGN (0x4)

.bss            0x200000c4     0x2180 load address 0x08004464
                0x200000c4                        _sbss = .
                0x200000c4                        __bss_start__ = _sbss
 *(.bss)
 .bss           0x200000c4       0x1c C:/ST/STM32CubeIDE_1.13.1/STM32CubeIDE/plugins/com.st.stm32cube.ide.mcu.externaltools.gnu-tools-for-stm32.12.3.rel1.win32_1.0.100.202403111256/tools/bin/../lib/gcc/arm-none-eabi/12.3.1/thumb/v7e-m+fp/hard/crtbegin.o
 *(.bss*)
 .bss.gFront_Distance
                0x200000e0        0x2 ./Src/APP/src/app.o
                0x200000e0                gFront_Distance
 .bss.gRight_Distance
                0x200000e2        0x2 ./Src/APP/src/app.o
                0x200000e2                gRight_Distance
 .bss.gLeft_Distance
                0x200000e4        0x2 ./Src/APP/src/app.o
                0x200000e4                gLeft_Distance
 .bss.Right_ENC_Speed
                0x200000e6        0x2 ./Src/APP/src/app.o
                0x200000e6                Right_ENC_Speed
 .bss.Left_ENC_Speed
                0x200000e8        0x2 ./Src/APP/src/app.o
                0x200000e8                Left_ENC_Speed
 .bss.Loc_Front_val
                0x200000ea        0x2 ./Src/APP/src/app.o
                0x200000ea                Loc_Front_val
 .bss.Loc_Right_val
                0x200000ec        0x2 ./Src/APP/src/app.o
                0x200000ec                Loc_Right_val
 .bss.Loc_Left_val
                0x200000ee        0x2 ./Src/APP/src/app.o
                0x200000ee                Loc_Left_val
 .bss.TIM_TimeBaseInitStruct
                0x200000f0        0xc ./Src/HAL/src/Encoder.o
 .bss.IC_Val1_T2
                0x200000fc        0x2 ./Src/HAL/src/ULTRASONIC.o
 .bss.IC_Val2_T2
                0x200000fe        0x2 ./Src/HAL/src/ULTRASONIC.o
 .bss.IC_Val1_T3
                0x20000100        0x2 ./Src/HAL/src/ULTRASONIC.o
 .bss.IC_Val2_T3
                0x20000102        0x2 ./Src/HAL/src/ULTRASONIC.o
 .bss.IC_Val1_T4
                0x20000104        0x2 ./Src/HAL/src/ULTRASONIC.o
 .bss.IC_Val2_T4
                0x20000106        0x2 ./Src/HAL/src/ULTRASONIC.o
 .bss.IC_Val1_T5
                0x20000108        0x2 ./Src/HAL/src/ULTRASONIC.o
 .bss.IC_Val2_T5
                0x2000010a        0x2 ./Src/HAL/src/ULTRASONIC.o
 .bss.Global_Difference
                0x2000010c        0x2 ./Src/HAL/src/ULTRASONIC.o
 *fill*         0x2000010e        0x2 
 .bss.d2        0x20000110        0x4 ./Src/HAL/src/ULTRASONIC.o
                0x20000110                d2
 .bss.d3        0x20000114        0x4 ./Src/HAL/src/ULTRASONIC.o
                0x20000114                d3
 .bss.d4        0x20000118        0x4 ./Src/HAL/src/ULTRASONIC.o
                0x20000118                d4
 .bss.d5        0x2000011c        0x4 ./Src/HAL/src/ULTRASONIC.o
                0x2000011c                d5
 .bss.IT_counter_T2
                0x20000120        0x1 ./Src/HAL/src/ULTRASONIC.o
 .bss.IT_counter_T3
                0x20000121        0x1 ./Src/HAL/src/ULTRASONIC.o
 .bss.IT_counter_T4
                0x20000122        0x1 ./Src/HAL/src/ULTRASONIC.o
 .bss.IT_counter_T5
                0x20000123        0x1 ./Src/HAL/src/ULTRASONIC.o
 .bss.pxCurrentTCB
                0x20000124        0x4 ./Src/freeRTOS/tasks.o
                0x20000124                pxCurrentTCB
 .bss.pxReadyTasksLists
                0x20000128       0x64 ./Src/freeRTOS/tasks.o
 .bss.xDelayedTaskList1
                0x2000018c       0x14 ./Src/freeRTOS/tasks.o
 .bss.xDelayedTaskList2
                0x200001a0       0x14 ./Src/freeRTOS/tasks.o
 .bss.pxDelayedTaskList
                0x200001b4        0x4 ./Src/freeRTOS/tasks.o
 .bss.pxOverflowDelayedTaskList
                0x200001b8        0x4 ./Src/freeRTOS/tasks.o
 .bss.xPendingReadyList
                0x200001bc       0x14 ./Src/freeRTOS/tasks.o
 .bss.xTasksWaitingTermination
                0x200001d0       0x14 ./Src/freeRTOS/tasks.o
 .bss.uxDeletedTasksWaitingCleanUp
                0x200001e4        0x4 ./Src/freeRTOS/tasks.o
 .bss.xSuspendedTaskList
                0x200001e8       0x14 ./Src/freeRTOS/tasks.o
 .bss.uxCurrentNumberOfTasks
                0x200001fc        0x4 ./Src/freeRTOS/tasks.o
 .bss.xTickCount
                0x20000200        0x4 ./Src/freeRTOS/tasks.o
 .bss.uxTopReadyPriority
                0x20000204        0x4 ./Src/freeRTOS/tasks.o
 .bss.xSchedulerRunning
                0x20000208        0x4 ./Src/freeRTOS/tasks.o
 .bss.xPendedTicks
                0x2000020c        0x4 ./Src/freeRTOS/tasks.o
 .bss.xYieldPending
                0x20000210        0x4 ./Src/freeRTOS/tasks.o
 .bss.xNumOfOverflows
                0x20000214        0x4 ./Src/freeRTOS/tasks.o
 .bss.uxTaskNumber
                0x20000218        0x4 ./Src/freeRTOS/tasks.o
 .bss.xNextTaskUnblockTime
                0x2000021c        0x4 ./Src/freeRTOS/tasks.o
 .bss.xIdleTaskHandle
                0x20000220        0x4 ./Src/freeRTOS/tasks.o
 .bss.uxSchedulerSuspended
                0x20000224        0x4 ./Src/freeRTOS/tasks.o
 .bss.ucHeap    0x20000228     0x2000 ./Src/freeRTOS/portable/MemMang/heap_4.o
 .bss.xStart    0x20002228        0x8 ./Src/freeRTOS/portable/MemMang/heap_4.o
 .bss.pxEnd     0x20002230        0x4 ./Src/freeRTOS/portable/MemMang/heap_4.o
 .bss.xFreeBytesRemaining
                0x20002234        0x4 ./Src/freeRTOS/portable/MemMang/heap_4.o
 .bss.xMinimumEverFreeBytesRemaining
                0x20002238        0x4 ./Src/freeRTOS/portable/MemMang/heap_4.o
 .bss.xNumberOfSuccessfulAllocations
                0x2000223c        0x4 ./Src/freeRTOS/portable/MemMang/heap_4.o
 .bss.xNumberOfSuccessfulFrees
                0x20002240        0x4 ./Src/freeRTOS/portable/MemMang/heap_4.o
 *(COMMON)
                0x20002244                        . = ALIGN (0x4)
                0x20002244                        _ebss = .
                0x20002244                        __bss_end__ = _ebss

._user_heap_stack
                0x20002244      0x604 load address 0x08004464
                0x20002248                        . = ALIGN (0x8)
 *fill*         0x20002244        0x4 
                0x20002248                        PROVIDE (end = .)
                [!provide]                        PROVIDE (_end = .)
                0x20002448                        . = (. + _Min_Heap_Size)
 *fill*         0x20002248      0x200 
                0x20002848                        . = (. + _Min_Stack_Size)
 *fill*         0x20002448      0x400 
                0x20002848                        . = ALIGN (0x8)

/DISCARD/
 libc.a(*)
 libm.a(*)
 libgcc.a(*)

.ARM.attributes
                0x00000000       0x30
 *(.ARM.attributes)
 .ARM.attributes
                0x00000000       0x22 C:/ST/STM32CubeIDE_1.13.1/STM32CubeIDE/plugins/com.st.stm32cube.ide.mcu.externaltools.gnu-tools-for-stm32.12.3.rel1.win32_1.0.100.202403111256/tools/bin/../lib/gcc/arm-none-eabi/12.3.1/thumb/v7e-m+fp/hard/crti.o
 .ARM.attributes
                0x00000022       0x34 C:/ST/STM32CubeIDE_1.13.1/STM32CubeIDE/plugins/com.st.stm32cube.ide.mcu.externaltools.gnu-tools-for-stm32.12.3.rel1.win32_1.0.100.202403111256/tools/bin/../lib/gcc/arm-none-eabi/12.3.1/thumb/v7e-m+fp/hard/crtbegin.o
 .ARM.attributes
                0x00000056       0x34 ./Src/APP/src/Initialize_file_M4.o
 .ARM.attributes
                0x0000008a       0x34 ./Src/APP/src/app.o
 .ARM.attributes
                0x000000be       0x34 ./Src/HAL/src/Encoder.o
 .ARM.attributes
                0x000000f2       0x34 ./Src/HAL/src/ULTRASONIC.o
 .ARM.attributes
                0x00000126       0x34 ./Src/MCAL/src/misc.o
 .ARM.attributes
                0x0000015a       0x34 ./Src/MCAL/src/stm32f4xx_gpio.o
 .ARM.attributes
                0x0000018e       0x34 ./Src/MCAL/src/stm32f4xx_rcc.o
 .ARM.attributes
                0x000001c2       0x34 ./Src/MCAL/src/stm32f4xx_spi.o
 .ARM.attributes
                0x000001f6       0x34 ./Src/MCAL/src/stm32f4xx_tim.o
 .ARM.attributes
                0x0000022a       0x34 ./Src/freeRTOS/list.o
 .ARM.attributes
                0x0000025e       0x34 ./Src/freeRTOS/tasks.o
 .ARM.attributes
                0x00000292       0x34 ./Src/freeRTOS/portable/GCC/ARM_CM4F/port.o
 .ARM.attributes
                0x000002c6       0x34 ./Src/freeRTOS/portable/MemMang/heap_4.o
 .ARM.attributes
                0x000002fa       0x34 ./Src/main.o
 .ARM.attributes
                0x0000032e       0x34 ./Src/stm32f4xx_it.o
 .ARM.attributes
                0x00000362       0x34 ./Src/system_stm32f4xx.o
 .ARM.attributes
                0x00000396       0x21 ./Startup/startup_stm32f401ccux.o
 .ARM.attributes
                0x000003b7       0x34 C:/ST/STM32CubeIDE_1.13.1/STM32CubeIDE/plugins/com.st.stm32cube.ide.mcu.externaltools.gnu-tools-for-stm32.12.3.rel1.win32_1.0.100.202403111256/tools/bin/../lib/gcc/arm-none-eabi/12.3.1/../../../../arm-none-eabi/lib/thumb/v7e-m+fp/hard\libc_nano.a(libc_a-memset.o)
 .ARM.attributes
                0x000003eb       0x34 C:/ST/STM32CubeIDE_1.13.1/STM32CubeIDE/plugins/com.st.stm32cube.ide.mcu.externaltools.gnu-tools-for-stm32.12.3.rel1.win32_1.0.100.202403111256/tools/bin/../lib/gcc/arm-none-eabi/12.3.1/../../../../arm-none-eabi/lib/thumb/v7e-m+fp/hard\libc_nano.a(libc_a-init.o)
 .ARM.attributes
                0x0000041f       0x22 C:/ST/STM32CubeIDE_1.13.1/STM32CubeIDE/plugins/com.st.stm32cube.ide.mcu.externaltools.gnu-tools-for-stm32.12.3.rel1.win32_1.0.100.202403111256/tools/bin/../lib/gcc/arm-none-eabi/12.3.1/thumb/v7e-m+fp/hard\libgcc.a(_arm_addsubdf3.o)
 .ARM.attributes
                0x00000441       0x22 C:/ST/STM32CubeIDE_1.13.1/STM32CubeIDE/plugins/com.st.stm32cube.ide.mcu.externaltools.gnu-tools-for-stm32.12.3.rel1.win32_1.0.100.202403111256/tools/bin/../lib/gcc/arm-none-eabi/12.3.1/thumb/v7e-m+fp/hard\libgcc.a(_arm_muldivdf3.o)
 .ARM.attributes
                0x00000463       0x22 C:/ST/STM32CubeIDE_1.13.1/STM32CubeIDE/plugins/com.st.stm32cube.ide.mcu.externaltools.gnu-tools-for-stm32.12.3.rel1.win32_1.0.100.202403111256/tools/bin/../lib/gcc/arm-none-eabi/12.3.1/thumb/v7e-m+fp/hard\libgcc.a(_arm_fixunsdfsi.o)
 .ARM.attributes
                0x00000485       0x22 C:/ST/STM32CubeIDE_1.13.1/STM32CubeIDE/plugins/com.st.stm32cube.ide.mcu.externaltools.gnu-tools-for-stm32.12.3.rel1.win32_1.0.100.202403111256/tools/bin/../lib/gcc/arm-none-eabi/12.3.1/thumb/v7e-m+fp/hard\libgcc.a(_arm_truncdfsf2.o)
 .ARM.attributes
                0x000004a7       0x22 C:/ST/STM32CubeIDE_1.13.1/STM32CubeIDE/plugins/com.st.stm32cube.ide.mcu.externaltools.gnu-tools-for-stm32.12.3.rel1.win32_1.0.100.202403111256/tools/bin/../lib/gcc/arm-none-eabi/12.3.1/thumb/v7e-m+fp/hard/crtn.o
OUTPUT(GP_M4.elf elf32-littlearm)
LOAD linker stubs
LOAD C:/ST/STM32CubeIDE_1.13.1/STM32CubeIDE/plugins/com.st.stm32cube.ide.mcu.externaltools.gnu-tools-for-stm32.12.3.rel1.win32_1.0.100.202403111256/tools/bin/../lib/gcc/arm-none-eabi/12.3.1/../../../../arm-none-eabi/lib/thumb/v7e-m+fp/hard\libc.a
LOAD C:/ST/STM32CubeIDE_1.13.1/STM32CubeIDE/plugins/com.st.stm32cube.ide.mcu.externaltools.gnu-tools-for-stm32.12.3.rel1.win32_1.0.100.202403111256/tools/bin/../lib/gcc/arm-none-eabi/12.3.1/../../../../arm-none-eabi/lib/thumb/v7e-m+fp/hard\libm.a
LOAD C:/ST/STM32CubeIDE_1.13.1/STM32CubeIDE/plugins/com.st.stm32cube.ide.mcu.externaltools.gnu-tools-for-stm32.12.3.rel1.win32_1.0.100.202403111256/tools/bin/../lib/gcc/arm-none-eabi/12.3.1/thumb/v7e-m+fp/hard\libgcc.a

.debug_info     0x00000000     0x914d
 .debug_info    0x00000000      0xb1b ./Src/APP/src/Initialize_file_M4.o
 .debug_info    0x00000b1b      0x805 ./Src/APP/src/app.o
 .debug_info    0x00001320      0x870 ./Src/HAL/src/Encoder.o
 .debug_info    0x00001b90      0xb02 ./Src/HAL/src/ULTRASONIC.o
 .debug_info    0x00002692      0x4fa ./Src/MCAL/src/misc.o
 .debug_info    0x00002b8c      0x5fb ./Src/MCAL/src/stm32f4xx_gpio.o
 .debug_info    0x00003187      0xce0 ./Src/MCAL/src/stm32f4xx_rcc.o
 .debug_info    0x00003e67      0xaef ./Src/MCAL/src/stm32f4xx_spi.o
 .debug_info    0x00004956     0x1bf5 ./Src/MCAL/src/stm32f4xx_tim.o
 .debug_info    0x0000654b      0x2af ./Src/freeRTOS/list.o
 .debug_info    0x000067fa     0x1900 ./Src/freeRTOS/tasks.o
 .debug_info    0x000080fa      0x2f7 ./Src/freeRTOS/portable/GCC/ARM_CM4F/port.o
 .debug_info    0x000083f1      0x49a ./Src/freeRTOS/portable/MemMang/heap_4.o
 .debug_info    0x0000888b      0x121 ./Src/main.o
 .debug_info    0x000089ac      0x17c ./Src/stm32f4xx_it.o
 .debug_info    0x00008b28      0x5f5 ./Src/system_stm32f4xx.o
 .debug_info    0x0000911d       0x30 ./Startup/startup_stm32f401ccux.o

.debug_abbrev   0x00000000     0x1c0f
 .debug_abbrev  0x00000000      0x1f9 ./Src/APP/src/Initialize_file_M4.o
 .debug_abbrev  0x000001f9      0x225 ./Src/APP/src/app.o
 .debug_abbrev  0x0000041e      0x1b4 ./Src/HAL/src/Encoder.o
 .debug_abbrev  0x000005d2      0x240 ./Src/HAL/src/ULTRASONIC.o
 .debug_abbrev  0x00000812      0x17f ./Src/MCAL/src/misc.o
 .debug_abbrev  0x00000991      0x1ee ./Src/MCAL/src/stm32f4xx_gpio.o
 .debug_abbrev  0x00000b7f      0x1e1 ./Src/MCAL/src/stm32f4xx_rcc.o
 .debug_abbrev  0x00000d60      0x1ab ./Src/MCAL/src/stm32f4xx_spi.o
 .debug_abbrev  0x00000f0b      0x1ce ./Src/MCAL/src/stm32f4xx_tim.o
 .debug_abbrev  0x000010d9       0xf5 ./Src/freeRTOS/list.o
 .debug_abbrev  0x000011ce      0x348 ./Src/freeRTOS/tasks.o
 .debug_abbrev  0x00001516      0x20e ./Src/freeRTOS/portable/GCC/ARM_CM4F/port.o
 .debug_abbrev  0x00001724      0x1f3 ./Src/freeRTOS/portable/MemMang/heap_4.o
 .debug_abbrev  0x00001917       0xc6 ./Src/main.o
 .debug_abbrev  0x000019dd       0xa5 ./Src/stm32f4xx_it.o
 .debug_abbrev  0x00001a82      0x169 ./Src/system_stm32f4xx.o
 .debug_abbrev  0x00001beb       0x24 ./Startup/startup_stm32f401ccux.o

.debug_aranges  0x00000000      0xab8
 .debug_aranges
                0x00000000       0x28 ./Src/APP/src/Initialize_file_M4.o
 .debug_aranges
                0x00000028       0x40 ./Src/APP/src/app.o
 .debug_aranges
                0x00000068       0x48 ./Src/HAL/src/Encoder.o
 .debug_aranges
                0x000000b0       0x58 ./Src/HAL/src/ULTRASONIC.o
 .debug_aranges
                0x00000108       0x40 ./Src/MCAL/src/misc.o
 .debug_aranges
                0x00000148       0x88 ./Src/MCAL/src/stm32f4xx_gpio.o
 .debug_aranges
                0x000001d0      0x198 ./Src/MCAL/src/stm32f4xx_rcc.o
 .debug_aranges
                0x00000368       0xe0 ./Src/MCAL/src/stm32f4xx_spi.o
 .debug_aranges
                0x00000448      0x2f8 ./Src/MCAL/src/stm32f4xx_tim.o
 .debug_aranges
                0x00000740       0x40 ./Src/freeRTOS/list.o
 .debug_aranges
                0x00000780      0x190 ./Src/freeRTOS/tasks.o
 .debug_aranges
                0x00000910       0x78 ./Src/freeRTOS/portable/GCC/ARM_CM4F/port.o
 .debug_aranges
                0x00000988       0x60 ./Src/freeRTOS/portable/MemMang/heap_4.o
 .debug_aranges
                0x000009e8       0x28 ./Src/main.o
 .debug_aranges
                0x00000a10       0x50 ./Src/stm32f4xx_it.o
 .debug_aranges
                0x00000a60       0x30 ./Src/system_stm32f4xx.o
 .debug_aranges
                0x00000a90       0x28 ./Startup/startup_stm32f401ccux.o

.debug_rnglists
                0x00000000      0x7f5
 .debug_rnglists
                0x00000000       0x1a ./Src/APP/src/Initialize_file_M4.o
 .debug_rnglists
                0x0000001a       0x2d ./Src/APP/src/app.o
 .debug_rnglists
                0x00000047       0x35 ./Src/HAL/src/Encoder.o
 .debug_rnglists
                0x0000007c       0x43 ./Src/HAL/src/ULTRASONIC.o
 .debug_rnglists
                0x000000bf       0x2c ./Src/MCAL/src/misc.o
 .debug_rnglists
                0x000000eb       0x64 ./Src/MCAL/src/stm32f4xx_gpio.o
 .debug_rnglists
                0x0000014f      0x12e ./Src/MCAL/src/stm32f4xx_rcc.o
 .debug_rnglists
                0x0000027d       0xa7 ./Src/MCAL/src/stm32f4xx_spi.o
 .debug_rnglists
                0x00000324      0x243 ./Src/MCAL/src/stm32f4xx_tim.o
 .debug_rnglists
                0x00000567       0x2b ./Src/freeRTOS/list.o
 .debug_rnglists
                0x00000592      0x13d ./Src/freeRTOS/tasks.o
 .debug_rnglists
                0x000006cf       0x55 ./Src/freeRTOS/portable/GCC/ARM_CM4F/port.o
 .debug_rnglists
                0x00000724       0x47 ./Src/freeRTOS/portable/MemMang/heap_4.o
 .debug_rnglists
                0x0000076b       0x19 ./Src/main.o
 .debug_rnglists
                0x00000784       0x37 ./Src/stm32f4xx_it.o
 .debug_rnglists
                0x000007bb       0x21 ./Src/system_stm32f4xx.o
 .debug_rnglists
                0x000007dc       0x19 ./Startup/startup_stm32f401ccux.o

.debug_macro    0x00000000    0x10aa6
 .debug_macro   0x00000000      0x194 ./Src/APP/src/Initialize_file_M4.o
 .debug_macro   0x00000194      0xaba ./Src/APP/src/Initialize_file_M4.o
 .debug_macro   0x00000c4e       0x71 ./Src/APP/src/Initialize_file_M4.o
 .debug_macro   0x00000cbf       0x3b ./Src/APP/src/Initialize_file_M4.o
 .debug_macro   0x00000cfa       0x22 ./Src/APP/src/Initialize_file_M4.o
 .debug_macro   0x00000d1c       0x8e ./Src/APP/src/Initialize_file_M4.o
 .debug_macro   0x00000daa       0x51 ./Src/APP/src/Initialize_file_M4.o
 .debug_macro   0x00000dfb      0x103 ./Src/APP/src/Initialize_file_M4.o
 .debug_macro   0x00000efe       0x6a ./Src/APP/src/Initialize_file_M4.o
 .debug_macro   0x00000f68      0x1df ./Src/APP/src/Initialize_file_M4.o
 .debug_macro   0x00001147       0x34 ./Src/APP/src/Initialize_file_M4.o
 .debug_macro   0x0000117b       0x26 ./Src/APP/src/Initialize_file_M4.o
 .debug_macro   0x000011a1      0xe43 ./Src/APP/src/Initialize_file_M4.o
 .debug_macro   0x00001fe4     0x7ff5 ./Src/APP/src/Initialize_file_M4.o
 .debug_macro   0x00009fd9      0x44e ./Src/APP/src/Initialize_file_M4.o
 .debug_macro   0x0000a427       0xb2 ./Src/APP/src/Initialize_file_M4.o
 .debug_macro   0x0000a4d9      0x477 ./Src/APP/src/Initialize_file_M4.o
 .debug_macro   0x0000a950       0xb2 ./Src/APP/src/Initialize_file_M4.o
 .debug_macro   0x0000aa02      0x418 ./Src/APP/src/Initialize_file_M4.o
 .debug_macro   0x0000ae1a      0x2f4 ./Src/APP/src/Initialize_file_M4.o
 .debug_macro   0x0000b10e      0x2ba ./Src/APP/src/Initialize_file_M4.o
 .debug_macro   0x0000b3c8       0x64 ./Src/APP/src/Initialize_file_M4.o
 .debug_macro   0x0000b42c       0xeb ./Src/APP/src/Initialize_file_M4.o
 .debug_macro   0x0000b517      0x646 ./Src/APP/src/Initialize_file_M4.o
 .debug_macro   0x0000bb5d      0x59c ./Src/APP/src/Initialize_file_M4.o
 .debug_macro   0x0000c0f9      0x341 ./Src/APP/src/Initialize_file_M4.o
 .debug_macro   0x0000c43a      0x36c ./Src/APP/src/Initialize_file_M4.o
 .debug_macro   0x0000c7a6      0x10d ./Src/APP/src/Initialize_file_M4.o
 .debug_macro   0x0000c8b3      0x73b ./Src/APP/src/Initialize_file_M4.o
 .debug_macro   0x0000cfee      0x220 ./Src/APP/src/Initialize_file_M4.o
 .debug_macro   0x0000d20e       0x34 ./Src/APP/src/Initialize_file_M4.o
 .debug_macro   0x0000d242       0x7f ./Src/APP/src/Initialize_file_M4.o
 .debug_macro   0x0000d2c1       0x35 ./Src/APP/src/Initialize_file_M4.o
 .debug_macro   0x0000d2f6       0x3a ./Src/APP/src/Initialize_file_M4.o
 .debug_macro   0x0000d330       0x2e ./Src/APP/src/Initialize_file_M4.o
 .debug_macro   0x0000d35e      0x24d ./Src/APP/src/app.o
 .debug_macro   0x0000d5ab      0x189 ./Src/APP/src/app.o
 .debug_macro   0x0000d734       0xb2 ./Src/APP/src/app.o
 .debug_macro   0x0000d7e6      0x15a ./Src/APP/src/app.o
 .debug_macro   0x0000d940       0xe3 ./Src/APP/src/app.o
 .debug_macro   0x0000da23       0x28 ./Src/APP/src/app.o
 .debug_macro   0x0000da4b       0x1f ./Src/APP/src/app.o
 .debug_macro   0x0000da6a       0x12 ./Src/APP/src/app.o
 .debug_macro   0x0000da7c      0x588 ./Src/APP/src/app.o
 .debug_macro   0x0000e004       0xc3 ./Src/APP/src/app.o
 .debug_macro   0x0000e0c7      0x120 ./Src/APP/src/app.o
 .debug_macro   0x0000e1e7       0x80 ./Src/APP/src/app.o
 .debug_macro   0x0000e267       0x5b ./Src/APP/src/app.o
 .debug_macro   0x0000e2c2       0x97 ./Src/APP/src/app.o
 .debug_macro   0x0000e359       0x19 ./Src/APP/src/app.o
 .debug_macro   0x0000e372       0x3a ./Src/APP/src/app.o
 .debug_macro   0x0000e3ac      0x187 ./Src/HAL/src/Encoder.o
 .debug_macro   0x0000e533       0x34 ./Src/HAL/src/Encoder.o
 .debug_macro   0x0000e567      0x18a ./Src/HAL/src/ULTRASONIC.o
 .debug_macro   0x0000e6f1      0x2ee ./Src/HAL/src/ULTRASONIC.o
 .debug_macro   0x0000e9df      0x188 ./Src/MCAL/src/misc.o
 .debug_macro   0x0000eb67       0x79 ./Src/MCAL/src/misc.o
 .debug_macro   0x0000ebe0      0x182 ./Src/MCAL/src/stm32f4xx_gpio.o
 .debug_macro   0x0000ed62      0x253 ./Src/MCAL/src/stm32f4xx_rcc.o
 .debug_macro   0x0000efb5      0x1ad ./Src/MCAL/src/stm32f4xx_spi.o
 .debug_macro   0x0000f162      0x366 ./Src/MCAL/src/stm32f4xx_spi.o
 .debug_macro   0x0000f4c8      0x1ac ./Src/MCAL/src/stm32f4xx_tim.o
 .debug_macro   0x0000f674      0x735 ./Src/MCAL/src/stm32f4xx_tim.o
 .debug_macro   0x0000fda9      0x198 ./Src/freeRTOS/list.o
 .debug_macro   0x0000ff41      0x27e ./Src/freeRTOS/tasks.o
 .debug_macro   0x000101bf       0x17 ./Src/freeRTOS/tasks.o
 .debug_macro   0x000101d6      0x1a7 ./Src/freeRTOS/portable/GCC/ARM_CM4F/port.o
 .debug_macro   0x0001037d      0x219 ./Src/freeRTOS/portable/MemMang/heap_4.o
 .debug_macro   0x00010596      0x1f2 ./Src/main.o
 .debug_macro   0x00010788      0x182 ./Src/stm32f4xx_it.o
 .debug_macro   0x0001090a      0x19c ./Src/system_stm32f4xx.o

.debug_line     0x00000000     0xab21
 .debug_line    0x00000000      0x914 ./Src/APP/src/Initialize_file_M4.o
 .debug_line    0x00000914      0x967 ./Src/APP/src/app.o
 .debug_line    0x0000127b      0x828 ./Src/HAL/src/Encoder.o
 .debug_line    0x00001aa3      0xb92 ./Src/HAL/src/ULTRASONIC.o
 .debug_line    0x00002635      0x73d ./Src/MCAL/src/misc.o
 .debug_line    0x00002d72      0x95a ./Src/MCAL/src/stm32f4xx_gpio.o
 .debug_line    0x000036cc      0xe8d ./Src/MCAL/src/stm32f4xx_rcc.o
 .debug_line    0x00004559      0xbc3 ./Src/MCAL/src/stm32f4xx_spi.o
 .debug_line    0x0000511c     0x1608 ./Src/MCAL/src/stm32f4xx_tim.o
 .debug_line    0x00006724      0x77b ./Src/freeRTOS/list.o
 .debug_line    0x00006e9f     0x14f8 ./Src/freeRTOS/tasks.o
 .debug_line    0x00008397      0x720 ./Src/freeRTOS/portable/GCC/ARM_CM4F/port.o
 .debug_line    0x00008ab7      0x99e ./Src/freeRTOS/portable/MemMang/heap_4.o
 .debug_line    0x00009455      0x796 ./Src/main.o
 .debug_line    0x00009beb      0x6e4 ./Src/stm32f4xx_it.o
 .debug_line    0x0000a2cf      0x7d7 ./Src/system_stm32f4xx.o
 .debug_line    0x0000aaa6       0x7b ./Startup/startup_stm32f401ccux.o

.debug_str      0x00000000    0x61c5d
 .debug_str     0x00000000    0x53c94 ./Src/APP/src/Initialize_file_M4.o
                              0x53ea9 (size before relaxing)
 .debug_str     0x00053c94     0x6aa6 ./Src/APP/src/app.o
                              0x5a2c6 (size before relaxing)
 .debug_str     0x0005a73a      0x223 ./Src/HAL/src/Encoder.o
                              0x539f2 (size before relaxing)
 .debug_str     0x0005a95d      0x266 ./Src/HAL/src/ULTRASONIC.o
                              0x53e69 (size before relaxing)
 .debug_str     0x0005abc3      0x1b5 ./Src/MCAL/src/misc.o
                              0x53632 (size before relaxing)
 .debug_str     0x0005ad78      0x127 ./Src/MCAL/src/stm32f4xx_gpio.o
                              0x536fa (size before relaxing)
 .debug_str     0x0005ae9f      0xc2d ./Src/MCAL/src/stm32f4xx_rcc.o
                              0x54131 (size before relaxing)
 .debug_str     0x0005bacc      0x2fb ./Src/MCAL/src/stm32f4xx_spi.o
                              0x539f1 (size before relaxing)
 .debug_str     0x0005bdc7      0x996 ./Src/MCAL/src/stm32f4xx_tim.o
                              0x540ff (size before relaxing)
 .debug_str     0x0005c75d     0x333c ./Src/freeRTOS/list.o
                               0xb00f (size before relaxing)
 .debug_str     0x0005fa99     0x12c2 ./Src/freeRTOS/tasks.o
                               0xdd74 (size before relaxing)
 .debug_str     0x00060d5b      0x722 ./Src/freeRTOS/portable/GCC/ARM_CM4F/port.o
                               0x9768 (size before relaxing)
 .debug_str     0x0006147d      0x5d9 ./Src/freeRTOS/portable/MemMang/heap_4.o
                               0xc81a (size before relaxing)
 .debug_str     0x00061a56       0x36 ./Src/main.o
                              0x58732 (size before relaxing)
 .debug_str     0x00061a8c       0xbb ./Src/stm32f4xx_it.o
                              0x5345a (size before relaxing)
 .debug_str     0x00061b47       0xd7 ./Src/system_stm32f4xx.o
                              0x53645 (size before relaxing)
 .debug_str     0x00061c1e       0x3f ./Startup/startup_stm32f401ccux.o
                                 0x66 (size before relaxing)

.comment        0x00000000       0x43
 .comment       0x00000000       0x43 ./Src/APP/src/Initialize_file_M4.o
                                 0x44 (size before relaxing)
 .comment       0x00000043       0x44 ./Src/APP/src/app.o
 .comment       0x00000043       0x44 ./Src/HAL/src/Encoder.o
 .comment       0x00000043       0x44 ./Src/HAL/src/ULTRASONIC.o
 .comment       0x00000043       0x44 ./Src/MCAL/src/misc.o
 .comment       0x00000043       0x44 ./Src/MCAL/src/stm32f4xx_gpio.o
 .comment       0x00000043       0x44 ./Src/MCAL/src/stm32f4xx_rcc.o
 .comment       0x00000043       0x44 ./Src/MCAL/src/stm32f4xx_spi.o
 .comment       0x00000043       0x44 ./Src/MCAL/src/stm32f4xx_tim.o
 .comment       0x00000043       0x44 ./Src/freeRTOS/list.o
 .comment       0x00000043       0x44 ./Src/freeRTOS/tasks.o
 .comment       0x00000043       0x44 ./Src/freeRTOS/portable/GCC/ARM_CM4F/port.o
 .comment       0x00000043       0x44 ./Src/freeRTOS/portable/MemMang/heap_4.o
 .comment       0x00000043       0x44 ./Src/main.o
 .comment       0x00000043       0x44 ./Src/stm32f4xx_it.o
 .comment       0x00000043       0x44 ./Src/system_stm32f4xx.o

.debug_frame    0x00000000     0x2d78
 .debug_frame   0x00000000       0x54 ./Src/APP/src/Initialize_file_M4.o
 .debug_frame   0x00000054       0xbc ./Src/APP/src/app.o
 .debug_frame   0x00000110       0xe8 ./Src/HAL/src/Encoder.o
 .debug_frame   0x000001f8      0x118 ./Src/HAL/src/ULTRASONIC.o
 .debug_frame   0x00000310       0xd8 ./Src/MCAL/src/misc.o
 .debug_frame   0x000003e8      0x23c ./Src/MCAL/src/stm32f4xx_gpio.o
 .debug_frame   0x00000624      0x774 ./Src/MCAL/src/stm32f4xx_rcc.o
 .debug_frame   0x00000d98      0x3f4 ./Src/MCAL/src/stm32f4xx_spi.o
 .debug_frame   0x0000118c      0xe54 ./Src/MCAL/src/stm32f4xx_tim.o
 .debug_frame   0x00001fe0       0xd8 ./Src/freeRTOS/list.o
 .debug_frame   0x000020b8      0x6d0 ./Src/freeRTOS/tasks.o
 .debug_frame   0x00002788      0x170 ./Src/freeRTOS/portable/GCC/ARM_CM4F/port.o
 .debug_frame   0x000028f8      0x150 ./Src/freeRTOS/portable/MemMang/heap_4.o
 .debug_frame   0x00002a48       0x54 ./Src/main.o
 .debug_frame   0x00002a9c       0xd0 ./Src/stm32f4xx_it.o
 .debug_frame   0x00002b6c       0x7c ./Src/system_stm32f4xx.o
 .debug_frame   0x00002be8       0x20 C:/ST/STM32CubeIDE_1.13.1/STM32CubeIDE/plugins/com.st.stm32cube.ide.mcu.externaltools.gnu-tools-for-stm32.12.3.rel1.win32_1.0.100.202403111256/tools/bin/../lib/gcc/arm-none-eabi/12.3.1/../../../../arm-none-eabi/lib/thumb/v7e-m+fp/hard\libc_nano.a(libc_a-memset.o)
 .debug_frame   0x00002c08       0x2c C:/ST/STM32CubeIDE_1.13.1/STM32CubeIDE/plugins/com.st.stm32cube.ide.mcu.externaltools.gnu-tools-for-stm32.12.3.rel1.win32_1.0.100.202403111256/tools/bin/../lib/gcc/arm-none-eabi/12.3.1/../../../../arm-none-eabi/lib/thumb/v7e-m+fp/hard\libc_nano.a(libc_a-init.o)
 .debug_frame   0x00002c34       0xac C:/ST/STM32CubeIDE_1.13.1/STM32CubeIDE/plugins/com.st.stm32cube.ide.mcu.externaltools.gnu-tools-for-stm32.12.3.rel1.win32_1.0.100.202403111256/tools/bin/../lib/gcc/arm-none-eabi/12.3.1/thumb/v7e-m+fp/hard\libgcc.a(_arm_addsubdf3.o)
 .debug_frame   0x00002ce0       0x50 C:/ST/STM32CubeIDE_1.13.1/STM32CubeIDE/plugins/com.st.stm32cube.ide.mcu.externaltools.gnu-tools-for-stm32.12.3.rel1.win32_1.0.100.202403111256/tools/bin/../lib/gcc/arm-none-eabi/12.3.1/thumb/v7e-m+fp/hard\libgcc.a(_arm_muldivdf3.o)
 .debug_frame   0x00002d30       0x24 C:/ST/STM32CubeIDE_1.13.1/STM32CubeIDE/plugins/com.st.stm32cube.ide.mcu.externaltools.gnu-tools-for-stm32.12.3.rel1.win32_1.0.100.202403111256/tools/bin/../lib/gcc/arm-none-eabi/12.3.1/thumb/v7e-m+fp/hard\libgcc.a(_arm_fixunsdfsi.o)
 .debug_frame   0x00002d54       0x24 C:/ST/STM32CubeIDE_1.13.1/STM32CubeIDE/plugins/com.st.stm32cube.ide.mcu.externaltools.gnu-tools-for-stm32.12.3.rel1.win32_1.0.100.202403111256/tools/bin/../lib/gcc/arm-none-eabi/12.3.1/thumb/v7e-m+fp/hard\libgcc.a(_arm_truncdfsf2.o)

.debug_line_str
                0x00000000       0x4a
 .debug_line_str
                0x00000000       0x4a ./Startup/startup_stm32f401ccux.o
